[0.013s] Invoking command in '/home/arafa/Desktop/Autonomous/MMS/Test/3rfa/2.2nd_week_task/task_ws/build/roboy_info_system_msg': CMAKE_PREFIX_PATH=${CMAKE_PREFIX_PATH}:/opt/ros/humble /usr/bin/cmake --build /home/arafa/Desktop/Autonomous/MMS/Test/3rfa/2.2nd_week_task/task_ws/build/roboy_info_system_msg -- -j12 -l12
[0.069s] [  3%] Built target roboy_info_system_msg__cpp
[0.070s] [ 12%] Built target roboy_info_system_msg__rosidl_generator_c
[0.081s] [ 12%] Built target ament_cmake_python_copy_roboy_info_system_msg
[0.096s] [ 22%] Built target roboy_info_system_msg__rosidl_typesupport_c
[0.097s] [ 41%] Built target roboy_info_system_msg__rosidl_typesupport_cpp
[0.098s] [ 41%] Built target roboy_info_system_msg__rosidl_typesupport_introspection_cpp
[0.099s] [ 61%] Built target roboy_info_system_msg__rosidl_typesupport_introspection_c
[0.100s] [ 61%] Built target roboy_info_system_msg__rosidl_typesupport_fastrtps_cpp
[0.101s] [ 70%] Built target roboy_info_system_msg__rosidl_typesupport_fastrtps_c
[0.124s] [ 70%] Built target roboy_info_system_msg
[0.151s] [ 74%] Built target roboy_info_system_msg__py
[0.177s] [ 80%] Built target roboy_info_system_msg__rosidl_generator_py
[0.202s] [100%] Built target roboy_info_system_msg__rosidl_typesupport_c__pyext
[0.202s] [100%] Built target roboy_info_system_msg__rosidl_typesupport_fastrtps_c__pyext
[0.202s] [100%] Built target roboy_info_system_msg__rosidl_typesupport_introspection_c__pyext
[0.408s] running egg_info
[0.409s] writing roboy_info_system_msg.egg-info/PKG-INFO
[0.410s] writing dependency_links to roboy_info_system_msg.egg-info/dependency_links.txt
[0.410s] writing top-level names to roboy_info_system_msg.egg-info/top_level.txt
[0.413s] reading manifest file 'roboy_info_system_msg.egg-info/SOURCES.txt'
[0.413s] writing manifest file 'roboy_info_system_msg.egg-info/SOURCES.txt'
[0.446s] [100%] Built target ament_cmake_python_build_roboy_info_system_msg_egg
[0.458s] Invoked command in '/home/arafa/Desktop/Autonomous/MMS/Test/3rfa/2.2nd_week_task/task_ws/build/roboy_info_system_msg' returned '0': CMAKE_PREFIX_PATH=${CMAKE_PREFIX_PATH}:/opt/ros/humble /usr/bin/cmake --build /home/arafa/Desktop/Autonomous/MMS/Test/3rfa/2.2nd_week_task/task_ws/build/roboy_info_system_msg -- -j12 -l12
[0.469s] Invoking command in '/home/arafa/Desktop/Autonomous/MMS/Test/3rfa/2.2nd_week_task/task_ws/build/roboy_info_system_msg': CMAKE_PREFIX_PATH=${CMAKE_PREFIX_PATH}:/opt/ros/humble /usr/bin/cmake --install /home/arafa/Desktop/Autonomous/MMS/Test/3rfa/2.2nd_week_task/task_ws/build/roboy_info_system_msg
[0.478s] -- Install configuration: ""
[0.478s] -- Up-to-date: /home/arafa/Desktop/Autonomous/MMS/Test/3rfa/2.2nd_week_task/task_ws/install/roboy_info_system_msg/share/ament_index/resource_index/rosidl_interfaces/roboy_info_system_msg
[0.478s] -- Up-to-date: /home/arafa/Desktop/Autonomous/MMS/Test/3rfa/2.2nd_week_task/task_ws/install/roboy_info_system_msg/include/roboy_info_system_msg/roboy_info_system_msg
[0.479s] -- Up-to-date: /home/arafa/Desktop/Autonomous/MMS/Test/3rfa/2.2nd_week_task/task_ws/install/roboy_info_system_msg/include/roboy_info_system_msg/roboy_info_system_msg/msg
[0.479s] -- Up-to-date: /home/arafa/Desktop/Autonomous/MMS/Test/3rfa/2.2nd_week_task/task_ws/install/roboy_info_system_msg/include/roboy_info_system_msg/roboy_info_system_msg/msg/robot_alert.h
[0.479s] -- Up-to-date: /home/arafa/Desktop/Autonomous/MMS/Test/3rfa/2.2nd_week_task/task_ws/install/roboy_info_system_msg/include/roboy_info_system_msg/roboy_info_system_msg/msg/detail
[0.479s] -- Up-to-date: /home/arafa/Desktop/Autonomous/MMS/Test/3rfa/2.2nd_week_task/task_ws/install/roboy_info_system_msg/include/roboy_info_system_msg/roboy_info_system_msg/msg/detail/robot_alert__struct.h
[0.479s] -- Up-to-date: /home/arafa/Desktop/Autonomous/MMS/Test/3rfa/2.2nd_week_task/task_ws/install/roboy_info_system_msg/include/roboy_info_system_msg/roboy_info_system_msg/msg/detail/robot_alert__functions.c
[0.479s] -- Up-to-date: /home/arafa/Desktop/Autonomous/MMS/Test/3rfa/2.2nd_week_task/task_ws/install/roboy_info_system_msg/include/roboy_info_system_msg/roboy_info_system_msg/msg/detail/robot_alert__functions.h
[0.479s] -- Up-to-date: /home/arafa/Desktop/Autonomous/MMS/Test/3rfa/2.2nd_week_task/task_ws/install/roboy_info_system_msg/include/roboy_info_system_msg/roboy_info_system_msg/msg/detail/robot_alert__type_support.h
[0.479s] -- Up-to-date: /home/arafa/Desktop/Autonomous/MMS/Test/3rfa/2.2nd_week_task/task_ws/install/roboy_info_system_msg/include/roboy_info_system_msg/roboy_info_system_msg/msg/rosidl_generator_c__visibility_control.h
[0.479s] -- Up-to-date: /home/arafa/Desktop/Autonomous/MMS/Test/3rfa/2.2nd_week_task/task_ws/install/roboy_info_system_msg/share/roboy_info_system_msg/environment/library_path.sh
[0.479s] -- Up-to-date: /home/arafa/Desktop/Autonomous/MMS/Test/3rfa/2.2nd_week_task/task_ws/install/roboy_info_system_msg/share/roboy_info_system_msg/environment/library_path.dsv
[0.479s] -- Up-to-date: /home/arafa/Desktop/Autonomous/MMS/Test/3rfa/2.2nd_week_task/task_ws/install/roboy_info_system_msg/lib/libroboy_info_system_msg__rosidl_generator_c.so
[0.480s] -- Up-to-date: /home/arafa/Desktop/Autonomous/MMS/Test/3rfa/2.2nd_week_task/task_ws/install/roboy_info_system_msg/include/roboy_info_system_msg/roboy_info_system_msg
[0.480s] -- Up-to-date: /home/arafa/Desktop/Autonomous/MMS/Test/3rfa/2.2nd_week_task/task_ws/install/roboy_info_system_msg/include/roboy_info_system_msg/roboy_info_system_msg/msg
[0.480s] -- Up-to-date: /home/arafa/Desktop/Autonomous/MMS/Test/3rfa/2.2nd_week_task/task_ws/install/roboy_info_system_msg/include/roboy_info_system_msg/roboy_info_system_msg/msg/rosidl_typesupport_fastrtps_c__visibility_control.h
[0.480s] -- Up-to-date: /home/arafa/Desktop/Autonomous/MMS/Test/3rfa/2.2nd_week_task/task_ws/install/roboy_info_system_msg/include/roboy_info_system_msg/roboy_info_system_msg/msg/detail
[0.480s] -- Up-to-date: /home/arafa/Desktop/Autonomous/MMS/Test/3rfa/2.2nd_week_task/task_ws/install/roboy_info_system_msg/include/roboy_info_system_msg/roboy_info_system_msg/msg/detail/robot_alert__rosidl_typesupport_fastrtps_c.h
[0.480s] -- Up-to-date: /home/arafa/Desktop/Autonomous/MMS/Test/3rfa/2.2nd_week_task/task_ws/install/roboy_info_system_msg/lib/libroboy_info_system_msg__rosidl_typesupport_fastrtps_c.so
[0.480s] -- Up-to-date: /home/arafa/Desktop/Autonomous/MMS/Test/3rfa/2.2nd_week_task/task_ws/install/roboy_info_system_msg/include/roboy_info_system_msg/roboy_info_system_msg
[0.480s] -- Up-to-date: /home/arafa/Desktop/Autonomous/MMS/Test/3rfa/2.2nd_week_task/task_ws/install/roboy_info_system_msg/include/roboy_info_system_msg/roboy_info_system_msg/msg
[0.480s] -- Up-to-date: /home/arafa/Desktop/Autonomous/MMS/Test/3rfa/2.2nd_week_task/task_ws/install/roboy_info_system_msg/include/roboy_info_system_msg/roboy_info_system_msg/msg/rosidl_typesupport_introspection_c__visibility_control.h
[0.480s] -- Up-to-date: /home/arafa/Desktop/Autonomous/MMS/Test/3rfa/2.2nd_week_task/task_ws/install/roboy_info_system_msg/include/roboy_info_system_msg/roboy_info_system_msg/msg/detail
[0.481s] -- Up-to-date: /home/arafa/Desktop/Autonomous/MMS/Test/3rfa/2.2nd_week_task/task_ws/install/roboy_info_system_msg/include/roboy_info_system_msg/roboy_info_system_msg/msg/detail/robot_alert__type_support.c
[0.481s] -- Up-to-date: /home/arafa/Desktop/Autonomous/MMS/Test/3rfa/2.2nd_week_task/task_ws/install/roboy_info_system_msg/include/roboy_info_system_msg/roboy_info_system_msg/msg/detail/robot_alert__rosidl_typesupport_introspection_c.h
[0.481s] -- Up-to-date: /home/arafa/Desktop/Autonomous/MMS/Test/3rfa/2.2nd_week_task/task_ws/install/roboy_info_system_msg/lib/libroboy_info_system_msg__rosidl_typesupport_introspection_c.so
[0.481s] -- Up-to-date: /home/arafa/Desktop/Autonomous/MMS/Test/3rfa/2.2nd_week_task/task_ws/install/roboy_info_system_msg/lib/libroboy_info_system_msg__rosidl_typesupport_c.so
[0.481s] -- Up-to-date: /home/arafa/Desktop/Autonomous/MMS/Test/3rfa/2.2nd_week_task/task_ws/install/roboy_info_system_msg/include/roboy_info_system_msg/roboy_info_system_msg
[0.481s] -- Up-to-date: /home/arafa/Desktop/Autonomous/MMS/Test/3rfa/2.2nd_week_task/task_ws/install/roboy_info_system_msg/include/roboy_info_system_msg/roboy_info_system_msg/msg
[0.481s] -- Up-to-date: /home/arafa/Desktop/Autonomous/MMS/Test/3rfa/2.2nd_week_task/task_ws/install/roboy_info_system_msg/include/roboy_info_system_msg/roboy_info_system_msg/msg/rosidl_generator_cpp__visibility_control.hpp
[0.481s] -- Up-to-date: /home/arafa/Desktop/Autonomous/MMS/Test/3rfa/2.2nd_week_task/task_ws/install/roboy_info_system_msg/include/roboy_info_system_msg/roboy_info_system_msg/msg/robot_alert.hpp
[0.482s] -- Up-to-date: /home/arafa/Desktop/Autonomous/MMS/Test/3rfa/2.2nd_week_task/task_ws/install/roboy_info_system_msg/include/roboy_info_system_msg/roboy_info_system_msg/msg/detail
[0.482s] -- Up-to-date: /home/arafa/Desktop/Autonomous/MMS/Test/3rfa/2.2nd_week_task/task_ws/install/roboy_info_system_msg/include/roboy_info_system_msg/roboy_info_system_msg/msg/detail/robot_alert__struct.hpp
[0.482s] -- Up-to-date: /home/arafa/Desktop/Autonomous/MMS/Test/3rfa/2.2nd_week_task/task_ws/install/roboy_info_system_msg/include/roboy_info_system_msg/roboy_info_system_msg/msg/detail/robot_alert__type_support.hpp
[0.482s] -- Up-to-date: /home/arafa/Desktop/Autonomous/MMS/Test/3rfa/2.2nd_week_task/task_ws/install/roboy_info_system_msg/include/roboy_info_system_msg/roboy_info_system_msg/msg/detail/robot_alert__builder.hpp
[0.482s] -- Up-to-date: /home/arafa/Desktop/Autonomous/MMS/Test/3rfa/2.2nd_week_task/task_ws/install/roboy_info_system_msg/include/roboy_info_system_msg/roboy_info_system_msg/msg/detail/robot_alert__traits.hpp
[0.482s] -- Up-to-date: /home/arafa/Desktop/Autonomous/MMS/Test/3rfa/2.2nd_week_task/task_ws/install/roboy_info_system_msg/include/roboy_info_system_msg/roboy_info_system_msg
[0.483s] -- Up-to-date: /home/arafa/Desktop/Autonomous/MMS/Test/3rfa/2.2nd_week_task/task_ws/install/roboy_info_system_msg/include/roboy_info_system_msg/roboy_info_system_msg/msg
[0.483s] -- Up-to-date: /home/arafa/Desktop/Autonomous/MMS/Test/3rfa/2.2nd_week_task/task_ws/install/roboy_info_system_msg/include/roboy_info_system_msg/roboy_info_system_msg/msg/detail
[0.483s] -- Up-to-date: /home/arafa/Desktop/Autonomous/MMS/Test/3rfa/2.2nd_week_task/task_ws/install/roboy_info_system_msg/include/roboy_info_system_msg/roboy_info_system_msg/msg/detail/robot_alert__rosidl_typesupport_fastrtps_cpp.hpp
[0.483s] -- Up-to-date: /home/arafa/Desktop/Autonomous/MMS/Test/3rfa/2.2nd_week_task/task_ws/install/roboy_info_system_msg/include/roboy_info_system_msg/roboy_info_system_msg/msg/detail/dds_fastrtps
[0.483s] -- Up-to-date: /home/arafa/Desktop/Autonomous/MMS/Test/3rfa/2.2nd_week_task/task_ws/install/roboy_info_system_msg/include/roboy_info_system_msg/roboy_info_system_msg/msg/rosidl_typesupport_fastrtps_cpp__visibility_control.h
[0.483s] -- Up-to-date: /home/arafa/Desktop/Autonomous/MMS/Test/3rfa/2.2nd_week_task/task_ws/install/roboy_info_system_msg/lib/libroboy_info_system_msg__rosidl_typesupport_fastrtps_cpp.so
[0.483s] -- Up-to-date: /home/arafa/Desktop/Autonomous/MMS/Test/3rfa/2.2nd_week_task/task_ws/install/roboy_info_system_msg/include/roboy_info_system_msg/roboy_info_system_msg
[0.484s] -- Up-to-date: /home/arafa/Desktop/Autonomous/MMS/Test/3rfa/2.2nd_week_task/task_ws/install/roboy_info_system_msg/include/roboy_info_system_msg/roboy_info_system_msg/msg
[0.484s] -- Up-to-date: /home/arafa/Desktop/Autonomous/MMS/Test/3rfa/2.2nd_week_task/task_ws/install/roboy_info_system_msg/include/roboy_info_system_msg/roboy_info_system_msg/msg/detail
[0.484s] -- Up-to-date: /home/arafa/Desktop/Autonomous/MMS/Test/3rfa/2.2nd_week_task/task_ws/install/roboy_info_system_msg/include/roboy_info_system_msg/roboy_info_system_msg/msg/detail/robot_alert__rosidl_typesupport_introspection_cpp.hpp
[0.484s] -- Up-to-date: /home/arafa/Desktop/Autonomous/MMS/Test/3rfa/2.2nd_week_task/task_ws/install/roboy_info_system_msg/include/roboy_info_system_msg/roboy_info_system_msg/msg/detail/robot_alert__type_support.cpp
[0.484s] -- Up-to-date: /home/arafa/Desktop/Autonomous/MMS/Test/3rfa/2.2nd_week_task/task_ws/install/roboy_info_system_msg/lib/libroboy_info_system_msg__rosidl_typesupport_introspection_cpp.so
[0.484s] -- Up-to-date: /home/arafa/Desktop/Autonomous/MMS/Test/3rfa/2.2nd_week_task/task_ws/install/roboy_info_system_msg/lib/libroboy_info_system_msg__rosidl_typesupport_cpp.so
[0.484s] -- Up-to-date: /home/arafa/Desktop/Autonomous/MMS/Test/3rfa/2.2nd_week_task/task_ws/install/roboy_info_system_msg/share/roboy_info_system_msg/environment/pythonpath.sh
[0.484s] -- Up-to-date: /home/arafa/Desktop/Autonomous/MMS/Test/3rfa/2.2nd_week_task/task_ws/install/roboy_info_system_msg/share/roboy_info_system_msg/environment/pythonpath.dsv
[0.484s] -- Up-to-date: /home/arafa/Desktop/Autonomous/MMS/Test/3rfa/2.2nd_week_task/task_ws/install/roboy_info_system_msg/local/lib/python3.10/dist-packages/roboy_info_system_msg-0.0.0-py3.10.egg-info
[0.484s] -- Installing: /home/arafa/Desktop/Autonomous/MMS/Test/3rfa/2.2nd_week_task/task_ws/install/roboy_info_system_msg/local/lib/python3.10/dist-packages/roboy_info_system_msg-0.0.0-py3.10.egg-info/SOURCES.txt
[0.484s] -- Installing: /home/arafa/Desktop/Autonomous/MMS/Test/3rfa/2.2nd_week_task/task_ws/install/roboy_info_system_msg/local/lib/python3.10/dist-packages/roboy_info_system_msg-0.0.0-py3.10.egg-info/dependency_links.txt
[0.485s] -- Installing: /home/arafa/Desktop/Autonomous/MMS/Test/3rfa/2.2nd_week_task/task_ws/install/roboy_info_system_msg/local/lib/python3.10/dist-packages/roboy_info_system_msg-0.0.0-py3.10.egg-info/PKG-INFO
[0.485s] -- Installing: /home/arafa/Desktop/Autonomous/MMS/Test/3rfa/2.2nd_week_task/task_ws/install/roboy_info_system_msg/local/lib/python3.10/dist-packages/roboy_info_system_msg-0.0.0-py3.10.egg-info/top_level.txt
[0.485s] -- Up-to-date: /home/arafa/Desktop/Autonomous/MMS/Test/3rfa/2.2nd_week_task/task_ws/install/roboy_info_system_msg/local/lib/python3.10/dist-packages/roboy_info_system_msg
[0.485s] -- Up-to-date: /home/arafa/Desktop/Autonomous/MMS/Test/3rfa/2.2nd_week_task/task_ws/install/roboy_info_system_msg/local/lib/python3.10/dist-packages/roboy_info_system_msg/roboy_info_system_msg_s__rosidl_typesupport_c.cpython-310-x86_64-linux-gnu.so
[0.485s] -- Up-to-date: /home/arafa/Desktop/Autonomous/MMS/Test/3rfa/2.2nd_week_task/task_ws/install/roboy_info_system_msg/local/lib/python3.10/dist-packages/roboy_info_system_msg/_roboy_info_system_msg_s.ep.rosidl_typesupport_introspection_c.c
[0.485s] -- Up-to-date: /home/arafa/Desktop/Autonomous/MMS/Test/3rfa/2.2nd_week_task/task_ws/install/roboy_info_system_msg/local/lib/python3.10/dist-packages/roboy_info_system_msg/libroboy_info_system_msg__rosidl_generator_py.so
[0.485s] -- Up-to-date: /home/arafa/Desktop/Autonomous/MMS/Test/3rfa/2.2nd_week_task/task_ws/install/roboy_info_system_msg/local/lib/python3.10/dist-packages/roboy_info_system_msg/_roboy_info_system_msg_s.ep.rosidl_typesupport_fastrtps_c.c
[0.485s] -- Up-to-date: /home/arafa/Desktop/Autonomous/MMS/Test/3rfa/2.2nd_week_task/task_ws/install/roboy_info_system_msg/local/lib/python3.10/dist-packages/roboy_info_system_msg/__init__.py
[0.485s] -- Up-to-date: /home/arafa/Desktop/Autonomous/MMS/Test/3rfa/2.2nd_week_task/task_ws/install/roboy_info_system_msg/local/lib/python3.10/dist-packages/roboy_info_system_msg/roboy_info_system_msg_s__rosidl_typesupport_introspection_c.cpython-310-x86_64-linux-gnu.so
[0.485s] -- Up-to-date: /home/arafa/Desktop/Autonomous/MMS/Test/3rfa/2.2nd_week_task/task_ws/install/roboy_info_system_msg/local/lib/python3.10/dist-packages/roboy_info_system_msg/msg
[0.485s] -- Up-to-date: /home/arafa/Desktop/Autonomous/MMS/Test/3rfa/2.2nd_week_task/task_ws/install/roboy_info_system_msg/local/lib/python3.10/dist-packages/roboy_info_system_msg/msg/_robot_alert_s.c
[0.485s] -- Up-to-date: /home/arafa/Desktop/Autonomous/MMS/Test/3rfa/2.2nd_week_task/task_ws/install/roboy_info_system_msg/local/lib/python3.10/dist-packages/roboy_info_system_msg/msg/__init__.py
[0.485s] -- Up-to-date: /home/arafa/Desktop/Autonomous/MMS/Test/3rfa/2.2nd_week_task/task_ws/install/roboy_info_system_msg/local/lib/python3.10/dist-packages/roboy_info_system_msg/msg/_robot_alert.py
[0.486s] -- Up-to-date: /home/arafa/Desktop/Autonomous/MMS/Test/3rfa/2.2nd_week_task/task_ws/install/roboy_info_system_msg/local/lib/python3.10/dist-packages/roboy_info_system_msg/roboy_info_system_msg_s__rosidl_typesupport_fastrtps_c.cpython-310-x86_64-linux-gnu.so
[0.486s] -- Up-to-date: /home/arafa/Desktop/Autonomous/MMS/Test/3rfa/2.2nd_week_task/task_ws/install/roboy_info_system_msg/local/lib/python3.10/dist-packages/roboy_info_system_msg/_roboy_info_system_msg_s.ep.rosidl_typesupport_c.c
[0.526s] Listing '/home/arafa/Desktop/Autonomous/MMS/Test/3rfa/2.2nd_week_task/task_ws/install/roboy_info_system_msg/local/lib/python3.10/dist-packages/roboy_info_system_msg'...
[0.526s] Listing '/home/arafa/Desktop/Autonomous/MMS/Test/3rfa/2.2nd_week_task/task_ws/install/roboy_info_system_msg/local/lib/python3.10/dist-packages/roboy_info_system_msg/msg'...
[0.532s] -- Up-to-date: /home/arafa/Desktop/Autonomous/MMS/Test/3rfa/2.2nd_week_task/task_ws/install/roboy_info_system_msg/local/lib/python3.10/dist-packages/roboy_info_system_msg/roboy_info_system_msg_s__rosidl_typesupport_fastrtps_c.cpython-310-x86_64-linux-gnu.so
[0.533s] -- Up-to-date: /home/arafa/Desktop/Autonomous/MMS/Test/3rfa/2.2nd_week_task/task_ws/install/roboy_info_system_msg/local/lib/python3.10/dist-packages/roboy_info_system_msg/roboy_info_system_msg_s__rosidl_typesupport_introspection_c.cpython-310-x86_64-linux-gnu.so
[0.533s] -- Up-to-date: /home/arafa/Desktop/Autonomous/MMS/Test/3rfa/2.2nd_week_task/task_ws/install/roboy_info_system_msg/local/lib/python3.10/dist-packages/roboy_info_system_msg/roboy_info_system_msg_s__rosidl_typesupport_c.cpython-310-x86_64-linux-gnu.so
[0.533s] -- Up-to-date: /home/arafa/Desktop/Autonomous/MMS/Test/3rfa/2.2nd_week_task/task_ws/install/roboy_info_system_msg/lib/libroboy_info_system_msg__rosidl_generator_py.so
[0.534s] -- Up-to-date: /home/arafa/Desktop/Autonomous/MMS/Test/3rfa/2.2nd_week_task/task_ws/install/roboy_info_system_msg/share/roboy_info_system_msg/msg/RobotAlert.idl
[0.534s] -- Up-to-date: /home/arafa/Desktop/Autonomous/MMS/Test/3rfa/2.2nd_week_task/task_ws/install/roboy_info_system_msg/share/roboy_info_system_msg/msg/RobotAlert.msg
[0.534s] -- Up-to-date: /home/arafa/Desktop/Autonomous/MMS/Test/3rfa/2.2nd_week_task/task_ws/install/roboy_info_system_msg/share/ament_index/resource_index/package_run_dependencies/roboy_info_system_msg
[0.534s] -- Up-to-date: /home/arafa/Desktop/Autonomous/MMS/Test/3rfa/2.2nd_week_task/task_ws/install/roboy_info_system_msg/share/ament_index/resource_index/parent_prefix_path/roboy_info_system_msg
[0.534s] -- Up-to-date: /home/arafa/Desktop/Autonomous/MMS/Test/3rfa/2.2nd_week_task/task_ws/install/roboy_info_system_msg/share/roboy_info_system_msg/environment/ament_prefix_path.sh
[0.534s] -- Up-to-date: /home/arafa/Desktop/Autonomous/MMS/Test/3rfa/2.2nd_week_task/task_ws/install/roboy_info_system_msg/share/roboy_info_system_msg/environment/ament_prefix_path.dsv
[0.534s] -- Up-to-date: /home/arafa/Desktop/Autonomous/MMS/Test/3rfa/2.2nd_week_task/task_ws/install/roboy_info_system_msg/share/roboy_info_system_msg/environment/path.sh
[0.534s] -- Up-to-date: /home/arafa/Desktop/Autonomous/MMS/Test/3rfa/2.2nd_week_task/task_ws/install/roboy_info_system_msg/share/roboy_info_system_msg/environment/path.dsv
[0.534s] -- Up-to-date: /home/arafa/Desktop/Autonomous/MMS/Test/3rfa/2.2nd_week_task/task_ws/install/roboy_info_system_msg/share/roboy_info_system_msg/local_setup.bash
[0.535s] -- Up-to-date: /home/arafa/Desktop/Autonomous/MMS/Test/3rfa/2.2nd_week_task/task_ws/install/roboy_info_system_msg/share/roboy_info_system_msg/local_setup.sh
[0.535s] -- Up-to-date: /home/arafa/Desktop/Autonomous/MMS/Test/3rfa/2.2nd_week_task/task_ws/install/roboy_info_system_msg/share/roboy_info_system_msg/local_setup.zsh
[0.535s] -- Up-to-date: /home/arafa/Desktop/Autonomous/MMS/Test/3rfa/2.2nd_week_task/task_ws/install/roboy_info_system_msg/share/roboy_info_system_msg/local_setup.dsv
[0.535s] -- Up-to-date: /home/arafa/Desktop/Autonomous/MMS/Test/3rfa/2.2nd_week_task/task_ws/install/roboy_info_system_msg/share/roboy_info_system_msg/package.dsv
[0.535s] -- Up-to-date: /home/arafa/Desktop/Autonomous/MMS/Test/3rfa/2.2nd_week_task/task_ws/install/roboy_info_system_msg/share/ament_index/resource_index/packages/roboy_info_system_msg
[0.535s] -- Up-to-date: /home/arafa/Desktop/Autonomous/MMS/Test/3rfa/2.2nd_week_task/task_ws/install/roboy_info_system_msg/share/roboy_info_system_msg/cmake/export_roboy_info_system_msg__rosidl_generator_cExport.cmake
[0.535s] -- Up-to-date: /home/arafa/Desktop/Autonomous/MMS/Test/3rfa/2.2nd_week_task/task_ws/install/roboy_info_system_msg/share/roboy_info_system_msg/cmake/export_roboy_info_system_msg__rosidl_generator_cExport-noconfig.cmake
[0.535s] -- Up-to-date: /home/arafa/Desktop/Autonomous/MMS/Test/3rfa/2.2nd_week_task/task_ws/install/roboy_info_system_msg/share/roboy_info_system_msg/cmake/export_roboy_info_system_msg__rosidl_typesupport_fastrtps_cExport.cmake
[0.535s] -- Up-to-date: /home/arafa/Desktop/Autonomous/MMS/Test/3rfa/2.2nd_week_task/task_ws/install/roboy_info_system_msg/share/roboy_info_system_msg/cmake/export_roboy_info_system_msg__rosidl_typesupport_fastrtps_cExport-noconfig.cmake
[0.535s] -- Up-to-date: /home/arafa/Desktop/Autonomous/MMS/Test/3rfa/2.2nd_week_task/task_ws/install/roboy_info_system_msg/share/roboy_info_system_msg/cmake/roboy_info_system_msg__rosidl_typesupport_introspection_cExport.cmake
[0.535s] -- Up-to-date: /home/arafa/Desktop/Autonomous/MMS/Test/3rfa/2.2nd_week_task/task_ws/install/roboy_info_system_msg/share/roboy_info_system_msg/cmake/roboy_info_system_msg__rosidl_typesupport_introspection_cExport-noconfig.cmake
[0.536s] -- Up-to-date: /home/arafa/Desktop/Autonomous/MMS/Test/3rfa/2.2nd_week_task/task_ws/install/roboy_info_system_msg/share/roboy_info_system_msg/cmake/roboy_info_system_msg__rosidl_typesupport_cExport.cmake
[0.536s] -- Up-to-date: /home/arafa/Desktop/Autonomous/MMS/Test/3rfa/2.2nd_week_task/task_ws/install/roboy_info_system_msg/share/roboy_info_system_msg/cmake/roboy_info_system_msg__rosidl_typesupport_cExport-noconfig.cmake
[0.536s] -- Up-to-date: /home/arafa/Desktop/Autonomous/MMS/Test/3rfa/2.2nd_week_task/task_ws/install/roboy_info_system_msg/share/roboy_info_system_msg/cmake/export_roboy_info_system_msg__rosidl_generator_cppExport.cmake
[0.536s] -- Up-to-date: /home/arafa/Desktop/Autonomous/MMS/Test/3rfa/2.2nd_week_task/task_ws/install/roboy_info_system_msg/share/roboy_info_system_msg/cmake/export_roboy_info_system_msg__rosidl_typesupport_fastrtps_cppExport.cmake
[0.536s] -- Up-to-date: /home/arafa/Desktop/Autonomous/MMS/Test/3rfa/2.2nd_week_task/task_ws/install/roboy_info_system_msg/share/roboy_info_system_msg/cmake/export_roboy_info_system_msg__rosidl_typesupport_fastrtps_cppExport-noconfig.cmake
[0.536s] -- Up-to-date: /home/arafa/Desktop/Autonomous/MMS/Test/3rfa/2.2nd_week_task/task_ws/install/roboy_info_system_msg/share/roboy_info_system_msg/cmake/roboy_info_system_msg__rosidl_typesupport_introspection_cppExport.cmake
[0.536s] -- Up-to-date: /home/arafa/Desktop/Autonomous/MMS/Test/3rfa/2.2nd_week_task/task_ws/install/roboy_info_system_msg/share/roboy_info_system_msg/cmake/roboy_info_system_msg__rosidl_typesupport_introspection_cppExport-noconfig.cmake
[0.536s] -- Up-to-date: /home/arafa/Desktop/Autonomous/MMS/Test/3rfa/2.2nd_week_task/task_ws/install/roboy_info_system_msg/share/roboy_info_system_msg/cmake/roboy_info_system_msg__rosidl_typesupport_cppExport.cmake
[0.536s] -- Up-to-date: /home/arafa/Desktop/Autonomous/MMS/Test/3rfa/2.2nd_week_task/task_ws/install/roboy_info_system_msg/share/roboy_info_system_msg/cmake/roboy_info_system_msg__rosidl_typesupport_cppExport-noconfig.cmake
[0.537s] -- Up-to-date: /home/arafa/Desktop/Autonomous/MMS/Test/3rfa/2.2nd_week_task/task_ws/install/roboy_info_system_msg/share/roboy_info_system_msg/cmake/export_roboy_info_system_msg__rosidl_generator_pyExport.cmake
[0.537s] -- Up-to-date: /home/arafa/Desktop/Autonomous/MMS/Test/3rfa/2.2nd_week_task/task_ws/install/roboy_info_system_msg/share/roboy_info_system_msg/cmake/export_roboy_info_system_msg__rosidl_generator_pyExport-noconfig.cmake
[0.537s] -- Up-to-date: /home/arafa/Desktop/Autonomous/MMS/Test/3rfa/2.2nd_week_task/task_ws/install/roboy_info_system_msg/share/roboy_info_system_msg/cmake/rosidl_cmake-extras.cmake
[0.537s] -- Up-to-date: /home/arafa/Desktop/Autonomous/MMS/Test/3rfa/2.2nd_week_task/task_ws/install/roboy_info_system_msg/share/roboy_info_system_msg/cmake/ament_cmake_export_dependencies-extras.cmake
[0.537s] -- Up-to-date: /home/arafa/Desktop/Autonomous/MMS/Test/3rfa/2.2nd_week_task/task_ws/install/roboy_info_system_msg/share/roboy_info_system_msg/cmake/ament_cmake_export_include_directories-extras.cmake
[0.537s] -- Up-to-date: /home/arafa/Desktop/Autonomous/MMS/Test/3rfa/2.2nd_week_task/task_ws/install/roboy_info_system_msg/share/roboy_info_system_msg/cmake/ament_cmake_export_libraries-extras.cmake
[0.537s] -- Up-to-date: /home/arafa/Desktop/Autonomous/MMS/Test/3rfa/2.2nd_week_task/task_ws/install/roboy_info_system_msg/share/roboy_info_system_msg/cmake/ament_cmake_export_targets-extras.cmake
[0.537s] -- Up-to-date: /home/arafa/Desktop/Autonomous/MMS/Test/3rfa/2.2nd_week_task/task_ws/install/roboy_info_system_msg/share/roboy_info_system_msg/cmake/rosidl_cmake_export_typesupport_targets-extras.cmake
[0.537s] -- Up-to-date: /home/arafa/Desktop/Autonomous/MMS/Test/3rfa/2.2nd_week_task/task_ws/install/roboy_info_system_msg/share/roboy_info_system_msg/cmake/rosidl_cmake_export_typesupport_libraries-extras.cmake
[0.537s] -- Up-to-date: /home/arafa/Desktop/Autonomous/MMS/Test/3rfa/2.2nd_week_task/task_ws/install/roboy_info_system_msg/share/roboy_info_system_msg/cmake/roboy_info_system_msgConfig.cmake
[0.537s] -- Up-to-date: /home/arafa/Desktop/Autonomous/MMS/Test/3rfa/2.2nd_week_task/task_ws/install/roboy_info_system_msg/share/roboy_info_system_msg/cmake/roboy_info_system_msgConfig-version.cmake
[0.537s] -- Up-to-date: /home/arafa/Desktop/Autonomous/MMS/Test/3rfa/2.2nd_week_task/task_ws/install/roboy_info_system_msg/share/roboy_info_system_msg/package.xml
[0.537s] -- Installing: /home/arafa/Desktop/Autonomous/MMS/Test/3rfa/2.2nd_week_task/task_ws/install/roboy_info_system_msg/lib/roboy_info_system_msg/robot_alert_test.py
[0.539s] Invoked command in '/home/arafa/Desktop/Autonomous/MMS/Test/3rfa/2.2nd_week_task/task_ws/build/roboy_info_system_msg' returned '0': CMAKE_PREFIX_PATH=${CMAKE_PREFIX_PATH}:/opt/ros/humble /usr/bin/cmake --install /home/arafa/Desktop/Autonomous/MMS/Test/3rfa/2.2nd_week_task/task_ws/build/roboy_info_system_msg
