[0.059s] DEBUG:colcon:Command line arguments: ['/usr/bin/colcon', 'build']
[0.059s] DEBUG:colcon:Parsed command line arguments: Namespace(log_base=None, log_level=None, verb_name='build', build_base='build', install_base='install', merge_install=False, symlink_install=False, test_result_base=None, continue_on_error=False, executor='parallel', parallel_workers=16, event_handlers=None, ignore_user_meta=False, metas=['./colcon.meta'], base_paths=['.'], packages_ignore=None, packages_ignore_regex=None, paths=None, packages_up_to=None, packages_up_to_regex=None, packages_above=None, packages_above_and_dependencies=None, packages_above_depth=None, packages_select_by_dep=None, packages_skip_by_dep=None, packages_skip_up_to=None, packages_select_build_failed=False, packages_skip_build_finished=False, packages_select_test_failures=False, packages_skip_test_passed=False, packages_select=None, packages_skip=None, packages_select_regex=None, packages_skip_regex=None, packages_start=None, packages_end=None, allow_overriding=[], cmake_args=None, cmake_target=None, cmake_target_skip_unavailable=False, cmake_clean_cache=False, cmake_clean_first=False, cmake_force_configure=False, ament_cmake_args=None, catkin_cmake_args=None, catkin_skip_building_tests=False, verb_parser=<colcon_defaults.argument_parser.defaults.DefaultArgumentsDecorator object at 0x7eb51b2368f0>, verb_extension=<colcon_core.verb.build.BuildVerb object at 0x7eb51b2363e0>, main=<bound method BuildVerb.main of <colcon_core.verb.build.BuildVerb object at 0x7eb51b2363e0>>)
[0.149s] Level 1:colcon.colcon_core.package_discovery:discover_packages(colcon_meta) check parameters
[0.149s] Level 1:colcon.colcon_core.package_discovery:discover_packages(recursive) check parameters
[0.149s] Level 1:colcon.colcon_core.package_discovery:discover_packages(ignore) check parameters
[0.149s] Level 1:colcon.colcon_core.package_discovery:discover_packages(path) check parameters
[0.149s] Level 1:colcon.colcon_core.package_discovery:discover_packages(colcon_meta) discover
[0.149s] Level 1:colcon.colcon_core.package_discovery:discover_packages(recursive) discover
[0.149s] INFO:colcon.colcon_core.package_discovery:Crawling recursively for packages in '/home/ahmedmwafy/Test/Mwafy/ros2_my_ws'
[0.149s] Level 1:colcon.colcon_core.package_identification:_identify(.) by extensions ['ignore', 'ignore_ament_install']
[0.149s] Level 1:colcon.colcon_core.package_identification:_identify(.) by extension 'ignore'
[0.149s] Level 1:colcon.colcon_core.package_identification:_identify(.) by extension 'ignore_ament_install'
[0.149s] Level 1:colcon.colcon_core.package_identification:_identify(.) by extensions ['colcon_pkg']
[0.149s] Level 1:colcon.colcon_core.package_identification:_identify(.) by extension 'colcon_pkg'
[0.150s] Level 1:colcon.colcon_core.package_identification:_identify(.) by extensions ['colcon_meta']
[0.150s] Level 1:colcon.colcon_core.package_identification:_identify(.) by extension 'colcon_meta'
[0.150s] Level 1:colcon.colcon_core.package_identification:_identify(.) by extensions ['ros']
[0.150s] Level 1:colcon.colcon_core.package_identification:_identify(.) by extension 'ros'
[0.156s] Level 1:colcon.colcon_core.package_identification:_identify(.) by extensions ['cmake', 'python']
[0.156s] Level 1:colcon.colcon_core.package_identification:_identify(.) by extension 'cmake'
[0.156s] Level 1:colcon.colcon_core.package_identification:_identify(.) by extension 'python'
[0.156s] Level 1:colcon.colcon_core.package_identification:_identify(.) by extensions ['python_setup_py']
[0.156s] Level 1:colcon.colcon_core.package_identification:_identify(.) by extension 'python_setup_py'
[0.156s] Level 1:colcon.colcon_core.package_identification:_identify(build) by extensions ['ignore', 'ignore_ament_install']
[0.157s] Level 1:colcon.colcon_core.package_identification:_identify(build) by extension 'ignore'
[0.157s] Level 1:colcon.colcon_core.package_identification:_identify(build) ignored
[0.157s] Level 1:colcon.colcon_core.package_identification:_identify(install) by extensions ['ignore', 'ignore_ament_install']
[0.157s] Level 1:colcon.colcon_core.package_identification:_identify(install) by extension 'ignore'
[0.157s] Level 1:colcon.colcon_core.package_identification:_identify(install) ignored
[0.157s] Level 1:colcon.colcon_core.package_identification:_identify(log) by extensions ['ignore', 'ignore_ament_install']
[0.157s] Level 1:colcon.colcon_core.package_identification:_identify(log) by extension 'ignore'
[0.157s] Level 1:colcon.colcon_core.package_identification:_identify(log) ignored
[0.157s] Level 1:colcon.colcon_core.package_identification:_identify(src) by extensions ['ignore', 'ignore_ament_install']
[0.157s] Level 1:colcon.colcon_core.package_identification:_identify(src) by extension 'ignore'
[0.157s] Level 1:colcon.colcon_core.package_identification:_identify(src) by extension 'ignore_ament_install'
[0.157s] Level 1:colcon.colcon_core.package_identification:_identify(src) by extensions ['colcon_pkg']
[0.157s] Level 1:colcon.colcon_core.package_identification:_identify(src) by extension 'colcon_pkg'
[0.157s] Level 1:colcon.colcon_core.package_identification:_identify(src) by extensions ['colcon_meta']
[0.157s] Level 1:colcon.colcon_core.package_identification:_identify(src) by extension 'colcon_meta'
[0.157s] Level 1:colcon.colcon_core.package_identification:_identify(src) by extensions ['ros']
[0.157s] Level 1:colcon.colcon_core.package_identification:_identify(src) by extension 'ros'
[0.157s] Level 1:colcon.colcon_core.package_identification:_identify(src) by extensions ['cmake', 'python']
[0.157s] Level 1:colcon.colcon_core.package_identification:_identify(src) by extension 'cmake'
[0.157s] Level 1:colcon.colcon_core.package_identification:_identify(src) by extension 'python'
[0.157s] Level 1:colcon.colcon_core.package_identification:_identify(src) by extensions ['python_setup_py']
[0.157s] Level 1:colcon.colcon_core.package_identification:_identify(src) by extension 'python_setup_py'
[0.157s] Level 1:colcon.colcon_core.package_identification:_identify(src/launch_gz) by extensions ['ignore', 'ignore_ament_install']
[0.157s] Level 1:colcon.colcon_core.package_identification:_identify(src/launch_gz) by extension 'ignore'
[0.157s] Level 1:colcon.colcon_core.package_identification:_identify(src/launch_gz) by extension 'ignore_ament_install'
[0.157s] Level 1:colcon.colcon_core.package_identification:_identify(src/launch_gz) by extensions ['colcon_pkg']
[0.157s] Level 1:colcon.colcon_core.package_identification:_identify(src/launch_gz) by extension 'colcon_pkg'
[0.157s] Level 1:colcon.colcon_core.package_identification:_identify(src/launch_gz) by extensions ['colcon_meta']
[0.157s] Level 1:colcon.colcon_core.package_identification:_identify(src/launch_gz) by extension 'colcon_meta'
[0.158s] Level 1:colcon.colcon_core.package_identification:_identify(src/launch_gz) by extensions ['ros']
[0.158s] Level 1:colcon.colcon_core.package_identification:_identify(src/launch_gz) by extension 'ros'
[0.159s] DEBUG:colcon.colcon_core.package_identification:Package 'src/launch_gz' with type 'ros.ament_python' and name 'launch_gz'
[0.159s] Level 1:colcon.colcon_core.package_identification:_identify(src/letters_drawing_2) by extensions ['ignore', 'ignore_ament_install']
[0.159s] Level 1:colcon.colcon_core.package_identification:_identify(src/letters_drawing_2) by extension 'ignore'
[0.159s] Level 1:colcon.colcon_core.package_identification:_identify(src/letters_drawing_2) by extension 'ignore_ament_install'
[0.159s] Level 1:colcon.colcon_core.package_identification:_identify(src/letters_drawing_2) by extensions ['colcon_pkg']
[0.159s] Level 1:colcon.colcon_core.package_identification:_identify(src/letters_drawing_2) by extension 'colcon_pkg'
[0.159s] Level 1:colcon.colcon_core.package_identification:_identify(src/letters_drawing_2) by extensions ['colcon_meta']
[0.159s] Level 1:colcon.colcon_core.package_identification:_identify(src/letters_drawing_2) by extension 'colcon_meta'
[0.159s] Level 1:colcon.colcon_core.package_identification:_identify(src/letters_drawing_2) by extensions ['ros']
[0.159s] Level 1:colcon.colcon_core.package_identification:_identify(src/letters_drawing_2) by extension 'ros'
[0.160s] DEBUG:colcon.colcon_core.package_identification:Package 'src/letters_drawing_2' with type 'ros.ament_cmake' and name 'letters_drawing_2'
[0.160s] Level 1:colcon.colcon_core.package_identification:_identify(src/turtle_control_1) by extensions ['ignore', 'ignore_ament_install']
[0.160s] Level 1:colcon.colcon_core.package_identification:_identify(src/turtle_control_1) by extension 'ignore'
[0.160s] Level 1:colcon.colcon_core.package_identification:_identify(src/turtle_control_1) by extension 'ignore_ament_install'
[0.160s] Level 1:colcon.colcon_core.package_identification:_identify(src/turtle_control_1) by extensions ['colcon_pkg']
[0.160s] Level 1:colcon.colcon_core.package_identification:_identify(src/turtle_control_1) by extension 'colcon_pkg'
[0.160s] Level 1:colcon.colcon_core.package_identification:_identify(src/turtle_control_1) by extensions ['colcon_meta']
[0.160s] Level 1:colcon.colcon_core.package_identification:_identify(src/turtle_control_1) by extension 'colcon_meta'
[0.160s] Level 1:colcon.colcon_core.package_identification:_identify(src/turtle_control_1) by extensions ['ros']
[0.160s] Level 1:colcon.colcon_core.package_identification:_identify(src/turtle_control_1) by extension 'ros'
[0.160s] DEBUG:colcon.colcon_core.package_identification:Package 'src/turtle_control_1' with type 'ros.ament_python' and name 'turtle_control_1'
[0.160s] Level 1:colcon.colcon_core.package_discovery:discover_packages(recursive) using defaults
[0.161s] Level 1:colcon.colcon_core.package_discovery:discover_packages(ignore) discover
[0.161s] Level 1:colcon.colcon_core.package_discovery:discover_packages(ignore) using defaults
[0.161s] Level 1:colcon.colcon_core.package_discovery:discover_packages(path) discover
[0.161s] Level 1:colcon.colcon_core.package_discovery:discover_packages(path) using defaults
[0.172s] Level 1:colcon.colcon_core.package_discovery:discover_packages(prefix_path) check parameters
[0.172s] Level 1:colcon.colcon_core.package_discovery:discover_packages(prefix_path) discover
[0.174s] DEBUG:colcon.colcon_installed_package_information.package_discovery:Found 276 installed packages in /opt/ros/humble
[0.180s] Level 1:colcon.colcon_core.package_discovery:discover_packages(prefix_path) using defaults
[0.201s] Level 5:colcon.colcon_core.verb:set package 'launch_gz' build argument 'cmake_args' from command line to 'None'
[0.201s] Level 5:colcon.colcon_core.verb:set package 'launch_gz' build argument 'cmake_target' from command line to 'None'
[0.201s] Level 5:colcon.colcon_core.verb:set package 'launch_gz' build argument 'cmake_target_skip_unavailable' from command line to 'False'
[0.201s] Level 5:colcon.colcon_core.verb:set package 'launch_gz' build argument 'cmake_clean_cache' from command line to 'False'
[0.201s] Level 5:colcon.colcon_core.verb:set package 'launch_gz' build argument 'cmake_clean_first' from command line to 'False'
[0.201s] Level 5:colcon.colcon_core.verb:set package 'launch_gz' build argument 'cmake_force_configure' from command line to 'False'
[0.201s] Level 5:colcon.colcon_core.verb:set package 'launch_gz' build argument 'ament_cmake_args' from command line to 'None'
[0.201s] Level 5:colcon.colcon_core.verb:set package 'launch_gz' build argument 'catkin_cmake_args' from command line to 'None'
[0.201s] Level 5:colcon.colcon_core.verb:set package 'launch_gz' build argument 'catkin_skip_building_tests' from command line to 'False'
[0.201s] DEBUG:colcon.colcon_core.verb:Building package 'launch_gz' with the following arguments: {'ament_cmake_args': None, 'build_base': '/home/ahmedmwafy/Test/Mwafy/ros2_my_ws/build/launch_gz', 'catkin_cmake_args': None, 'catkin_skip_building_tests': False, 'cmake_args': None, 'cmake_clean_cache': False, 'cmake_clean_first': False, 'cmake_force_configure': False, 'cmake_target': None, 'cmake_target_skip_unavailable': False, 'install_base': '/home/ahmedmwafy/Test/Mwafy/ros2_my_ws/install/launch_gz', 'merge_install': False, 'path': '/home/ahmedmwafy/Test/Mwafy/ros2_my_ws/src/launch_gz', 'symlink_install': False, 'test_result_base': None}
[0.201s] Level 5:colcon.colcon_core.verb:set package 'letters_drawing_2' build argument 'cmake_args' from command line to 'None'
[0.201s] Level 5:colcon.colcon_core.verb:set package 'letters_drawing_2' build argument 'cmake_target' from command line to 'None'
[0.201s] Level 5:colcon.colcon_core.verb:set package 'letters_drawing_2' build argument 'cmake_target_skip_unavailable' from command line to 'False'
[0.201s] Level 5:colcon.colcon_core.verb:set package 'letters_drawing_2' build argument 'cmake_clean_cache' from command line to 'False'
[0.201s] Level 5:colcon.colcon_core.verb:set package 'letters_drawing_2' build argument 'cmake_clean_first' from command line to 'False'
[0.201s] Level 5:colcon.colcon_core.verb:set package 'letters_drawing_2' build argument 'cmake_force_configure' from command line to 'False'
[0.201s] Level 5:colcon.colcon_core.verb:set package 'letters_drawing_2' build argument 'ament_cmake_args' from command line to 'None'
[0.201s] Level 5:colcon.colcon_core.verb:set package 'letters_drawing_2' build argument 'catkin_cmake_args' from command line to 'None'
[0.201s] Level 5:colcon.colcon_core.verb:set package 'letters_drawing_2' build argument 'catkin_skip_building_tests' from command line to 'False'
[0.201s] DEBUG:colcon.colcon_core.verb:Building package 'letters_drawing_2' with the following arguments: {'ament_cmake_args': None, 'build_base': '/home/ahmedmwafy/Test/Mwafy/ros2_my_ws/build/letters_drawing_2', 'catkin_cmake_args': None, 'catkin_skip_building_tests': False, 'cmake_args': None, 'cmake_clean_cache': False, 'cmake_clean_first': False, 'cmake_force_configure': False, 'cmake_target': None, 'cmake_target_skip_unavailable': False, 'install_base': '/home/ahmedmwafy/Test/Mwafy/ros2_my_ws/install/letters_drawing_2', 'merge_install': False, 'path': '/home/ahmedmwafy/Test/Mwafy/ros2_my_ws/src/letters_drawing_2', 'symlink_install': False, 'test_result_base': None}
[0.201s] Level 5:colcon.colcon_core.verb:set package 'turtle_control_1' build argument 'cmake_args' from command line to 'None'
[0.201s] Level 5:colcon.colcon_core.verb:set package 'turtle_control_1' build argument 'cmake_target' from command line to 'None'
[0.201s] Level 5:colcon.colcon_core.verb:set package 'turtle_control_1' build argument 'cmake_target_skip_unavailable' from command line to 'False'
[0.201s] Level 5:colcon.colcon_core.verb:set package 'turtle_control_1' build argument 'cmake_clean_cache' from command line to 'False'
[0.201s] Level 5:colcon.colcon_core.verb:set package 'turtle_control_1' build argument 'cmake_clean_first' from command line to 'False'
[0.201s] Level 5:colcon.colcon_core.verb:set package 'turtle_control_1' build argument 'cmake_force_configure' from command line to 'False'
[0.202s] Level 5:colcon.colcon_core.verb:set package 'turtle_control_1' build argument 'ament_cmake_args' from command line to 'None'
[0.202s] Level 5:colcon.colcon_core.verb:set package 'turtle_control_1' build argument 'catkin_cmake_args' from command line to 'None'
[0.202s] Level 5:colcon.colcon_core.verb:set package 'turtle_control_1' build argument 'catkin_skip_building_tests' from command line to 'False'
[0.202s] DEBUG:colcon.colcon_core.verb:Building package 'turtle_control_1' with the following arguments: {'ament_cmake_args': None, 'build_base': '/home/ahmedmwafy/Test/Mwafy/ros2_my_ws/build/turtle_control_1', 'catkin_cmake_args': None, 'catkin_skip_building_tests': False, 'cmake_args': None, 'cmake_clean_cache': False, 'cmake_clean_first': False, 'cmake_force_configure': False, 'cmake_target': None, 'cmake_target_skip_unavailable': False, 'install_base': '/home/ahmedmwafy/Test/Mwafy/ros2_my_ws/install/turtle_control_1', 'merge_install': False, 'path': '/home/ahmedmwafy/Test/Mwafy/ros2_my_ws/src/turtle_control_1', 'symlink_install': False, 'test_result_base': None}
[0.202s] INFO:colcon.colcon_core.executor:Executing jobs using 'parallel' executor
[0.202s] DEBUG:colcon.colcon_parallel_executor.executor.parallel:run_until_complete
[0.202s] INFO:colcon.colcon_ros.task.ament_python.build:Building ROS package in '/home/ahmedmwafy/Test/Mwafy/ros2_my_ws/src/launch_gz' with build type 'ament_python'
[0.203s] Level 1:colcon.colcon_core.shell:create_environment_hook('launch_gz', 'ament_prefix_path')
[0.204s] INFO:colcon.colcon_core.plugin_system:Skipping extension 'colcon_core.shell.bat': Not used on non-Windows systems
[0.204s] INFO:colcon.colcon_core.shell:Creating environment hook '/home/ahmedmwafy/Test/Mwafy/ros2_my_ws/install/launch_gz/share/launch_gz/hook/ament_prefix_path.ps1'
[0.204s] INFO:colcon.colcon_core.shell:Creating environment descriptor '/home/ahmedmwafy/Test/Mwafy/ros2_my_ws/install/launch_gz/share/launch_gz/hook/ament_prefix_path.dsv'
[0.204s] INFO:colcon.colcon_core.shell:Creating environment hook '/home/ahmedmwafy/Test/Mwafy/ros2_my_ws/install/launch_gz/share/launch_gz/hook/ament_prefix_path.sh'
[0.205s] INFO:colcon.colcon_core.shell:Skip shell extension 'powershell' for command environment: Not usable outside of PowerShell
[0.205s] DEBUG:colcon.colcon_core.shell:Skip shell extension 'dsv' for command environment
[0.206s] INFO:colcon.colcon_ros.task.ament_cmake.build:Building ROS package in '/home/ahmedmwafy/Test/Mwafy/ros2_my_ws/src/letters_drawing_2' with build type 'ament_cmake'
[0.206s] INFO:colcon.colcon_cmake.task.cmake.build:Building CMake package in '/home/ahmedmwafy/Test/Mwafy/ros2_my_ws/src/letters_drawing_2'
[0.207s] INFO:colcon.colcon_core.shell:Skip shell extension 'powershell' for command environment: Not usable outside of PowerShell
[0.207s] DEBUG:colcon.colcon_core.shell:Skip shell extension 'dsv' for command environment
[0.208s] INFO:colcon.colcon_ros.task.ament_python.build:Building ROS package in '/home/ahmedmwafy/Test/Mwafy/ros2_my_ws/src/turtle_control_1' with build type 'ament_python'
[0.208s] Level 1:colcon.colcon_core.shell:create_environment_hook('turtle_control_1', 'ament_prefix_path')
[0.209s] INFO:colcon.colcon_core.shell:Creating environment hook '/home/ahmedmwafy/Test/Mwafy/ros2_my_ws/install/turtle_control_1/share/turtle_control_1/hook/ament_prefix_path.ps1'
[0.209s] INFO:colcon.colcon_core.shell:Creating environment descriptor '/home/ahmedmwafy/Test/Mwafy/ros2_my_ws/install/turtle_control_1/share/turtle_control_1/hook/ament_prefix_path.dsv'
[0.209s] INFO:colcon.colcon_core.shell:Creating environment hook '/home/ahmedmwafy/Test/Mwafy/ros2_my_ws/install/turtle_control_1/share/turtle_control_1/hook/ament_prefix_path.sh'
[0.209s] INFO:colcon.colcon_core.shell:Skip shell extension 'powershell' for command environment: Not usable outside of PowerShell
[0.209s] DEBUG:colcon.colcon_core.shell:Skip shell extension 'dsv' for command environment
[0.352s] INFO:colcon.colcon_core.task.python.build:Building Python package in '/home/ahmedmwafy/Test/Mwafy/ros2_my_ws/src/launch_gz'
[0.353s] INFO:colcon.colcon_core.shell:Skip shell extension 'powershell' for command environment: Not usable outside of PowerShell
[0.353s] DEBUG:colcon.colcon_core.shell:Skip shell extension 'dsv' for command environment
[0.357s] DEBUG:colcon.colcon_core.event_handler.log_command:Invoking command in '/home/ahmedmwafy/Test/Mwafy/ros2_my_ws/build/letters_drawing_2': CMAKE_PREFIX_PATH=/opt/ros/humble /usr/bin/cmake --build /home/ahmedmwafy/Test/Mwafy/ros2_my_ws/build/letters_drawing_2 -- -j16 -l16
[0.505s] INFO:colcon.colcon_core.task.python.build:Building Python package in '/home/ahmedmwafy/Test/Mwafy/ros2_my_ws/src/turtle_control_1'
[0.505s] INFO:colcon.colcon_core.shell:Skip shell extension 'powershell' for command environment: Not usable outside of PowerShell
[0.505s] DEBUG:colcon.colcon_core.shell:Skip shell extension 'dsv' for command environment
[0.557s] DEBUG:colcon.colcon_core.event_handler.log_command:Invoked command in '/home/ahmedmwafy/Test/Mwafy/ros2_my_ws/build/letters_drawing_2' returned '0': CMAKE_PREFIX_PATH=/opt/ros/humble /usr/bin/cmake --build /home/ahmedmwafy/Test/Mwafy/ros2_my_ws/build/letters_drawing_2 -- -j16 -l16
[0.563s] DEBUG:colcon.colcon_core.event_handler.log_command:Invoking command in '/home/ahmedmwafy/Test/Mwafy/ros2_my_ws/build/letters_drawing_2': CMAKE_PREFIX_PATH=/opt/ros/humble /usr/bin/cmake --install /home/ahmedmwafy/Test/Mwafy/ros2_my_ws/build/letters_drawing_2
[0.594s] Level 1:colcon.colcon_core.environment:create_environment_scripts_only(letters_drawing_2)
[0.595s] DEBUG:colcon.colcon_core.event_handler.log_command:Invoked command in '/home/ahmedmwafy/Test/Mwafy/ros2_my_ws/build/letters_drawing_2' returned '0': CMAKE_PREFIX_PATH=/opt/ros/humble /usr/bin/cmake --install /home/ahmedmwafy/Test/Mwafy/ros2_my_ws/build/letters_drawing_2
[0.596s] Level 1:colcon.colcon_core.environment:checking '/home/ahmedmwafy/Test/Mwafy/ros2_my_ws/install/letters_drawing_2' for CMake module files
[0.596s] Level 1:colcon.colcon_core.environment:checking '/home/ahmedmwafy/Test/Mwafy/ros2_my_ws/install/letters_drawing_2' for CMake config files
[0.596s] Level 1:colcon.colcon_core.shell:create_environment_hook('letters_drawing_2', 'cmake_prefix_path')
[0.596s] INFO:colcon.colcon_core.shell:Creating environment hook '/home/ahmedmwafy/Test/Mwafy/ros2_my_ws/install/letters_drawing_2/share/letters_drawing_2/hook/cmake_prefix_path.ps1'
[0.597s] INFO:colcon.colcon_core.shell:Creating environment descriptor '/home/ahmedmwafy/Test/Mwafy/ros2_my_ws/install/letters_drawing_2/share/letters_drawing_2/hook/cmake_prefix_path.dsv'
[0.597s] INFO:colcon.colcon_core.shell:Creating environment hook '/home/ahmedmwafy/Test/Mwafy/ros2_my_ws/install/letters_drawing_2/share/letters_drawing_2/hook/cmake_prefix_path.sh'
[0.597s] Level 1:colcon.colcon_core.environment:checking '/home/ahmedmwafy/Test/Mwafy/ros2_my_ws/install/letters_drawing_2/lib'
[0.597s] Level 1:colcon.colcon_core.shell:create_environment_hook('letters_drawing_2', 'ld_library_path_lib')
[0.598s] INFO:colcon.colcon_core.shell:Creating environment hook '/home/ahmedmwafy/Test/Mwafy/ros2_my_ws/install/letters_drawing_2/share/letters_drawing_2/hook/ld_library_path_lib.ps1'
[0.598s] INFO:colcon.colcon_core.shell:Creating environment descriptor '/home/ahmedmwafy/Test/Mwafy/ros2_my_ws/install/letters_drawing_2/share/letters_drawing_2/hook/ld_library_path_lib.dsv'
[0.598s] INFO:colcon.colcon_core.shell:Creating environment hook '/home/ahmedmwafy/Test/Mwafy/ros2_my_ws/install/letters_drawing_2/share/letters_drawing_2/hook/ld_library_path_lib.sh'
[0.598s] Level 1:colcon.colcon_core.environment:checking '/home/ahmedmwafy/Test/Mwafy/ros2_my_ws/install/letters_drawing_2/bin'
[0.598s] Level 1:colcon.colcon_core.environment:checking '/home/ahmedmwafy/Test/Mwafy/ros2_my_ws/install/letters_drawing_2/lib/pkgconfig/letters_drawing_2.pc'
[0.598s] Level 1:colcon.colcon_core.environment:checking '/home/ahmedmwafy/Test/Mwafy/ros2_my_ws/install/letters_drawing_2/lib/python3.10/site-packages'
[0.599s] Level 1:colcon.colcon_core.environment:checking '/home/ahmedmwafy/Test/Mwafy/ros2_my_ws/install/letters_drawing_2/bin'
[0.599s] INFO:colcon.colcon_core.shell:Creating package script '/home/ahmedmwafy/Test/Mwafy/ros2_my_ws/install/letters_drawing_2/share/letters_drawing_2/package.ps1'
[0.599s] INFO:colcon.colcon_core.shell:Creating package descriptor '/home/ahmedmwafy/Test/Mwafy/ros2_my_ws/install/letters_drawing_2/share/letters_drawing_2/package.dsv'
[0.600s] INFO:colcon.colcon_core.shell:Creating package script '/home/ahmedmwafy/Test/Mwafy/ros2_my_ws/install/letters_drawing_2/share/letters_drawing_2/package.sh'
[0.600s] INFO:colcon.colcon_core.shell:Creating package script '/home/ahmedmwafy/Test/Mwafy/ros2_my_ws/install/letters_drawing_2/share/letters_drawing_2/package.bash'
[0.601s] INFO:colcon.colcon_core.shell:Creating package script '/home/ahmedmwafy/Test/Mwafy/ros2_my_ws/install/letters_drawing_2/share/letters_drawing_2/package.zsh'
[0.601s] Level 1:colcon.colcon_core.environment:create_file_with_runtime_dependencies(/home/ahmedmwafy/Test/Mwafy/ros2_my_ws/install/letters_drawing_2/share/colcon-core/packages/letters_drawing_2)
[0.601s] Level 1:colcon.colcon_core.environment:create_environment_scripts_only(letters_drawing_2)
[0.601s] Level 1:colcon.colcon_core.environment:checking '/home/ahmedmwafy/Test/Mwafy/ros2_my_ws/install/letters_drawing_2' for CMake module files
[0.602s] Level 1:colcon.colcon_core.environment:checking '/home/ahmedmwafy/Test/Mwafy/ros2_my_ws/install/letters_drawing_2' for CMake config files
[0.602s] Level 1:colcon.colcon_core.shell:create_environment_hook('letters_drawing_2', 'cmake_prefix_path')
[0.602s] INFO:colcon.colcon_core.shell:Creating environment hook '/home/ahmedmwafy/Test/Mwafy/ros2_my_ws/install/letters_drawing_2/share/letters_drawing_2/hook/cmake_prefix_path.ps1'
[0.602s] INFO:colcon.colcon_core.shell:Creating environment descriptor '/home/ahmedmwafy/Test/Mwafy/ros2_my_ws/install/letters_drawing_2/share/letters_drawing_2/hook/cmake_prefix_path.dsv'
[0.602s] INFO:colcon.colcon_core.shell:Creating environment hook '/home/ahmedmwafy/Test/Mwafy/ros2_my_ws/install/letters_drawing_2/share/letters_drawing_2/hook/cmake_prefix_path.sh'
[0.603s] Level 1:colcon.colcon_core.environment:checking '/home/ahmedmwafy/Test/Mwafy/ros2_my_ws/install/letters_drawing_2/lib'
[0.603s] Level 1:colcon.colcon_core.shell:create_environment_hook('letters_drawing_2', 'ld_library_path_lib')
[0.603s] INFO:colcon.colcon_core.shell:Creating environment hook '/home/ahmedmwafy/Test/Mwafy/ros2_my_ws/install/letters_drawing_2/share/letters_drawing_2/hook/ld_library_path_lib.ps1'
[0.603s] INFO:colcon.colcon_core.shell:Creating environment descriptor '/home/ahmedmwafy/Test/Mwafy/ros2_my_ws/install/letters_drawing_2/share/letters_drawing_2/hook/ld_library_path_lib.dsv'
[0.603s] INFO:colcon.colcon_core.shell:Creating environment hook '/home/ahmedmwafy/Test/Mwafy/ros2_my_ws/install/letters_drawing_2/share/letters_drawing_2/hook/ld_library_path_lib.sh'
[0.604s] Level 1:colcon.colcon_core.environment:checking '/home/ahmedmwafy/Test/Mwafy/ros2_my_ws/install/letters_drawing_2/bin'
[0.604s] Level 1:colcon.colcon_core.environment:checking '/home/ahmedmwafy/Test/Mwafy/ros2_my_ws/install/letters_drawing_2/lib/pkgconfig/letters_drawing_2.pc'
[0.604s] Level 1:colcon.colcon_core.environment:checking '/home/ahmedmwafy/Test/Mwafy/ros2_my_ws/install/letters_drawing_2/lib/python3.10/site-packages'
[0.604s] Level 1:colcon.colcon_core.environment:checking '/home/ahmedmwafy/Test/Mwafy/ros2_my_ws/install/letters_drawing_2/bin'
[0.604s] INFO:colcon.colcon_core.shell:Creating package script '/home/ahmedmwafy/Test/Mwafy/ros2_my_ws/install/letters_drawing_2/share/letters_drawing_2/package.ps1'
[0.604s] INFO:colcon.colcon_core.shell:Creating package descriptor '/home/ahmedmwafy/Test/Mwafy/ros2_my_ws/install/letters_drawing_2/share/letters_drawing_2/package.dsv'
[0.605s] INFO:colcon.colcon_core.shell:Creating package script '/home/ahmedmwafy/Test/Mwafy/ros2_my_ws/install/letters_drawing_2/share/letters_drawing_2/package.sh'
[0.605s] INFO:colcon.colcon_core.shell:Creating package script '/home/ahmedmwafy/Test/Mwafy/ros2_my_ws/install/letters_drawing_2/share/letters_drawing_2/package.bash'
[0.605s] INFO:colcon.colcon_core.shell:Creating package script '/home/ahmedmwafy/Test/Mwafy/ros2_my_ws/install/letters_drawing_2/share/letters_drawing_2/package.zsh'
[0.605s] Level 1:colcon.colcon_core.environment:create_file_with_runtime_dependencies(/home/ahmedmwafy/Test/Mwafy/ros2_my_ws/install/letters_drawing_2/share/colcon-core/packages/letters_drawing_2)
[0.717s] DEBUG:colcon.colcon_core.event_handler.log_command:Invoking command in '/home/ahmedmwafy/Test/Mwafy/ros2_my_ws/src/turtle_control_1': PYTHONPATH=/home/ahmedmwafy/Test/Mwafy/ros2_my_ws/build/turtle_control_1/prefix_override:/usr/lib/python3/dist-packages/colcon_core/task/python/colcon_distutils_commands:/home/ahmedmwafy/Test/Mwafy/ros2_my_ws/install/turtle_control_1/lib/python3.10/site-packages:${PYTHONPATH} /usr/bin/python3 -W ignore:setup.py install is deprecated -W ignore:easy_install command is deprecated setup.py egg_info --egg-base ../../build/turtle_control_1 build --build-base /home/ahmedmwafy/Test/Mwafy/ros2_my_ws/build/turtle_control_1/build install --record /home/ahmedmwafy/Test/Mwafy/ros2_my_ws/build/turtle_control_1/install.log --single-version-externally-managed install_data
[0.734s] DEBUG:colcon.colcon_core.event_handler.log_command:Invoking command in '/home/ahmedmwafy/Test/Mwafy/ros2_my_ws/src/launch_gz': PYTHONPATH=/home/ahmedmwafy/Test/Mwafy/ros2_my_ws/build/launch_gz/prefix_override:/usr/lib/python3/dist-packages/colcon_core/task/python/colcon_distutils_commands:/home/ahmedmwafy/Test/Mwafy/ros2_my_ws/install/launch_gz/lib/python3.10/site-packages:${PYTHONPATH} /usr/bin/python3 -W ignore:setup.py install is deprecated -W ignore:easy_install command is deprecated setup.py egg_info --egg-base ../../build/launch_gz build --build-base /home/ahmedmwafy/Test/Mwafy/ros2_my_ws/build/launch_gz/build install --record /home/ahmedmwafy/Test/Mwafy/ros2_my_ws/build/launch_gz/install.log --single-version-externally-managed install_data
[0.889s] Level 1:colcon.colcon_core.environment:checking '/home/ahmedmwafy/Test/Mwafy/ros2_my_ws/install/turtle_control_1' for CMake module files
[0.889s] DEBUG:colcon.colcon_core.event_handler.log_command:Invoked command in '/home/ahmedmwafy/Test/Mwafy/ros2_my_ws/src/turtle_control_1' returned '0': PYTHONPATH=/home/ahmedmwafy/Test/Mwafy/ros2_my_ws/build/turtle_control_1/prefix_override:/usr/lib/python3/dist-packages/colcon_core/task/python/colcon_distutils_commands:/home/ahmedmwafy/Test/Mwafy/ros2_my_ws/install/turtle_control_1/lib/python3.10/site-packages:${PYTHONPATH} /usr/bin/python3 -W ignore:setup.py install is deprecated -W ignore:easy_install command is deprecated setup.py egg_info --egg-base ../../build/turtle_control_1 build --build-base /home/ahmedmwafy/Test/Mwafy/ros2_my_ws/build/turtle_control_1/build install --record /home/ahmedmwafy/Test/Mwafy/ros2_my_ws/build/turtle_control_1/install.log --single-version-externally-managed install_data
[0.889s] Level 1:colcon.colcon_core.environment:checking '/home/ahmedmwafy/Test/Mwafy/ros2_my_ws/install/turtle_control_1' for CMake config files
[0.890s] Level 1:colcon.colcon_core.environment:checking '/home/ahmedmwafy/Test/Mwafy/ros2_my_ws/install/turtle_control_1/lib'
[0.890s] Level 1:colcon.colcon_core.environment:checking '/home/ahmedmwafy/Test/Mwafy/ros2_my_ws/install/turtle_control_1/bin'
[0.890s] Level 1:colcon.colcon_core.environment:checking '/home/ahmedmwafy/Test/Mwafy/ros2_my_ws/install/turtle_control_1/lib/pkgconfig/turtle_control_1.pc'
[0.890s] Level 1:colcon.colcon_core.environment:checking '/home/ahmedmwafy/Test/Mwafy/ros2_my_ws/install/turtle_control_1/lib/python3.10/site-packages'
[0.890s] Level 1:colcon.colcon_core.shell:create_environment_hook('turtle_control_1', 'pythonpath')
[0.890s] INFO:colcon.colcon_core.shell:Creating environment hook '/home/ahmedmwafy/Test/Mwafy/ros2_my_ws/install/turtle_control_1/share/turtle_control_1/hook/pythonpath.ps1'
[0.890s] INFO:colcon.colcon_core.shell:Creating environment descriptor '/home/ahmedmwafy/Test/Mwafy/ros2_my_ws/install/turtle_control_1/share/turtle_control_1/hook/pythonpath.dsv'
[0.891s] INFO:colcon.colcon_core.shell:Creating environment hook '/home/ahmedmwafy/Test/Mwafy/ros2_my_ws/install/turtle_control_1/share/turtle_control_1/hook/pythonpath.sh'
[0.891s] Level 1:colcon.colcon_core.environment:checking '/home/ahmedmwafy/Test/Mwafy/ros2_my_ws/install/turtle_control_1/bin'
[0.891s] Level 1:colcon.colcon_core.environment:create_environment_scripts_only(turtle_control_1)
[0.891s] INFO:colcon.colcon_core.shell:Creating package script '/home/ahmedmwafy/Test/Mwafy/ros2_my_ws/install/turtle_control_1/share/turtle_control_1/package.ps1'
[0.892s] INFO:colcon.colcon_core.shell:Creating package descriptor '/home/ahmedmwafy/Test/Mwafy/ros2_my_ws/install/turtle_control_1/share/turtle_control_1/package.dsv'
[0.892s] INFO:colcon.colcon_core.shell:Creating package script '/home/ahmedmwafy/Test/Mwafy/ros2_my_ws/install/turtle_control_1/share/turtle_control_1/package.sh'
[0.892s] INFO:colcon.colcon_core.shell:Creating package script '/home/ahmedmwafy/Test/Mwafy/ros2_my_ws/install/turtle_control_1/share/turtle_control_1/package.bash'
[0.892s] INFO:colcon.colcon_core.shell:Creating package script '/home/ahmedmwafy/Test/Mwafy/ros2_my_ws/install/turtle_control_1/share/turtle_control_1/package.zsh'
[0.892s] Level 1:colcon.colcon_core.environment:create_file_with_runtime_dependencies(/home/ahmedmwafy/Test/Mwafy/ros2_my_ws/install/turtle_control_1/share/colcon-core/packages/turtle_control_1)
[0.902s] Level 1:colcon.colcon_core.environment:checking '/home/ahmedmwafy/Test/Mwafy/ros2_my_ws/install/launch_gz' for CMake module files
[0.902s] DEBUG:colcon.colcon_core.event_handler.log_command:Invoked command in '/home/ahmedmwafy/Test/Mwafy/ros2_my_ws/src/launch_gz' returned '0': PYTHONPATH=/home/ahmedmwafy/Test/Mwafy/ros2_my_ws/build/launch_gz/prefix_override:/usr/lib/python3/dist-packages/colcon_core/task/python/colcon_distutils_commands:/home/ahmedmwafy/Test/Mwafy/ros2_my_ws/install/launch_gz/lib/python3.10/site-packages:${PYTHONPATH} /usr/bin/python3 -W ignore:setup.py install is deprecated -W ignore:easy_install command is deprecated setup.py egg_info --egg-base ../../build/launch_gz build --build-base /home/ahmedmwafy/Test/Mwafy/ros2_my_ws/build/launch_gz/build install --record /home/ahmedmwafy/Test/Mwafy/ros2_my_ws/build/launch_gz/install.log --single-version-externally-managed install_data
[0.903s] Level 1:colcon.colcon_core.environment:checking '/home/ahmedmwafy/Test/Mwafy/ros2_my_ws/install/launch_gz' for CMake config files
[0.903s] Level 1:colcon.colcon_core.environment:checking '/home/ahmedmwafy/Test/Mwafy/ros2_my_ws/install/launch_gz/lib'
[0.903s] Level 1:colcon.colcon_core.environment:checking '/home/ahmedmwafy/Test/Mwafy/ros2_my_ws/install/launch_gz/bin'
[0.903s] Level 1:colcon.colcon_core.environment:checking '/home/ahmedmwafy/Test/Mwafy/ros2_my_ws/install/launch_gz/lib/pkgconfig/launch_gz.pc'
[0.904s] Level 1:colcon.colcon_core.environment:checking '/home/ahmedmwafy/Test/Mwafy/ros2_my_ws/install/launch_gz/lib/python3.10/site-packages'
[0.904s] Level 1:colcon.colcon_core.shell:create_environment_hook('launch_gz', 'pythonpath')
[0.904s] INFO:colcon.colcon_core.shell:Creating environment hook '/home/ahmedmwafy/Test/Mwafy/ros2_my_ws/install/launch_gz/share/launch_gz/hook/pythonpath.ps1'
[0.904s] INFO:colcon.colcon_core.shell:Creating environment descriptor '/home/ahmedmwafy/Test/Mwafy/ros2_my_ws/install/launch_gz/share/launch_gz/hook/pythonpath.dsv'
[0.905s] INFO:colcon.colcon_core.shell:Creating environment hook '/home/ahmedmwafy/Test/Mwafy/ros2_my_ws/install/launch_gz/share/launch_gz/hook/pythonpath.sh'
[0.905s] Level 1:colcon.colcon_core.environment:checking '/home/ahmedmwafy/Test/Mwafy/ros2_my_ws/install/launch_gz/bin'
[0.905s] Level 1:colcon.colcon_core.environment:create_environment_scripts_only(launch_gz)
[0.906s] INFO:colcon.colcon_core.shell:Creating package script '/home/ahmedmwafy/Test/Mwafy/ros2_my_ws/install/launch_gz/share/launch_gz/package.ps1'
[0.906s] INFO:colcon.colcon_core.shell:Creating package descriptor '/home/ahmedmwafy/Test/Mwafy/ros2_my_ws/install/launch_gz/share/launch_gz/package.dsv'
[0.906s] INFO:colcon.colcon_core.shell:Creating package script '/home/ahmedmwafy/Test/Mwafy/ros2_my_ws/install/launch_gz/share/launch_gz/package.sh'
[0.907s] INFO:colcon.colcon_core.shell:Creating package script '/home/ahmedmwafy/Test/Mwafy/ros2_my_ws/install/launch_gz/share/launch_gz/package.bash'
[0.907s] INFO:colcon.colcon_core.shell:Creating package script '/home/ahmedmwafy/Test/Mwafy/ros2_my_ws/install/launch_gz/share/launch_gz/package.zsh'
[0.908s] Level 1:colcon.colcon_core.environment:create_file_with_runtime_dependencies(/home/ahmedmwafy/Test/Mwafy/ros2_my_ws/install/launch_gz/share/colcon-core/packages/launch_gz)
[0.908s] DEBUG:colcon.colcon_parallel_executor.executor.parallel:closing loop
[0.908s] DEBUG:colcon.colcon_parallel_executor.executor.parallel:loop closed
[0.908s] DEBUG:colcon.colcon_parallel_executor.executor.parallel:run_until_complete finished with '0'
[0.908s] DEBUG:colcon.colcon_core.event_reactor:joining thread
[0.911s] INFO:colcon.colcon_core.plugin_system:Skipping extension 'colcon_notification.desktop_notification.terminal_notifier': Not used on non-Darwin systems
[0.911s] INFO:colcon.colcon_core.plugin_system:Skipping extension 'colcon_notification.desktop_notification.win32': Not used on non-Windows systems
[0.912s] INFO:colcon.colcon_notification.desktop_notification:Sending desktop notification using 'notify2'
[0.919s] DEBUG:colcon.colcon_core.event_reactor:joined thread
[0.919s] INFO:colcon.colcon_core.shell:Creating prefix script '/home/ahmedmwafy/Test/Mwafy/ros2_my_ws/install/local_setup.ps1'
[0.920s] INFO:colcon.colcon_core.shell:Creating prefix util module '/home/ahmedmwafy/Test/Mwafy/ros2_my_ws/install/_local_setup_util_ps1.py'
[0.922s] INFO:colcon.colcon_core.shell:Creating prefix chain script '/home/ahmedmwafy/Test/Mwafy/ros2_my_ws/install/setup.ps1'
[0.923s] INFO:colcon.colcon_core.shell:Creating prefix script '/home/ahmedmwafy/Test/Mwafy/ros2_my_ws/install/local_setup.sh'
[0.923s] INFO:colcon.colcon_core.shell:Creating prefix util module '/home/ahmedmwafy/Test/Mwafy/ros2_my_ws/install/_local_setup_util_sh.py'
[0.924s] INFO:colcon.colcon_core.shell:Creating prefix chain script '/home/ahmedmwafy/Test/Mwafy/ros2_my_ws/install/setup.sh'
[0.925s] INFO:colcon.colcon_core.shell:Creating prefix script '/home/ahmedmwafy/Test/Mwafy/ros2_my_ws/install/local_setup.bash'
[0.925s] INFO:colcon.colcon_core.shell:Creating prefix chain script '/home/ahmedmwafy/Test/Mwafy/ros2_my_ws/install/setup.bash'
[0.926s] INFO:colcon.colcon_core.shell:Creating prefix script '/home/ahmedmwafy/Test/Mwafy/ros2_my_ws/install/local_setup.zsh'
[0.927s] INFO:colcon.colcon_core.shell:Creating prefix chain script '/home/ahmedmwafy/Test/Mwafy/ros2_my_ws/install/setup.zsh'
