running egg_info
creating ../../build/launch_gz/launch_gz.egg-info
writing ../../build/launch_gz/launch_gz.egg-info/PKG-INFO
writing dependency_links to ../../build/launch_gz/launch_gz.egg-info/dependency_links.txt
writing entry points to ../../build/launch_gz/launch_gz.egg-info/entry_points.txt
writing requirements to ../../build/launch_gz/launch_gz.egg-info/requires.txt
writing top-level names to ../../build/launch_gz/launch_gz.egg-info/top_level.txt
writing manifest file '../../build/launch_gz/launch_gz.egg-info/SOURCES.txt'
reading manifest file '../../build/launch_gz/launch_gz.egg-info/SOURCES.txt'
adding license file 'LICENSE'
writing manifest file '../../build/launch_gz/launch_gz.egg-info/SOURCES.txt'
running build
running build_py
creating /home/ahmedmwafy/Test/Mwafy/ros2_my_ws/build/launch_gz/build
creating /home/ahmedmwafy/Test/Mwafy/ros2_my_ws/build/launch_gz/build/lib
creating /home/ahmedmwafy/Test/Mwafy/ros2_my_ws/build/launch_gz/build/lib/launch_gz
copying launch_gz/__init__.py -> /home/ahmedmwafy/Test/Mwafy/ros2_my_ws/build/launch_gz/build/lib/launch_gz
running install
running install_lib
creating /home/ahmedmwafy/Test/Mwafy/ros2_my_ws/install/launch_gz/lib/python3.10/site-packages/launch_gz
copying /home/ahmedmwafy/Test/Mwafy/ros2_my_ws/build/launch_gz/build/lib/launch_gz/__init__.py -> /home/ahmedmwafy/Test/Mwafy/ros2_my_ws/install/launch_gz/lib/python3.10/site-packages/launch_gz
byte-compiling /home/ahmedmwafy/Test/Mwafy/ros2_my_ws/install/launch_gz/lib/python3.10/site-packages/launch_gz/__init__.py to __init__.cpython-310.pyc
running install_data
creating /home/ahmedmwafy/Test/Mwafy/ros2_my_ws/install/launch_gz/share/ament_index
creating /home/ahmedmwafy/Test/Mwafy/ros2_my_ws/install/launch_gz/share/ament_index/resource_index
creating /home/ahmedmwafy/Test/Mwafy/ros2_my_ws/install/launch_gz/share/ament_index/resource_index/packages
copying resource/launch_gz -> /home/ahmedmwafy/Test/Mwafy/ros2_my_ws/install/launch_gz/share/ament_index/resource_index/packages
copying package.xml -> /home/ahmedmwafy/Test/Mwafy/ros2_my_ws/install/launch_gz/share/launch_gz
running install_egg_info
Copying ../../build/launch_gz/launch_gz.egg-info to /home/ahmedmwafy/Test/Mwafy/ros2_my_ws/install/launch_gz/lib/python3.10/site-packages/launch_gz-0.0.0-py3.10.egg-info
running install_scripts
writing list of installed files to '/home/ahmedmwafy/Test/Mwafy/ros2_my_ws/build/launch_gz/install.log'
