[0.516s] Invoking command in '/home/ahmedmwafy/Test/Mwafy/ros2_my_ws/src/launch_gz': PYTHONPATH=/home/ahmedmwafy/Test/Mwafy/ros2_my_ws/build/launch_gz/prefix_override:/usr/lib/python3/dist-packages/colcon_core/task/python/colcon_distutils_commands:/home/ahmedmwafy/Test/Mwafy/ros2_my_ws/install/launch_gz/lib/python3.10/site-packages:${PYTHONPATH} /usr/bin/python3 -W ignore:setup.py install is deprecated -W ignore:easy_install command is deprecated setup.py egg_info --egg-base ../../build/launch_gz build --build-base /home/ahmedmwafy/Test/Mwafy/ros2_my_ws/build/launch_gz/build install --record /home/ahmedmwafy/Test/Mwafy/ros2_my_ws/build/launch_gz/install.log --single-version-externally-managed install_data
[0.644s] running egg_info
[0.644s] creating ../../build/launch_gz/launch_gz.egg-info
[0.645s] writing ../../build/launch_gz/launch_gz.egg-info/PKG-INFO
[0.645s] writing dependency_links to ../../build/launch_gz/launch_gz.egg-info/dependency_links.txt
[0.645s] writing entry points to ../../build/launch_gz/launch_gz.egg-info/entry_points.txt
[0.645s] writing requirements to ../../build/launch_gz/launch_gz.egg-info/requires.txt
[0.645s] writing top-level names to ../../build/launch_gz/launch_gz.egg-info/top_level.txt
[0.645s] writing manifest file '../../build/launch_gz/launch_gz.egg-info/SOURCES.txt'
[0.646s] reading manifest file '../../build/launch_gz/launch_gz.egg-info/SOURCES.txt'
[0.646s] adding license file 'LICENSE'
[0.646s] writing manifest file '../../build/launch_gz/launch_gz.egg-info/SOURCES.txt'
[0.646s] running build
[0.646s] running build_py
[0.646s] creating /home/ahmedmwafy/Test/Mwafy/ros2_my_ws/build/launch_gz/build
[0.646s] creating /home/ahmedmwafy/Test/Mwafy/ros2_my_ws/build/launch_gz/build/lib
[0.646s] creating /home/ahmedmwafy/Test/Mwafy/ros2_my_ws/build/launch_gz/build/lib/launch_gz
[0.647s] copying launch_gz/__init__.py -> /home/ahmedmwafy/Test/Mwafy/ros2_my_ws/build/launch_gz/build/lib/launch_gz
[0.647s] running install
[0.647s] running install_lib
[0.647s] creating /home/ahmedmwafy/Test/Mwafy/ros2_my_ws/install/launch_gz/lib/python3.10/site-packages/launch_gz
[0.647s] copying /home/ahmedmwafy/Test/Mwafy/ros2_my_ws/build/launch_gz/build/lib/launch_gz/__init__.py -> /home/ahmedmwafy/Test/Mwafy/ros2_my_ws/install/launch_gz/lib/python3.10/site-packages/launch_gz
[0.647s] byte-compiling /home/ahmedmwafy/Test/Mwafy/ros2_my_ws/install/launch_gz/lib/python3.10/site-packages/launch_gz/__init__.py to __init__.cpython-310.pyc
[0.647s] running install_data
[0.647s] creating /home/ahmedmwafy/Test/Mwafy/ros2_my_ws/install/launch_gz/share/ament_index
[0.647s] creating /home/ahmedmwafy/Test/Mwafy/ros2_my_ws/install/launch_gz/share/ament_index/resource_index
[0.647s] creating /home/ahmedmwafy/Test/Mwafy/ros2_my_ws/install/launch_gz/share/ament_index/resource_index/packages
[0.648s] copying resource/launch_gz -> /home/ahmedmwafy/Test/Mwafy/ros2_my_ws/install/launch_gz/share/ament_index/resource_index/packages
[0.648s] copying package.xml -> /home/ahmedmwafy/Test/Mwafy/ros2_my_ws/install/launch_gz/share/launch_gz
[0.648s] running install_egg_info
[0.649s] Copying ../../build/launch_gz/launch_gz.egg-info to /home/ahmedmwafy/Test/Mwafy/ros2_my_ws/install/launch_gz/lib/python3.10/site-packages/launch_gz-0.0.0-py3.10.egg-info
[0.649s] running install_scripts
[0.662s] writing list of installed files to '/home/ahmedmwafy/Test/Mwafy/ros2_my_ws/build/launch_gz/install.log'
[0.676s] Invoked command in '/home/ahmedmwafy/Test/Mwafy/ros2_my_ws/src/launch_gz' returned '0': PYTHONPATH=/home/ahmedmwafy/Test/Mwafy/ros2_my_ws/build/launch_gz/prefix_override:/usr/lib/python3/dist-packages/colcon_core/task/python/colcon_distutils_commands:/home/ahmedmwafy/Test/Mwafy/ros2_my_ws/install/launch_gz/lib/python3.10/site-packages:${PYTHONPATH} /usr/bin/python3 -W ignore:setup.py install is deprecated -W ignore:easy_install command is deprecated setup.py egg_info --egg-base ../../build/launch_gz build --build-base /home/ahmedmwafy/Test/Mwafy/ros2_my_ws/build/launch_gz/build install --record /home/ahmedmwafy/Test/Mwafy/ros2_my_ws/build/launch_gz/install.log --single-version-externally-managed install_data
