-- Found ament_cmake: 1.3.11 (/opt/ros/humble/share/ament_cmake/cmake)
-- Found rosidl_default_generators: 1.2.0 (/opt/ros/humble/share/rosidl_default_generators/cmake)
-- Using all available rosidl_typesupport_c: rosidl_typesupport_fastrtps_c;rosidl_typesupport_introspection_c
-- Found rosidl_adapter: 3.1.6 (/opt/ros/humble/share/rosidl_adapter/cmake)
-- Using all available rosidl_typesupport_cpp: rosidl_typesupport_fastrtps_cpp;rosidl_typesupport_introspection_cpp
-- Found std_msgs: 4.2.4 (/opt/ros/humble/share/std_msgs/cmake)
-- Found ament_cmake_ros: 0.10.0 (/opt/ros/humble/share/ament_cmake_ros/cmake)
-- Using all available rosidl_typesupport_c: rosidl_typesupport_fastrtps_c;rosidl_typesupport_introspection_c
-- Using all available rosidl_typesupport_cpp: rosidl_typesupport_fastrtps_cpp;rosidl_typesupport_introspection_cpp
-- Found python_cmake_module: 0.10.0 (/opt/ros/humble/share/python_cmake_module/cmake)
-- Using PYTHON_EXECUTABLE: /usr/bin/python3
-- Using PYTHON_INCLUDE_DIRS: /usr/include/python3.10
-- Using PYTHON_LIBRARIES: /usr/lib/x86_64-linux-gnu/libpython3.10.so
-- Found ament_lint_auto: 0.12.11 (/opt/ros/humble/share/ament_lint_auto/cmake)
-- Added test 'flake8' to check Python code syntax and style conventions
-- Added test 'lint_cmake' to check CMake code style
-- Added test 'pep257' to check Python code against some of the docstring style conventions in PEP 257
-- Added test 'xmllint' to check XML markup files
-- Configuring done
-- Generating done
-- Build files have been written to: /home/arafa/Desktop/Autonomous/MMS/Test/3rfa/2.2nd_week_task/task_ws/build/roboy_info_system_msg
[  3%] [34m[1mGenerating C code for ROS interfaces[0m
[  6%] [34m[1mGenerating C++ code for ROS interfaces[0m
[  6%] Built target ament_cmake_python_copy_roboy_info_system_msg
[  6%] Built target roboy_info_system_msg__cpp
[  9%] [34m[1mGenerating C++ type support for eProsima Fast-RTPS[0m
[ 12%] [34m[1mGenerating C++ type support dispatch for ROS interfaces[0m
[ 16%] [34m[1mGenerating C++ introspection for ROS interfaces[0m
running egg_info
writing roboy_info_system_msg.egg-info/PKG-INFO
writing dependency_links to roboy_info_system_msg.egg-info/dependency_links.txt
writing top-level names to roboy_info_system_msg.egg-info/top_level.txt
reading manifest file 'roboy_info_system_msg.egg-info/SOURCES.txt'
writing manifest file 'roboy_info_system_msg.egg-info/SOURCES.txt'
[ 16%] Built target ament_cmake_python_build_roboy_info_system_msg_egg
[35m[1mConsolidate compiler generated dependencies of target roboy_info_system_msg__rosidl_generator_c[0m
[ 19%] [32mBuilding C object CMakeFiles/roboy_info_system_msg__rosidl_generator_c.dir/rosidl_generator_c/roboy_info_system_msg/msg/detail/robot_alert__functions.c.o[0m
[ 22%] [32m[1mLinking C shared library libroboy_info_system_msg__rosidl_generator_c.so[0m
[ 22%] Built target roboy_info_system_msg__rosidl_generator_c
[ 25%] [34m[1mGenerating C type support for eProsima Fast-RTPS[0m
[ 29%] [34m[1mGenerating C introspection for ROS interfaces[0m
[ 32%] [34m[1mGenerating C type support dispatch for ROS interfaces[0m
[35m[1mConsolidate compiler generated dependencies of target roboy_info_system_msg__rosidl_typesupport_fastrtps_cpp[0m
[ 35%] [32mBuilding CXX object CMakeFiles/roboy_info_system_msg__rosidl_typesupport_fastrtps_cpp.dir/rosidl_typesupport_fastrtps_cpp/roboy_info_system_msg/msg/detail/dds_fastrtps/robot_alert__type_support.cpp.o[0m
[35m[1mConsolidate compiler generated dependencies of target roboy_info_system_msg__rosidl_typesupport_cpp[0m
[ 38%] [32mBuilding CXX object CMakeFiles/roboy_info_system_msg__rosidl_typesupport_cpp.dir/rosidl_typesupport_cpp/roboy_info_system_msg/msg/robot_alert__type_support.cpp.o[0m
[35m[1mConsolidate compiler generated dependencies of target roboy_info_system_msg__rosidl_typesupport_introspection_cpp[0m
[ 41%] [32mBuilding CXX object CMakeFiles/roboy_info_system_msg__rosidl_typesupport_introspection_cpp.dir/rosidl_typesupport_introspection_cpp/roboy_info_system_msg/msg/detail/robot_alert__type_support.cpp.o[0m
[35m[1mConsolidate compiler generated dependencies of target roboy_info_system_msg__rosidl_typesupport_fastrtps_c[0m
[ 45%] [32mBuilding CXX object CMakeFiles/roboy_info_system_msg__rosidl_typesupport_fastrtps_c.dir/rosidl_typesupport_fastrtps_c/roboy_info_system_msg/msg/detail/robot_alert__type_support_c.cpp.o[0m
[35m[1mConsolidate compiler generated dependencies of target roboy_info_system_msg__rosidl_typesupport_c[0m
[ 48%] [32mBuilding CXX object CMakeFiles/roboy_info_system_msg__rosidl_typesupport_c.dir/rosidl_typesupport_c/roboy_info_system_msg/msg/robot_alert__type_support.cpp.o[0m
[35m[1mConsolidate compiler generated dependencies of target roboy_info_system_msg__rosidl_typesupport_introspection_c[0m
[ 51%] [32mBuilding C object CMakeFiles/roboy_info_system_msg__rosidl_typesupport_introspection_c.dir/rosidl_typesupport_introspection_c/roboy_info_system_msg/msg/detail/robot_alert__type_support.c.o[0m
[ 54%] [32m[1mLinking CXX shared library libroboy_info_system_msg__rosidl_typesupport_c.so[0m
[ 58%] [32m[1mLinking C shared library libroboy_info_system_msg__rosidl_typesupport_introspection_c.so[0m
[ 58%] Built target roboy_info_system_msg__rosidl_typesupport_c
[ 58%] Built target roboy_info_system_msg__rosidl_typesupport_introspection_c
[ 61%] [32m[1mLinking CXX shared library libroboy_info_system_msg__rosidl_typesupport_cpp.so[0m
[ 61%] Built target roboy_info_system_msg__rosidl_typesupport_cpp
[ 64%] [32m[1mLinking CXX shared library libroboy_info_system_msg__rosidl_typesupport_fastrtps_cpp.so[0m
[ 64%] Built target roboy_info_system_msg__rosidl_typesupport_fastrtps_cpp
[ 67%] [32m[1mLinking CXX shared library libroboy_info_system_msg__rosidl_typesupport_fastrtps_c.so[0m
[ 67%] Built target roboy_info_system_msg__rosidl_typesupport_fastrtps_c
[ 70%] [32m[1mLinking CXX shared library libroboy_info_system_msg__rosidl_typesupport_introspection_cpp.so[0m
[ 70%] Built target roboy_info_system_msg__rosidl_typesupport_introspection_cpp
[ 70%] Built target roboy_info_system_msg
[ 74%] [34m[1mGenerating Python code for ROS interfaces[0m
[ 74%] Built target roboy_info_system_msg__py
[35m[1mConsolidate compiler generated dependencies of target roboy_info_system_msg__rosidl_generator_py[0m
[ 77%] [32mBuilding C object CMakeFiles/roboy_info_system_msg__rosidl_generator_py.dir/rosidl_generator_py/roboy_info_system_msg/msg/_robot_alert_s.c.o[0m
[ 80%] [32m[1mLinking C shared library rosidl_generator_py/roboy_info_system_msg/libroboy_info_system_msg__rosidl_generator_py.so[0m
[ 80%] Built target roboy_info_system_msg__rosidl_generator_py
[35m[1mConsolidate compiler generated dependencies of target roboy_info_system_msg__rosidl_typesupport_c__pyext[0m
[35m[1mConsolidate compiler generated dependencies of target roboy_info_system_msg__rosidl_typesupport_introspection_c__pyext[0m
[35m[1mConsolidate compiler generated dependencies of target roboy_info_system_msg__rosidl_typesupport_fastrtps_c__pyext[0m
[ 83%] [32mBuilding C object CMakeFiles/roboy_info_system_msg__rosidl_typesupport_introspection_c__pyext.dir/rosidl_generator_py/roboy_info_system_msg/_roboy_info_system_msg_s.ep.rosidl_typesupport_introspection_c.c.o[0m
[ 87%] [32mBuilding C object CMakeFiles/roboy_info_system_msg__rosidl_typesupport_fastrtps_c__pyext.dir/rosidl_generator_py/roboy_info_system_msg/_roboy_info_system_msg_s.ep.rosidl_typesupport_fastrtps_c.c.o[0m
[ 90%] [32mBuilding C object CMakeFiles/roboy_info_system_msg__rosidl_typesupport_c__pyext.dir/rosidl_generator_py/roboy_info_system_msg/_roboy_info_system_msg_s.ep.rosidl_typesupport_c.c.o[0m
[100%] [32m[1mLinking C shared library rosidl_generator_py/roboy_info_system_msg/roboy_info_system_msg_s__rosidl_typesupport_fastrtps_c.cpython-310-x86_64-linux-gnu.so[0m
[100%] [32m[1mLinking C shared library rosidl_generator_py/roboy_info_system_msg/roboy_info_system_msg_s__rosidl_typesupport_introspection_c.cpython-310-x86_64-linux-gnu.so[0m
[100%] [32m[1mLinking C shared library rosidl_generator_py/roboy_info_system_msg/roboy_info_system_msg_s__rosidl_typesupport_c.cpython-310-x86_64-linux-gnu.so[0m
[100%] Built target roboy_info_system_msg__rosidl_typesupport_fastrtps_c__pyext
[100%] Built target roboy_info_system_msg__rosidl_typesupport_introspection_c__pyext
[100%] Built target roboy_info_system_msg__rosidl_typesupport_c__pyext
-- Install configuration: ""
-- Up-to-date: /home/arafa/Desktop/Autonomous/MMS/Test/3rfa/2.2nd_week_task/task_ws/install/roboy_info_system_msg/share/ament_index/resource_index/rosidl_interfaces/roboy_info_system_msg
-- Up-to-date: /home/arafa/Desktop/Autonomous/MMS/Test/3rfa/2.2nd_week_task/task_ws/install/roboy_info_system_msg/include/roboy_info_system_msg/roboy_info_system_msg
-- Up-to-date: /home/arafa/Desktop/Autonomous/MMS/Test/3rfa/2.2nd_week_task/task_ws/install/roboy_info_system_msg/include/roboy_info_system_msg/roboy_info_system_msg/msg
-- Installing: /home/arafa/Desktop/Autonomous/MMS/Test/3rfa/2.2nd_week_task/task_ws/install/roboy_info_system_msg/include/roboy_info_system_msg/roboy_info_system_msg/msg/robot_alert.h
-- Up-to-date: /home/arafa/Desktop/Autonomous/MMS/Test/3rfa/2.2nd_week_task/task_ws/install/roboy_info_system_msg/include/roboy_info_system_msg/roboy_info_system_msg/msg/detail
-- Installing: /home/arafa/Desktop/Autonomous/MMS/Test/3rfa/2.2nd_week_task/task_ws/install/roboy_info_system_msg/include/roboy_info_system_msg/roboy_info_system_msg/msg/detail/robot_alert__struct.h
-- Installing: /home/arafa/Desktop/Autonomous/MMS/Test/3rfa/2.2nd_week_task/task_ws/install/roboy_info_system_msg/include/roboy_info_system_msg/roboy_info_system_msg/msg/detail/robot_alert__functions.c
-- Installing: /home/arafa/Desktop/Autonomous/MMS/Test/3rfa/2.2nd_week_task/task_ws/install/roboy_info_system_msg/include/roboy_info_system_msg/roboy_info_system_msg/msg/detail/robot_alert__functions.h
-- Installing: /home/arafa/Desktop/Autonomous/MMS/Test/3rfa/2.2nd_week_task/task_ws/install/roboy_info_system_msg/include/roboy_info_system_msg/roboy_info_system_msg/msg/detail/robot_alert__type_support.h
-- Up-to-date: /home/arafa/Desktop/Autonomous/MMS/Test/3rfa/2.2nd_week_task/task_ws/install/roboy_info_system_msg/include/roboy_info_system_msg/roboy_info_system_msg/msg/rosidl_generator_c__visibility_control.h
-- Up-to-date: /home/arafa/Desktop/Autonomous/MMS/Test/3rfa/2.2nd_week_task/task_ws/install/roboy_info_system_msg/share/roboy_info_system_msg/environment/library_path.sh
-- Installing: /home/arafa/Desktop/Autonomous/MMS/Test/3rfa/2.2nd_week_task/task_ws/install/roboy_info_system_msg/share/roboy_info_system_msg/environment/library_path.dsv
-- Installing: /home/arafa/Desktop/Autonomous/MMS/Test/3rfa/2.2nd_week_task/task_ws/install/roboy_info_system_msg/lib/libroboy_info_system_msg__rosidl_generator_c.so
-- Set runtime path of "/home/arafa/Desktop/Autonomous/MMS/Test/3rfa/2.2nd_week_task/task_ws/install/roboy_info_system_msg/lib/libroboy_info_system_msg__rosidl_generator_c.so" to ""
-- Up-to-date: /home/arafa/Desktop/Autonomous/MMS/Test/3rfa/2.2nd_week_task/task_ws/install/roboy_info_system_msg/include/roboy_info_system_msg/roboy_info_system_msg
-- Up-to-date: /home/arafa/Desktop/Autonomous/MMS/Test/3rfa/2.2nd_week_task/task_ws/install/roboy_info_system_msg/include/roboy_info_system_msg/roboy_info_system_msg/msg
-- Up-to-date: /home/arafa/Desktop/Autonomous/MMS/Test/3rfa/2.2nd_week_task/task_ws/install/roboy_info_system_msg/include/roboy_info_system_msg/roboy_info_system_msg/msg/rosidl_typesupport_fastrtps_c__visibility_control.h
-- Up-to-date: /home/arafa/Desktop/Autonomous/MMS/Test/3rfa/2.2nd_week_task/task_ws/install/roboy_info_system_msg/include/roboy_info_system_msg/roboy_info_system_msg/msg/detail
-- Installing: /home/arafa/Desktop/Autonomous/MMS/Test/3rfa/2.2nd_week_task/task_ws/install/roboy_info_system_msg/include/roboy_info_system_msg/roboy_info_system_msg/msg/detail/robot_alert__rosidl_typesupport_fastrtps_c.h
-- Installing: /home/arafa/Desktop/Autonomous/MMS/Test/3rfa/2.2nd_week_task/task_ws/install/roboy_info_system_msg/lib/libroboy_info_system_msg__rosidl_typesupport_fastrtps_c.so
-- Set runtime path of "/home/arafa/Desktop/Autonomous/MMS/Test/3rfa/2.2nd_week_task/task_ws/install/roboy_info_system_msg/lib/libroboy_info_system_msg__rosidl_typesupport_fastrtps_c.so" to ""
-- Up-to-date: /home/arafa/Desktop/Autonomous/MMS/Test/3rfa/2.2nd_week_task/task_ws/install/roboy_info_system_msg/include/roboy_info_system_msg/roboy_info_system_msg
-- Up-to-date: /home/arafa/Desktop/Autonomous/MMS/Test/3rfa/2.2nd_week_task/task_ws/install/roboy_info_system_msg/include/roboy_info_system_msg/roboy_info_system_msg/msg
-- Up-to-date: /home/arafa/Desktop/Autonomous/MMS/Test/3rfa/2.2nd_week_task/task_ws/install/roboy_info_system_msg/include/roboy_info_system_msg/roboy_info_system_msg/msg/rosidl_typesupport_introspection_c__visibility_control.h
-- Up-to-date: /home/arafa/Desktop/Autonomous/MMS/Test/3rfa/2.2nd_week_task/task_ws/install/roboy_info_system_msg/include/roboy_info_system_msg/roboy_info_system_msg/msg/detail
-- Installing: /home/arafa/Desktop/Autonomous/MMS/Test/3rfa/2.2nd_week_task/task_ws/install/roboy_info_system_msg/include/roboy_info_system_msg/roboy_info_system_msg/msg/detail/robot_alert__type_support.c
-- Installing: /home/arafa/Desktop/Autonomous/MMS/Test/3rfa/2.2nd_week_task/task_ws/install/roboy_info_system_msg/include/roboy_info_system_msg/roboy_info_system_msg/msg/detail/robot_alert__rosidl_typesupport_introspection_c.h
-- Installing: /home/arafa/Desktop/Autonomous/MMS/Test/3rfa/2.2nd_week_task/task_ws/install/roboy_info_system_msg/lib/libroboy_info_system_msg__rosidl_typesupport_introspection_c.so
-- Set runtime path of "/home/arafa/Desktop/Autonomous/MMS/Test/3rfa/2.2nd_week_task/task_ws/install/roboy_info_system_msg/lib/libroboy_info_system_msg__rosidl_typesupport_introspection_c.so" to ""
-- Installing: /home/arafa/Desktop/Autonomous/MMS/Test/3rfa/2.2nd_week_task/task_ws/install/roboy_info_system_msg/lib/libroboy_info_system_msg__rosidl_typesupport_c.so
-- Set runtime path of "/home/arafa/Desktop/Autonomous/MMS/Test/3rfa/2.2nd_week_task/task_ws/install/roboy_info_system_msg/lib/libroboy_info_system_msg__rosidl_typesupport_c.so" to ""
-- Up-to-date: /home/arafa/Desktop/Autonomous/MMS/Test/3rfa/2.2nd_week_task/task_ws/install/roboy_info_system_msg/include/roboy_info_system_msg/roboy_info_system_msg
-- Up-to-date: /home/arafa/Desktop/Autonomous/MMS/Test/3rfa/2.2nd_week_task/task_ws/install/roboy_info_system_msg/include/roboy_info_system_msg/roboy_info_system_msg/msg
-- Up-to-date: /home/arafa/Desktop/Autonomous/MMS/Test/3rfa/2.2nd_week_task/task_ws/install/roboy_info_system_msg/include/roboy_info_system_msg/roboy_info_system_msg/msg/rosidl_generator_cpp__visibility_control.hpp
-- Installing: /home/arafa/Desktop/Autonomous/MMS/Test/3rfa/2.2nd_week_task/task_ws/install/roboy_info_system_msg/include/roboy_info_system_msg/roboy_info_system_msg/msg/robot_alert.hpp
-- Up-to-date: /home/arafa/Desktop/Autonomous/MMS/Test/3rfa/2.2nd_week_task/task_ws/install/roboy_info_system_msg/include/roboy_info_system_msg/roboy_info_system_msg/msg/detail
-- Installing: /home/arafa/Desktop/Autonomous/MMS/Test/3rfa/2.2nd_week_task/task_ws/install/roboy_info_system_msg/include/roboy_info_system_msg/roboy_info_system_msg/msg/detail/robot_alert__struct.hpp
-- Installing: /home/arafa/Desktop/Autonomous/MMS/Test/3rfa/2.2nd_week_task/task_ws/install/roboy_info_system_msg/include/roboy_info_system_msg/roboy_info_system_msg/msg/detail/robot_alert__type_support.hpp
-- Installing: /home/arafa/Desktop/Autonomous/MMS/Test/3rfa/2.2nd_week_task/task_ws/install/roboy_info_system_msg/include/roboy_info_system_msg/roboy_info_system_msg/msg/detail/robot_alert__builder.hpp
-- Installing: /home/arafa/Desktop/Autonomous/MMS/Test/3rfa/2.2nd_week_task/task_ws/install/roboy_info_system_msg/include/roboy_info_system_msg/roboy_info_system_msg/msg/detail/robot_alert__traits.hpp
-- Up-to-date: /home/arafa/Desktop/Autonomous/MMS/Test/3rfa/2.2nd_week_task/task_ws/install/roboy_info_system_msg/include/roboy_info_system_msg/roboy_info_system_msg
-- Up-to-date: /home/arafa/Desktop/Autonomous/MMS/Test/3rfa/2.2nd_week_task/task_ws/install/roboy_info_system_msg/include/roboy_info_system_msg/roboy_info_system_msg/msg
-- Up-to-date: /home/arafa/Desktop/Autonomous/MMS/Test/3rfa/2.2nd_week_task/task_ws/install/roboy_info_system_msg/include/roboy_info_system_msg/roboy_info_system_msg/msg/detail
-- Installing: /home/arafa/Desktop/Autonomous/MMS/Test/3rfa/2.2nd_week_task/task_ws/install/roboy_info_system_msg/include/roboy_info_system_msg/roboy_info_system_msg/msg/detail/robot_alert__rosidl_typesupport_fastrtps_cpp.hpp
-- Up-to-date: /home/arafa/Desktop/Autonomous/MMS/Test/3rfa/2.2nd_week_task/task_ws/install/roboy_info_system_msg/include/roboy_info_system_msg/roboy_info_system_msg/msg/detail/dds_fastrtps
-- Up-to-date: /home/arafa/Desktop/Autonomous/MMS/Test/3rfa/2.2nd_week_task/task_ws/install/roboy_info_system_msg/include/roboy_info_system_msg/roboy_info_system_msg/msg/rosidl_typesupport_fastrtps_cpp__visibility_control.h
-- Installing: /home/arafa/Desktop/Autonomous/MMS/Test/3rfa/2.2nd_week_task/task_ws/install/roboy_info_system_msg/lib/libroboy_info_system_msg__rosidl_typesupport_fastrtps_cpp.so
-- Set runtime path of "/home/arafa/Desktop/Autonomous/MMS/Test/3rfa/2.2nd_week_task/task_ws/install/roboy_info_system_msg/lib/libroboy_info_system_msg__rosidl_typesupport_fastrtps_cpp.so" to ""
-- Up-to-date: /home/arafa/Desktop/Autonomous/MMS/Test/3rfa/2.2nd_week_task/task_ws/install/roboy_info_system_msg/include/roboy_info_system_msg/roboy_info_system_msg
-- Up-to-date: /home/arafa/Desktop/Autonomous/MMS/Test/3rfa/2.2nd_week_task/task_ws/install/roboy_info_system_msg/include/roboy_info_system_msg/roboy_info_system_msg/msg
-- Up-to-date: /home/arafa/Desktop/Autonomous/MMS/Test/3rfa/2.2nd_week_task/task_ws/install/roboy_info_system_msg/include/roboy_info_system_msg/roboy_info_system_msg/msg/detail
-- Installing: /home/arafa/Desktop/Autonomous/MMS/Test/3rfa/2.2nd_week_task/task_ws/install/roboy_info_system_msg/include/roboy_info_system_msg/roboy_info_system_msg/msg/detail/robot_alert__rosidl_typesupport_introspection_cpp.hpp
-- Installing: /home/arafa/Desktop/Autonomous/MMS/Test/3rfa/2.2nd_week_task/task_ws/install/roboy_info_system_msg/include/roboy_info_system_msg/roboy_info_system_msg/msg/detail/robot_alert__type_support.cpp
-- Installing: /home/arafa/Desktop/Autonomous/MMS/Test/3rfa/2.2nd_week_task/task_ws/install/roboy_info_system_msg/lib/libroboy_info_system_msg__rosidl_typesupport_introspection_cpp.so
-- Set runtime path of "/home/arafa/Desktop/Autonomous/MMS/Test/3rfa/2.2nd_week_task/task_ws/install/roboy_info_system_msg/lib/libroboy_info_system_msg__rosidl_typesupport_introspection_cpp.so" to ""
-- Installing: /home/arafa/Desktop/Autonomous/MMS/Test/3rfa/2.2nd_week_task/task_ws/install/roboy_info_system_msg/lib/libroboy_info_system_msg__rosidl_typesupport_cpp.so
-- Set runtime path of "/home/arafa/Desktop/Autonomous/MMS/Test/3rfa/2.2nd_week_task/task_ws/install/roboy_info_system_msg/lib/libroboy_info_system_msg__rosidl_typesupport_cpp.so" to ""
-- Up-to-date: /home/arafa/Desktop/Autonomous/MMS/Test/3rfa/2.2nd_week_task/task_ws/install/roboy_info_system_msg/share/roboy_info_system_msg/environment/pythonpath.sh
-- Installing: /home/arafa/Desktop/Autonomous/MMS/Test/3rfa/2.2nd_week_task/task_ws/install/roboy_info_system_msg/share/roboy_info_system_msg/environment/pythonpath.dsv
-- Up-to-date: /home/arafa/Desktop/Autonomous/MMS/Test/3rfa/2.2nd_week_task/task_ws/install/roboy_info_system_msg/local/lib/python3.10/dist-packages/roboy_info_system_msg-0.0.0-py3.10.egg-info
-- Installing: /home/arafa/Desktop/Autonomous/MMS/Test/3rfa/2.2nd_week_task/task_ws/install/roboy_info_system_msg/local/lib/python3.10/dist-packages/roboy_info_system_msg-0.0.0-py3.10.egg-info/SOURCES.txt
-- Installing: /home/arafa/Desktop/Autonomous/MMS/Test/3rfa/2.2nd_week_task/task_ws/install/roboy_info_system_msg/local/lib/python3.10/dist-packages/roboy_info_system_msg-0.0.0-py3.10.egg-info/dependency_links.txt
-- Installing: /home/arafa/Desktop/Autonomous/MMS/Test/3rfa/2.2nd_week_task/task_ws/install/roboy_info_system_msg/local/lib/python3.10/dist-packages/roboy_info_system_msg-0.0.0-py3.10.egg-info/PKG-INFO
-- Installing: /home/arafa/Desktop/Autonomous/MMS/Test/3rfa/2.2nd_week_task/task_ws/install/roboy_info_system_msg/local/lib/python3.10/dist-packages/roboy_info_system_msg-0.0.0-py3.10.egg-info/top_level.txt
-- Up-to-date: /home/arafa/Desktop/Autonomous/MMS/Test/3rfa/2.2nd_week_task/task_ws/install/roboy_info_system_msg/local/lib/python3.10/dist-packages/roboy_info_system_msg
-- Installing: /home/arafa/Desktop/Autonomous/MMS/Test/3rfa/2.2nd_week_task/task_ws/install/roboy_info_system_msg/local/lib/python3.10/dist-packages/roboy_info_system_msg/roboy_info_system_msg_s__rosidl_typesupport_c.cpython-310-x86_64-linux-gnu.so
-- Installing: /home/arafa/Desktop/Autonomous/MMS/Test/3rfa/2.2nd_week_task/task_ws/install/roboy_info_system_msg/local/lib/python3.10/dist-packages/roboy_info_system_msg/_roboy_info_system_msg_s.ep.rosidl_typesupport_introspection_c.c
-- Installing: /home/arafa/Desktop/Autonomous/MMS/Test/3rfa/2.2nd_week_task/task_ws/install/roboy_info_system_msg/local/lib/python3.10/dist-packages/roboy_info_system_msg/libroboy_info_system_msg__rosidl_generator_py.so
-- Installing: /home/arafa/Desktop/Autonomous/MMS/Test/3rfa/2.2nd_week_task/task_ws/install/roboy_info_system_msg/local/lib/python3.10/dist-packages/roboy_info_system_msg/_roboy_info_system_msg_s.ep.rosidl_typesupport_fastrtps_c.c
-- Installing: /home/arafa/Desktop/Autonomous/MMS/Test/3rfa/2.2nd_week_task/task_ws/install/roboy_info_system_msg/local/lib/python3.10/dist-packages/roboy_info_system_msg/__init__.py
-- Installing: /home/arafa/Desktop/Autonomous/MMS/Test/3rfa/2.2nd_week_task/task_ws/install/roboy_info_system_msg/local/lib/python3.10/dist-packages/roboy_info_system_msg/roboy_info_system_msg_s__rosidl_typesupport_introspection_c.cpython-310-x86_64-linux-gnu.so
-- Up-to-date: /home/arafa/Desktop/Autonomous/MMS/Test/3rfa/2.2nd_week_task/task_ws/install/roboy_info_system_msg/local/lib/python3.10/dist-packages/roboy_info_system_msg/msg
-- Installing: /home/arafa/Desktop/Autonomous/MMS/Test/3rfa/2.2nd_week_task/task_ws/install/roboy_info_system_msg/local/lib/python3.10/dist-packages/roboy_info_system_msg/msg/_robot_alert_s.c
-- Installing: /home/arafa/Desktop/Autonomous/MMS/Test/3rfa/2.2nd_week_task/task_ws/install/roboy_info_system_msg/local/lib/python3.10/dist-packages/roboy_info_system_msg/msg/__init__.py
-- Installing: /home/arafa/Desktop/Autonomous/MMS/Test/3rfa/2.2nd_week_task/task_ws/install/roboy_info_system_msg/local/lib/python3.10/dist-packages/roboy_info_system_msg/msg/_robot_alert.py
-- Installing: /home/arafa/Desktop/Autonomous/MMS/Test/3rfa/2.2nd_week_task/task_ws/install/roboy_info_system_msg/local/lib/python3.10/dist-packages/roboy_info_system_msg/roboy_info_system_msg_s__rosidl_typesupport_fastrtps_c.cpython-310-x86_64-linux-gnu.so
-- Installing: /home/arafa/Desktop/Autonomous/MMS/Test/3rfa/2.2nd_week_task/task_ws/install/roboy_info_system_msg/local/lib/python3.10/dist-packages/roboy_info_system_msg/_roboy_info_system_msg_s.ep.rosidl_typesupport_c.c
Listing '/home/arafa/Desktop/Autonomous/MMS/Test/3rfa/2.2nd_week_task/task_ws/install/roboy_info_system_msg/local/lib/python3.10/dist-packages/roboy_info_system_msg'...
Compiling '/home/arafa/Desktop/Autonomous/MMS/Test/3rfa/2.2nd_week_task/task_ws/install/roboy_info_system_msg/local/lib/python3.10/dist-packages/roboy_info_system_msg/__init__.py'...
Listing '/home/arafa/Desktop/Autonomous/MMS/Test/3rfa/2.2nd_week_task/task_ws/install/roboy_info_system_msg/local/lib/python3.10/dist-packages/roboy_info_system_msg/msg'...
Compiling '/home/arafa/Desktop/Autonomous/MMS/Test/3rfa/2.2nd_week_task/task_ws/install/roboy_info_system_msg/local/lib/python3.10/dist-packages/roboy_info_system_msg/msg/__init__.py'...
Compiling '/home/arafa/Desktop/Autonomous/MMS/Test/3rfa/2.2nd_week_task/task_ws/install/roboy_info_system_msg/local/lib/python3.10/dist-packages/roboy_info_system_msg/msg/_robot_alert.py'...
-- Installing: /home/arafa/Desktop/Autonomous/MMS/Test/3rfa/2.2nd_week_task/task_ws/install/roboy_info_system_msg/local/lib/python3.10/dist-packages/roboy_info_system_msg/roboy_info_system_msg_s__rosidl_typesupport_fastrtps_c.cpython-310-x86_64-linux-gnu.so
-- Set runtime path of "/home/arafa/Desktop/Autonomous/MMS/Test/3rfa/2.2nd_week_task/task_ws/install/roboy_info_system_msg/local/lib/python3.10/dist-packages/roboy_info_system_msg/roboy_info_system_msg_s__rosidl_typesupport_fastrtps_c.cpython-310-x86_64-linux-gnu.so" to ""
-- Installing: /home/arafa/Desktop/Autonomous/MMS/Test/3rfa/2.2nd_week_task/task_ws/install/roboy_info_system_msg/local/lib/python3.10/dist-packages/roboy_info_system_msg/roboy_info_system_msg_s__rosidl_typesupport_introspection_c.cpython-310-x86_64-linux-gnu.so
-- Set runtime path of "/home/arafa/Desktop/Autonomous/MMS/Test/3rfa/2.2nd_week_task/task_ws/install/roboy_info_system_msg/local/lib/python3.10/dist-packages/roboy_info_system_msg/roboy_info_system_msg_s__rosidl_typesupport_introspection_c.cpython-310-x86_64-linux-gnu.so" to ""
-- Installing: /home/arafa/Desktop/Autonomous/MMS/Test/3rfa/2.2nd_week_task/task_ws/install/roboy_info_system_msg/local/lib/python3.10/dist-packages/roboy_info_system_msg/roboy_info_system_msg_s__rosidl_typesupport_c.cpython-310-x86_64-linux-gnu.so
-- Set runtime path of "/home/arafa/Desktop/Autonomous/MMS/Test/3rfa/2.2nd_week_task/task_ws/install/roboy_info_system_msg/local/lib/python3.10/dist-packages/roboy_info_system_msg/roboy_info_system_msg_s__rosidl_typesupport_c.cpython-310-x86_64-linux-gnu.so" to ""
-- Installing: /home/arafa/Desktop/Autonomous/MMS/Test/3rfa/2.2nd_week_task/task_ws/install/roboy_info_system_msg/lib/libroboy_info_system_msg__rosidl_generator_py.so
-- Set runtime path of "/home/arafa/Desktop/Autonomous/MMS/Test/3rfa/2.2nd_week_task/task_ws/install/roboy_info_system_msg/lib/libroboy_info_system_msg__rosidl_generator_py.so" to ""
-- Installing: /home/arafa/Desktop/Autonomous/MMS/Test/3rfa/2.2nd_week_task/task_ws/install/roboy_info_system_msg/share/roboy_info_system_msg/msg/RobotAlert.idl
-- Installing: /home/arafa/Desktop/Autonomous/MMS/Test/3rfa/2.2nd_week_task/task_ws/install/roboy_info_system_msg/share/roboy_info_system_msg/msg/RobotAlert.msg
-- Up-to-date: /home/arafa/Desktop/Autonomous/MMS/Test/3rfa/2.2nd_week_task/task_ws/install/roboy_info_system_msg/share/ament_index/resource_index/package_run_dependencies/roboy_info_system_msg
-- Installing: /home/arafa/Desktop/Autonomous/MMS/Test/3rfa/2.2nd_week_task/task_ws/install/roboy_info_system_msg/share/ament_index/resource_index/parent_prefix_path/roboy_info_system_msg
-- Up-to-date: /home/arafa/Desktop/Autonomous/MMS/Test/3rfa/2.2nd_week_task/task_ws/install/roboy_info_system_msg/share/roboy_info_system_msg/environment/ament_prefix_path.sh
-- Installing: /home/arafa/Desktop/Autonomous/MMS/Test/3rfa/2.2nd_week_task/task_ws/install/roboy_info_system_msg/share/roboy_info_system_msg/environment/ament_prefix_path.dsv
-- Up-to-date: /home/arafa/Desktop/Autonomous/MMS/Test/3rfa/2.2nd_week_task/task_ws/install/roboy_info_system_msg/share/roboy_info_system_msg/environment/path.sh
-- Installing: /home/arafa/Desktop/Autonomous/MMS/Test/3rfa/2.2nd_week_task/task_ws/install/roboy_info_system_msg/share/roboy_info_system_msg/environment/path.dsv
-- Up-to-date: /home/arafa/Desktop/Autonomous/MMS/Test/3rfa/2.2nd_week_task/task_ws/install/roboy_info_system_msg/share/roboy_info_system_msg/local_setup.bash
-- Up-to-date: /home/arafa/Desktop/Autonomous/MMS/Test/3rfa/2.2nd_week_task/task_ws/install/roboy_info_system_msg/share/roboy_info_system_msg/local_setup.sh
-- Up-to-date: /home/arafa/Desktop/Autonomous/MMS/Test/3rfa/2.2nd_week_task/task_ws/install/roboy_info_system_msg/share/roboy_info_system_msg/local_setup.zsh
-- Installing: /home/arafa/Desktop/Autonomous/MMS/Test/3rfa/2.2nd_week_task/task_ws/install/roboy_info_system_msg/share/roboy_info_system_msg/local_setup.dsv
-- Installing: /home/arafa/Desktop/Autonomous/MMS/Test/3rfa/2.2nd_week_task/task_ws/install/roboy_info_system_msg/share/roboy_info_system_msg/package.dsv
-- Up-to-date: /home/arafa/Desktop/Autonomous/MMS/Test/3rfa/2.2nd_week_task/task_ws/install/roboy_info_system_msg/share/ament_index/resource_index/packages/roboy_info_system_msg
-- Up-to-date: /home/arafa/Desktop/Autonomous/MMS/Test/3rfa/2.2nd_week_task/task_ws/install/roboy_info_system_msg/share/roboy_info_system_msg/cmake/export_roboy_info_system_msg__rosidl_generator_cExport.cmake
-- Up-to-date: /home/arafa/Desktop/Autonomous/MMS/Test/3rfa/2.2nd_week_task/task_ws/install/roboy_info_system_msg/share/roboy_info_system_msg/cmake/export_roboy_info_system_msg__rosidl_generator_cExport-noconfig.cmake
-- Up-to-date: /home/arafa/Desktop/Autonomous/MMS/Test/3rfa/2.2nd_week_task/task_ws/install/roboy_info_system_msg/share/roboy_info_system_msg/cmake/export_roboy_info_system_msg__rosidl_typesupport_fastrtps_cExport.cmake
-- Up-to-date: /home/arafa/Desktop/Autonomous/MMS/Test/3rfa/2.2nd_week_task/task_ws/install/roboy_info_system_msg/share/roboy_info_system_msg/cmake/export_roboy_info_system_msg__rosidl_typesupport_fastrtps_cExport-noconfig.cmake
-- Up-to-date: /home/arafa/Desktop/Autonomous/MMS/Test/3rfa/2.2nd_week_task/task_ws/install/roboy_info_system_msg/share/roboy_info_system_msg/cmake/roboy_info_system_msg__rosidl_typesupport_introspection_cExport.cmake
-- Up-to-date: /home/arafa/Desktop/Autonomous/MMS/Test/3rfa/2.2nd_week_task/task_ws/install/roboy_info_system_msg/share/roboy_info_system_msg/cmake/roboy_info_system_msg__rosidl_typesupport_introspection_cExport-noconfig.cmake
-- Up-to-date: /home/arafa/Desktop/Autonomous/MMS/Test/3rfa/2.2nd_week_task/task_ws/install/roboy_info_system_msg/share/roboy_info_system_msg/cmake/roboy_info_system_msg__rosidl_typesupport_cExport.cmake
-- Up-to-date: /home/arafa/Desktop/Autonomous/MMS/Test/3rfa/2.2nd_week_task/task_ws/install/roboy_info_system_msg/share/roboy_info_system_msg/cmake/roboy_info_system_msg__rosidl_typesupport_cExport-noconfig.cmake
-- Up-to-date: /home/arafa/Desktop/Autonomous/MMS/Test/3rfa/2.2nd_week_task/task_ws/install/roboy_info_system_msg/share/roboy_info_system_msg/cmake/export_roboy_info_system_msg__rosidl_generator_cppExport.cmake
-- Up-to-date: /home/arafa/Desktop/Autonomous/MMS/Test/3rfa/2.2nd_week_task/task_ws/install/roboy_info_system_msg/share/roboy_info_system_msg/cmake/export_roboy_info_system_msg__rosidl_typesupport_fastrtps_cppExport.cmake
-- Up-to-date: /home/arafa/Desktop/Autonomous/MMS/Test/3rfa/2.2nd_week_task/task_ws/install/roboy_info_system_msg/share/roboy_info_system_msg/cmake/export_roboy_info_system_msg__rosidl_typesupport_fastrtps_cppExport-noconfig.cmake
-- Up-to-date: /home/arafa/Desktop/Autonomous/MMS/Test/3rfa/2.2nd_week_task/task_ws/install/roboy_info_system_msg/share/roboy_info_system_msg/cmake/roboy_info_system_msg__rosidl_typesupport_introspection_cppExport.cmake
-- Up-to-date: /home/arafa/Desktop/Autonomous/MMS/Test/3rfa/2.2nd_week_task/task_ws/install/roboy_info_system_msg/share/roboy_info_system_msg/cmake/roboy_info_system_msg__rosidl_typesupport_introspection_cppExport-noconfig.cmake
-- Up-to-date: /home/arafa/Desktop/Autonomous/MMS/Test/3rfa/2.2nd_week_task/task_ws/install/roboy_info_system_msg/share/roboy_info_system_msg/cmake/roboy_info_system_msg__rosidl_typesupport_cppExport.cmake
-- Up-to-date: /home/arafa/Desktop/Autonomous/MMS/Test/3rfa/2.2nd_week_task/task_ws/install/roboy_info_system_msg/share/roboy_info_system_msg/cmake/roboy_info_system_msg__rosidl_typesupport_cppExport-noconfig.cmake
-- Up-to-date: /home/arafa/Desktop/Autonomous/MMS/Test/3rfa/2.2nd_week_task/task_ws/install/roboy_info_system_msg/share/roboy_info_system_msg/cmake/export_roboy_info_system_msg__rosidl_generator_pyExport.cmake
-- Up-to-date: /home/arafa/Desktop/Autonomous/MMS/Test/3rfa/2.2nd_week_task/task_ws/install/roboy_info_system_msg/share/roboy_info_system_msg/cmake/export_roboy_info_system_msg__rosidl_generator_pyExport-noconfig.cmake
-- Up-to-date: /home/arafa/Desktop/Autonomous/MMS/Test/3rfa/2.2nd_week_task/task_ws/install/roboy_info_system_msg/share/roboy_info_system_msg/cmake/rosidl_cmake-extras.cmake
-- Up-to-date: /home/arafa/Desktop/Autonomous/MMS/Test/3rfa/2.2nd_week_task/task_ws/install/roboy_info_system_msg/share/roboy_info_system_msg/cmake/ament_cmake_export_dependencies-extras.cmake
-- Up-to-date: /home/arafa/Desktop/Autonomous/MMS/Test/3rfa/2.2nd_week_task/task_ws/install/roboy_info_system_msg/share/roboy_info_system_msg/cmake/ament_cmake_export_include_directories-extras.cmake
-- Up-to-date: /home/arafa/Desktop/Autonomous/MMS/Test/3rfa/2.2nd_week_task/task_ws/install/roboy_info_system_msg/share/roboy_info_system_msg/cmake/ament_cmake_export_libraries-extras.cmake
-- Up-to-date: /home/arafa/Desktop/Autonomous/MMS/Test/3rfa/2.2nd_week_task/task_ws/install/roboy_info_system_msg/share/roboy_info_system_msg/cmake/ament_cmake_export_targets-extras.cmake
-- Up-to-date: /home/arafa/Desktop/Autonomous/MMS/Test/3rfa/2.2nd_week_task/task_ws/install/roboy_info_system_msg/share/roboy_info_system_msg/cmake/rosidl_cmake_export_typesupport_targets-extras.cmake
-- Up-to-date: /home/arafa/Desktop/Autonomous/MMS/Test/3rfa/2.2nd_week_task/task_ws/install/roboy_info_system_msg/share/roboy_info_system_msg/cmake/rosidl_cmake_export_typesupport_libraries-extras.cmake
-- Up-to-date: /home/arafa/Desktop/Autonomous/MMS/Test/3rfa/2.2nd_week_task/task_ws/install/roboy_info_system_msg/share/roboy_info_system_msg/cmake/roboy_info_system_msgConfig.cmake
-- Up-to-date: /home/arafa/Desktop/Autonomous/MMS/Test/3rfa/2.2nd_week_task/task_ws/install/roboy_info_system_msg/share/roboy_info_system_msg/cmake/roboy_info_system_msgConfig-version.cmake
-- Up-to-date: /home/arafa/Desktop/Autonomous/MMS/Test/3rfa/2.2nd_week_task/task_ws/install/roboy_info_system_msg/share/roboy_info_system_msg/package.xml
-- Installing: /home/arafa/Desktop/Autonomous/MMS/Test/3rfa/2.2nd_week_task/task_ws/install/roboy_info_system_msg/lib/roboy_info_system_msg/robot_alert_test.py
