[0.147s] DEBUG:colcon:Command line arguments: ['/usr/bin/colcon', 'build']
[0.147s] DEBUG:colcon:Parsed command line arguments: Namespace(log_base=None, log_level=None, verb_name='build', build_base='build', install_base='install', merge_install=False, symlink_install=False, test_result_base=None, continue_on_error=False, executor='parallel', parallel_workers=12, event_handlers=None, ignore_user_meta=False, metas=['./colcon.meta'], base_paths=['.'], packages_ignore=None, packages_ignore_regex=None, paths=None, packages_up_to=None, packages_up_to_regex=None, packages_above=None, packages_above_and_dependencies=None, packages_above_depth=None, packages_select_by_dep=None, packages_skip_by_dep=None, packages_skip_up_to=None, packages_select_build_failed=False, packages_skip_build_finished=False, packages_select_test_failures=False, packages_skip_test_passed=False, packages_select=None, packages_skip=None, packages_select_regex=None, packages_skip_regex=None, packages_start=None, packages_end=None, allow_overriding=[], cmake_args=None, cmake_target=None, cmake_target_skip_unavailable=False, cmake_clean_cache=False, cmake_clean_first=False, cmake_force_configure=False, ament_cmake_args=None, catkin_cmake_args=None, catkin_skip_building_tests=False, verb_parser=<colcon_defaults.argument_parser.defaults.DefaultArgumentsDecorator object at 0x75f96c732740>, verb_extension=<colcon_core.verb.build.BuildVerb object at 0x75f96c7322f0>, main=<bound method BuildVerb.main of <colcon_core.verb.build.BuildVerb object at 0x75f96c7322f0>>)
[0.362s] Level 1:colcon.colcon_core.package_discovery:discover_packages(colcon_meta) check parameters
[0.362s] Level 1:colcon.colcon_core.package_discovery:discover_packages(recursive) check parameters
[0.362s] Level 1:colcon.colcon_core.package_discovery:discover_packages(ignore) check parameters
[0.362s] Level 1:colcon.colcon_core.package_discovery:discover_packages(path) check parameters
[0.362s] Level 1:colcon.colcon_core.package_discovery:discover_packages(colcon_meta) discover
[0.362s] Level 1:colcon.colcon_core.package_discovery:discover_packages(recursive) discover
[0.362s] INFO:colcon.colcon_core.package_discovery:Crawling recursively for packages in '/home/arafa/Desktop/Autonomous/MMS/Test/3rfa/2.2nd_week_task/task_ws'
[0.362s] Level 1:colcon.colcon_core.package_identification:_identify(.) by extensions ['ignore', 'ignore_ament_install']
[0.363s] Level 1:colcon.colcon_core.package_identification:_identify(.) by extension 'ignore'
[0.363s] Level 1:colcon.colcon_core.package_identification:_identify(.) by extension 'ignore_ament_install'
[0.363s] Level 1:colcon.colcon_core.package_identification:_identify(.) by extensions ['colcon_pkg']
[0.363s] Level 1:colcon.colcon_core.package_identification:_identify(.) by extension 'colcon_pkg'
[0.363s] Level 1:colcon.colcon_core.package_identification:_identify(.) by extensions ['colcon_meta']
[0.363s] Level 1:colcon.colcon_core.package_identification:_identify(.) by extension 'colcon_meta'
[0.363s] Level 1:colcon.colcon_core.package_identification:_identify(.) by extensions ['ros']
[0.363s] Level 1:colcon.colcon_core.package_identification:_identify(.) by extension 'ros'
[0.379s] Level 1:colcon.colcon_core.package_identification:_identify(.) by extensions ['cmake', 'python']
[0.379s] Level 1:colcon.colcon_core.package_identification:_identify(.) by extension 'cmake'
[0.379s] Level 1:colcon.colcon_core.package_identification:_identify(.) by extension 'python'
[0.379s] Level 1:colcon.colcon_core.package_identification:_identify(.) by extensions ['python_setup_py']
[0.379s] Level 1:colcon.colcon_core.package_identification:_identify(.) by extension 'python_setup_py'
[0.379s] Level 1:colcon.colcon_core.package_identification:_identify(build) by extensions ['ignore', 'ignore_ament_install']
[0.379s] Level 1:colcon.colcon_core.package_identification:_identify(build) by extension 'ignore'
[0.379s] Level 1:colcon.colcon_core.package_identification:_identify(build) ignored
[0.380s] Level 1:colcon.colcon_core.package_identification:_identify(install) by extensions ['ignore', 'ignore_ament_install']
[0.380s] Level 1:colcon.colcon_core.package_identification:_identify(install) by extension 'ignore'
[0.380s] Level 1:colcon.colcon_core.package_identification:_identify(install) ignored
[0.380s] Level 1:colcon.colcon_core.package_identification:_identify(log) by extensions ['ignore', 'ignore_ament_install']
[0.380s] Level 1:colcon.colcon_core.package_identification:_identify(log) by extension 'ignore'
[0.380s] Level 1:colcon.colcon_core.package_identification:_identify(log) ignored
[0.380s] Level 1:colcon.colcon_core.package_identification:_identify(src) by extensions ['ignore', 'ignore_ament_install']
[0.380s] Level 1:colcon.colcon_core.package_identification:_identify(src) by extension 'ignore'
[0.380s] Level 1:colcon.colcon_core.package_identification:_identify(src) by extension 'ignore_ament_install'
[0.380s] Level 1:colcon.colcon_core.package_identification:_identify(src) by extensions ['colcon_pkg']
[0.381s] Level 1:colcon.colcon_core.package_identification:_identify(src) by extension 'colcon_pkg'
[0.381s] Level 1:colcon.colcon_core.package_identification:_identify(src) by extensions ['colcon_meta']
[0.381s] Level 1:colcon.colcon_core.package_identification:_identify(src) by extension 'colcon_meta'
[0.381s] Level 1:colcon.colcon_core.package_identification:_identify(src) by extensions ['ros']
[0.381s] Level 1:colcon.colcon_core.package_identification:_identify(src) by extension 'ros'
[0.381s] Level 1:colcon.colcon_core.package_identification:_identify(src) by extensions ['cmake', 'python']
[0.381s] Level 1:colcon.colcon_core.package_identification:_identify(src) by extension 'cmake'
[0.381s] Level 1:colcon.colcon_core.package_identification:_identify(src) by extension 'python'
[0.381s] Level 1:colcon.colcon_core.package_identification:_identify(src) by extensions ['python_setup_py']
[0.381s] Level 1:colcon.colcon_core.package_identification:_identify(src) by extension 'python_setup_py'
[0.381s] Level 1:colcon.colcon_core.package_identification:_identify(src/roboy_info_system_msg) by extensions ['ignore', 'ignore_ament_install']
[0.381s] Level 1:colcon.colcon_core.package_identification:_identify(src/roboy_info_system_msg) by extension 'ignore'
[0.381s] Level 1:colcon.colcon_core.package_identification:_identify(src/roboy_info_system_msg) by extension 'ignore_ament_install'
[0.381s] Level 1:colcon.colcon_core.package_identification:_identify(src/roboy_info_system_msg) by extensions ['colcon_pkg']
[0.382s] Level 1:colcon.colcon_core.package_identification:_identify(src/roboy_info_system_msg) by extension 'colcon_pkg'
[0.382s] Level 1:colcon.colcon_core.package_identification:_identify(src/roboy_info_system_msg) by extensions ['colcon_meta']
[0.382s] Level 1:colcon.colcon_core.package_identification:_identify(src/roboy_info_system_msg) by extension 'colcon_meta'
[0.382s] Level 1:colcon.colcon_core.package_identification:_identify(src/roboy_info_system_msg) by extensions ['ros']
[0.382s] Level 1:colcon.colcon_core.package_identification:_identify(src/roboy_info_system_msg) by extension 'ros'
[0.385s] DEBUG:colcon.colcon_core.package_identification:Package 'src/roboy_info_system_msg' with type 'ros.ament_cmake' and name 'roboy_info_system_msg'
[0.385s] Level 1:colcon.colcon_core.package_discovery:discover_packages(recursive) using defaults
[0.385s] Level 1:colcon.colcon_core.package_discovery:discover_packages(ignore) discover
[0.385s] Level 1:colcon.colcon_core.package_discovery:discover_packages(ignore) using defaults
[0.385s] Level 1:colcon.colcon_core.package_discovery:discover_packages(path) discover
[0.385s] Level 1:colcon.colcon_core.package_discovery:discover_packages(path) using defaults
[0.412s] Level 1:colcon.colcon_core.package_discovery:discover_packages(prefix_path) check parameters
[0.412s] Level 1:colcon.colcon_core.package_discovery:discover_packages(prefix_path) discover
[0.415s] DEBUG:colcon.colcon_installed_package_information.package_discovery:Found 271 installed packages in /opt/ros/humble
[0.418s] Level 1:colcon.colcon_core.package_discovery:discover_packages(prefix_path) using defaults
[0.480s] Level 5:colcon.colcon_core.verb:set package 'roboy_info_system_msg' build argument 'cmake_args' from command line to 'None'
[0.480s] Level 5:colcon.colcon_core.verb:set package 'roboy_info_system_msg' build argument 'cmake_target' from command line to 'None'
[0.480s] Level 5:colcon.colcon_core.verb:set package 'roboy_info_system_msg' build argument 'cmake_target_skip_unavailable' from command line to 'False'
[0.480s] Level 5:colcon.colcon_core.verb:set package 'roboy_info_system_msg' build argument 'cmake_clean_cache' from command line to 'False'
[0.480s] Level 5:colcon.colcon_core.verb:set package 'roboy_info_system_msg' build argument 'cmake_clean_first' from command line to 'False'
[0.480s] Level 5:colcon.colcon_core.verb:set package 'roboy_info_system_msg' build argument 'cmake_force_configure' from command line to 'False'
[0.480s] Level 5:colcon.colcon_core.verb:set package 'roboy_info_system_msg' build argument 'ament_cmake_args' from command line to 'None'
[0.480s] Level 5:colcon.colcon_core.verb:set package 'roboy_info_system_msg' build argument 'catkin_cmake_args' from command line to 'None'
[0.480s] Level 5:colcon.colcon_core.verb:set package 'roboy_info_system_msg' build argument 'catkin_skip_building_tests' from command line to 'False'
[0.480s] DEBUG:colcon.colcon_core.verb:Building package 'roboy_info_system_msg' with the following arguments: {'ament_cmake_args': None, 'build_base': '/home/arafa/Desktop/Autonomous/MMS/Test/3rfa/2.2nd_week_task/task_ws/build/roboy_info_system_msg', 'catkin_cmake_args': None, 'catkin_skip_building_tests': False, 'cmake_args': None, 'cmake_clean_cache': False, 'cmake_clean_first': False, 'cmake_force_configure': False, 'cmake_target': None, 'cmake_target_skip_unavailable': False, 'install_base': '/home/arafa/Desktop/Autonomous/MMS/Test/3rfa/2.2nd_week_task/task_ws/install/roboy_info_system_msg', 'merge_install': False, 'path': '/home/arafa/Desktop/Autonomous/MMS/Test/3rfa/2.2nd_week_task/task_ws/src/roboy_info_system_msg', 'symlink_install': False, 'test_result_base': None}
[0.480s] INFO:colcon.colcon_core.executor:Executing jobs using 'parallel' executor
[0.482s] DEBUG:colcon.colcon_parallel_executor.executor.parallel:run_until_complete
[0.482s] INFO:colcon.colcon_ros.task.ament_cmake.build:Building ROS package in '/home/arafa/Desktop/Autonomous/MMS/Test/3rfa/2.2nd_week_task/task_ws/src/roboy_info_system_msg' with build type 'ament_cmake'
[0.482s] INFO:colcon.colcon_cmake.task.cmake.build:Building CMake package in '/home/arafa/Desktop/Autonomous/MMS/Test/3rfa/2.2nd_week_task/task_ws/src/roboy_info_system_msg'
[0.484s] INFO:colcon.colcon_core.plugin_system:Skipping extension 'colcon_core.shell.bat': Not used on non-Windows systems
[0.485s] INFO:colcon.colcon_core.shell:Skip shell extension 'powershell' for command environment: Not usable outside of PowerShell
[0.485s] DEBUG:colcon.colcon_core.shell:Skip shell extension 'dsv' for command environment
[0.494s] DEBUG:colcon.colcon_core.event_handler.log_command:Invoking command in '/home/arafa/Desktop/Autonomous/MMS/Test/3rfa/2.2nd_week_task/task_ws/build/roboy_info_system_msg': CMAKE_PREFIX_PATH=/opt/ros/humble /usr/bin/cmake --build /home/arafa/Desktop/Autonomous/MMS/Test/3rfa/2.2nd_week_task/task_ws/build/roboy_info_system_msg -- -j12 -l12
[4.515s] DEBUG:colcon.colcon_core.event_handler.log_command:Invoked command in '/home/arafa/Desktop/Autonomous/MMS/Test/3rfa/2.2nd_week_task/task_ws/build/roboy_info_system_msg' returned '0': CMAKE_PREFIX_PATH=/opt/ros/humble /usr/bin/cmake --build /home/arafa/Desktop/Autonomous/MMS/Test/3rfa/2.2nd_week_task/task_ws/build/roboy_info_system_msg -- -j12 -l12
[4.527s] DEBUG:colcon.colcon_core.event_handler.log_command:Invoking command in '/home/arafa/Desktop/Autonomous/MMS/Test/3rfa/2.2nd_week_task/task_ws/build/roboy_info_system_msg': CMAKE_PREFIX_PATH=/opt/ros/humble /usr/bin/cmake --install /home/arafa/Desktop/Autonomous/MMS/Test/3rfa/2.2nd_week_task/task_ws/build/roboy_info_system_msg
[4.607s] Level 1:colcon.colcon_core.environment:create_environment_scripts_only(roboy_info_system_msg)
[4.608s] DEBUG:colcon.colcon_core.event_handler.log_command:Invoked command in '/home/arafa/Desktop/Autonomous/MMS/Test/3rfa/2.2nd_week_task/task_ws/build/roboy_info_system_msg' returned '0': CMAKE_PREFIX_PATH=/opt/ros/humble /usr/bin/cmake --install /home/arafa/Desktop/Autonomous/MMS/Test/3rfa/2.2nd_week_task/task_ws/build/roboy_info_system_msg
[4.611s] Level 1:colcon.colcon_core.environment:checking '/home/arafa/Desktop/Autonomous/MMS/Test/3rfa/2.2nd_week_task/task_ws/install/roboy_info_system_msg' for CMake module files
[4.611s] Level 1:colcon.colcon_core.environment:checking '/home/arafa/Desktop/Autonomous/MMS/Test/3rfa/2.2nd_week_task/task_ws/install/roboy_info_system_msg' for CMake config files
[4.612s] Level 1:colcon.colcon_core.shell:create_environment_hook('roboy_info_system_msg', 'cmake_prefix_path')
[4.612s] INFO:colcon.colcon_core.shell:Creating environment hook '/home/arafa/Desktop/Autonomous/MMS/Test/3rfa/2.2nd_week_task/task_ws/install/roboy_info_system_msg/share/roboy_info_system_msg/hook/cmake_prefix_path.ps1'
[4.613s] INFO:colcon.colcon_core.shell:Creating environment descriptor '/home/arafa/Desktop/Autonomous/MMS/Test/3rfa/2.2nd_week_task/task_ws/install/roboy_info_system_msg/share/roboy_info_system_msg/hook/cmake_prefix_path.dsv'
[4.613s] INFO:colcon.colcon_core.shell:Creating environment hook '/home/arafa/Desktop/Autonomous/MMS/Test/3rfa/2.2nd_week_task/task_ws/install/roboy_info_system_msg/share/roboy_info_system_msg/hook/cmake_prefix_path.sh'
[4.615s] Level 1:colcon.colcon_core.environment:checking '/home/arafa/Desktop/Autonomous/MMS/Test/3rfa/2.2nd_week_task/task_ws/install/roboy_info_system_msg/lib'
[4.615s] Level 1:colcon.colcon_core.shell:create_environment_hook('roboy_info_system_msg', 'ld_library_path_lib')
[4.615s] INFO:colcon.colcon_core.shell:Creating environment hook '/home/arafa/Desktop/Autonomous/MMS/Test/3rfa/2.2nd_week_task/task_ws/install/roboy_info_system_msg/share/roboy_info_system_msg/hook/ld_library_path_lib.ps1'
[4.616s] INFO:colcon.colcon_core.shell:Creating environment descriptor '/home/arafa/Desktop/Autonomous/MMS/Test/3rfa/2.2nd_week_task/task_ws/install/roboy_info_system_msg/share/roboy_info_system_msg/hook/ld_library_path_lib.dsv'
[4.616s] INFO:colcon.colcon_core.shell:Creating environment hook '/home/arafa/Desktop/Autonomous/MMS/Test/3rfa/2.2nd_week_task/task_ws/install/roboy_info_system_msg/share/roboy_info_system_msg/hook/ld_library_path_lib.sh'
[4.616s] Level 1:colcon.colcon_core.environment:checking '/home/arafa/Desktop/Autonomous/MMS/Test/3rfa/2.2nd_week_task/task_ws/install/roboy_info_system_msg/bin'
[4.617s] Level 1:colcon.colcon_core.environment:checking '/home/arafa/Desktop/Autonomous/MMS/Test/3rfa/2.2nd_week_task/task_ws/install/roboy_info_system_msg/lib/pkgconfig/roboy_info_system_msg.pc'
[4.617s] Level 1:colcon.colcon_core.environment:checking '/home/arafa/Desktop/Autonomous/MMS/Test/3rfa/2.2nd_week_task/task_ws/install/roboy_info_system_msg/lib/python3.10/site-packages'
[4.617s] Level 1:colcon.colcon_core.environment:checking '/home/arafa/Desktop/Autonomous/MMS/Test/3rfa/2.2nd_week_task/task_ws/install/roboy_info_system_msg/bin'
[4.618s] INFO:colcon.colcon_core.shell:Creating package script '/home/arafa/Desktop/Autonomous/MMS/Test/3rfa/2.2nd_week_task/task_ws/install/roboy_info_system_msg/share/roboy_info_system_msg/package.ps1'
[4.619s] INFO:colcon.colcon_core.shell:Creating package descriptor '/home/arafa/Desktop/Autonomous/MMS/Test/3rfa/2.2nd_week_task/task_ws/install/roboy_info_system_msg/share/roboy_info_system_msg/package.dsv'
[4.620s] INFO:colcon.colcon_core.shell:Creating package script '/home/arafa/Desktop/Autonomous/MMS/Test/3rfa/2.2nd_week_task/task_ws/install/roboy_info_system_msg/share/roboy_info_system_msg/package.sh'
[4.621s] INFO:colcon.colcon_core.shell:Creating package script '/home/arafa/Desktop/Autonomous/MMS/Test/3rfa/2.2nd_week_task/task_ws/install/roboy_info_system_msg/share/roboy_info_system_msg/package.bash'
[4.622s] INFO:colcon.colcon_core.shell:Creating package script '/home/arafa/Desktop/Autonomous/MMS/Test/3rfa/2.2nd_week_task/task_ws/install/roboy_info_system_msg/share/roboy_info_system_msg/package.zsh'
[4.623s] Level 1:colcon.colcon_core.environment:create_file_with_runtime_dependencies(/home/arafa/Desktop/Autonomous/MMS/Test/3rfa/2.2nd_week_task/task_ws/install/roboy_info_system_msg/share/colcon-core/packages/roboy_info_system_msg)
[4.623s] Level 1:colcon.colcon_core.environment:create_environment_scripts_only(roboy_info_system_msg)
[4.624s] Level 1:colcon.colcon_core.environment:checking '/home/arafa/Desktop/Autonomous/MMS/Test/3rfa/2.2nd_week_task/task_ws/install/roboy_info_system_msg' for CMake module files
[4.624s] Level 1:colcon.colcon_core.environment:checking '/home/arafa/Desktop/Autonomous/MMS/Test/3rfa/2.2nd_week_task/task_ws/install/roboy_info_system_msg' for CMake config files
[4.625s] Level 1:colcon.colcon_core.shell:create_environment_hook('roboy_info_system_msg', 'cmake_prefix_path')
[4.625s] INFO:colcon.colcon_core.shell:Creating environment hook '/home/arafa/Desktop/Autonomous/MMS/Test/3rfa/2.2nd_week_task/task_ws/install/roboy_info_system_msg/share/roboy_info_system_msg/hook/cmake_prefix_path.ps1'
[4.626s] INFO:colcon.colcon_core.shell:Creating environment descriptor '/home/arafa/Desktop/Autonomous/MMS/Test/3rfa/2.2nd_week_task/task_ws/install/roboy_info_system_msg/share/roboy_info_system_msg/hook/cmake_prefix_path.dsv'
[4.626s] INFO:colcon.colcon_core.shell:Creating environment hook '/home/arafa/Desktop/Autonomous/MMS/Test/3rfa/2.2nd_week_task/task_ws/install/roboy_info_system_msg/share/roboy_info_system_msg/hook/cmake_prefix_path.sh'
[4.627s] Level 1:colcon.colcon_core.environment:checking '/home/arafa/Desktop/Autonomous/MMS/Test/3rfa/2.2nd_week_task/task_ws/install/roboy_info_system_msg/lib'
[4.627s] Level 1:colcon.colcon_core.shell:create_environment_hook('roboy_info_system_msg', 'ld_library_path_lib')
[4.628s] INFO:colcon.colcon_core.shell:Creating environment hook '/home/arafa/Desktop/Autonomous/MMS/Test/3rfa/2.2nd_week_task/task_ws/install/roboy_info_system_msg/share/roboy_info_system_msg/hook/ld_library_path_lib.ps1'
[4.628s] INFO:colcon.colcon_core.shell:Creating environment descriptor '/home/arafa/Desktop/Autonomous/MMS/Test/3rfa/2.2nd_week_task/task_ws/install/roboy_info_system_msg/share/roboy_info_system_msg/hook/ld_library_path_lib.dsv'
[4.629s] INFO:colcon.colcon_core.shell:Creating environment hook '/home/arafa/Desktop/Autonomous/MMS/Test/3rfa/2.2nd_week_task/task_ws/install/roboy_info_system_msg/share/roboy_info_system_msg/hook/ld_library_path_lib.sh'
[4.629s] Level 1:colcon.colcon_core.environment:checking '/home/arafa/Desktop/Autonomous/MMS/Test/3rfa/2.2nd_week_task/task_ws/install/roboy_info_system_msg/bin'
[4.629s] Level 1:colcon.colcon_core.environment:checking '/home/arafa/Desktop/Autonomous/MMS/Test/3rfa/2.2nd_week_task/task_ws/install/roboy_info_system_msg/lib/pkgconfig/roboy_info_system_msg.pc'
[4.630s] Level 1:colcon.colcon_core.environment:checking '/home/arafa/Desktop/Autonomous/MMS/Test/3rfa/2.2nd_week_task/task_ws/install/roboy_info_system_msg/lib/python3.10/site-packages'
[4.630s] Level 1:colcon.colcon_core.environment:checking '/home/arafa/Desktop/Autonomous/MMS/Test/3rfa/2.2nd_week_task/task_ws/install/roboy_info_system_msg/bin'
[4.631s] INFO:colcon.colcon_core.shell:Creating package script '/home/arafa/Desktop/Autonomous/MMS/Test/3rfa/2.2nd_week_task/task_ws/install/roboy_info_system_msg/share/roboy_info_system_msg/package.ps1'
[4.631s] INFO:colcon.colcon_core.shell:Creating package descriptor '/home/arafa/Desktop/Autonomous/MMS/Test/3rfa/2.2nd_week_task/task_ws/install/roboy_info_system_msg/share/roboy_info_system_msg/package.dsv'
[4.632s] INFO:colcon.colcon_core.shell:Creating package script '/home/arafa/Desktop/Autonomous/MMS/Test/3rfa/2.2nd_week_task/task_ws/install/roboy_info_system_msg/share/roboy_info_system_msg/package.sh'
[4.633s] INFO:colcon.colcon_core.shell:Creating package script '/home/arafa/Desktop/Autonomous/MMS/Test/3rfa/2.2nd_week_task/task_ws/install/roboy_info_system_msg/share/roboy_info_system_msg/package.bash'
[4.634s] INFO:colcon.colcon_core.shell:Creating package script '/home/arafa/Desktop/Autonomous/MMS/Test/3rfa/2.2nd_week_task/task_ws/install/roboy_info_system_msg/share/roboy_info_system_msg/package.zsh'
[4.634s] Level 1:colcon.colcon_core.environment:create_file_with_runtime_dependencies(/home/arafa/Desktop/Autonomous/MMS/Test/3rfa/2.2nd_week_task/task_ws/install/roboy_info_system_msg/share/colcon-core/packages/roboy_info_system_msg)
[4.635s] DEBUG:colcon.colcon_parallel_executor.executor.parallel:closing loop
[4.635s] DEBUG:colcon.colcon_parallel_executor.executor.parallel:loop closed
[4.635s] DEBUG:colcon.colcon_parallel_executor.executor.parallel:run_until_complete finished with '0'
[4.635s] DEBUG:colcon.colcon_core.event_reactor:joining thread
[4.641s] INFO:colcon.colcon_core.plugin_system:Skipping extension 'colcon_notification.desktop_notification.terminal_notifier': Not used on non-Darwin systems
[4.641s] INFO:colcon.colcon_core.plugin_system:Skipping extension 'colcon_notification.desktop_notification.win32': Not used on non-Windows systems
[4.641s] INFO:colcon.colcon_notification.desktop_notification:Sending desktop notification using 'notify2'
[4.656s] DEBUG:colcon.colcon_core.event_reactor:joined thread
[4.656s] INFO:colcon.colcon_core.shell:Creating prefix script '/home/arafa/Desktop/Autonomous/MMS/Test/3rfa/2.2nd_week_task/task_ws/install/local_setup.ps1'
[4.658s] INFO:colcon.colcon_core.shell:Creating prefix util module '/home/arafa/Desktop/Autonomous/MMS/Test/3rfa/2.2nd_week_task/task_ws/install/_local_setup_util_ps1.py'
[4.660s] INFO:colcon.colcon_core.shell:Creating prefix chain script '/home/arafa/Desktop/Autonomous/MMS/Test/3rfa/2.2nd_week_task/task_ws/install/setup.ps1'
[4.661s] INFO:colcon.colcon_core.shell:Creating prefix script '/home/arafa/Desktop/Autonomous/MMS/Test/3rfa/2.2nd_week_task/task_ws/install/local_setup.sh'
[4.662s] INFO:colcon.colcon_core.shell:Creating prefix util module '/home/arafa/Desktop/Autonomous/MMS/Test/3rfa/2.2nd_week_task/task_ws/install/_local_setup_util_sh.py'
[4.663s] INFO:colcon.colcon_core.shell:Creating prefix chain script '/home/arafa/Desktop/Autonomous/MMS/Test/3rfa/2.2nd_week_task/task_ws/install/setup.sh'
[4.664s] INFO:colcon.colcon_core.shell:Creating prefix script '/home/arafa/Desktop/Autonomous/MMS/Test/3rfa/2.2nd_week_task/task_ws/install/local_setup.bash'
[4.665s] INFO:colcon.colcon_core.shell:Creating prefix chain script '/home/arafa/Desktop/Autonomous/MMS/Test/3rfa/2.2nd_week_task/task_ws/install/setup.bash'
[4.666s] INFO:colcon.colcon_core.shell:Creating prefix script '/home/arafa/Desktop/Autonomous/MMS/Test/3rfa/2.2nd_week_task/task_ws/install/local_setup.zsh'
[4.668s] INFO:colcon.colcon_core.shell:Creating prefix chain script '/home/arafa/Desktop/Autonomous/MMS/Test/3rfa/2.2nd_week_task/task_ws/install/setup.zsh'
