running egg_info
writing ../../build/launch_gz/launch_gz.egg-info/PKG-INFO
writing dependency_links to ../../build/launch_gz/launch_gz.egg-info/dependency_links.txt
writing entry points to ../../build/launch_gz/launch_gz.egg-info/entry_points.txt
writing requirements to ../../build/launch_gz/launch_gz.egg-info/requires.txt
writing top-level names to ../../build/launch_gz/launch_gz.egg-info/top_level.txt
reading manifest file '../../build/launch_gz/launch_gz.egg-info/SOURCES.txt'
adding license file 'LICENSE'
writing manifest file '../../build/launch_gz/launch_gz.egg-info/SOURCES.txt'
running build
running build_py
copying launch_gz/load_robot_description.py -> /home/ahmedmwafy/Test/Mwafy/ros2_my_ws/build/launch_gz/build/lib/launch_gz
running install
running install_lib
copying /home/ahmedmwafy/Test/Mwafy/ros2_my_ws/build/launch_gz/build/lib/launch_gz/load_robot_description.py -> /home/ahmedmwafy/Test/Mwafy/ros2_my_ws/install/launch_gz/lib/python3.10/site-packages/launch_gz
byte-compiling /home/ahmedmwafy/Test/Mwafy/ros2_my_ws/install/launch_gz/lib/python3.10/site-packages/launch_gz/load_robot_description.py to load_robot_description.cpython-310.pyc
running install_data
running install_egg_info
removing '/home/ahmedmwafy/Test/Mwafy/ros2_my_ws/install/launch_gz/lib/python3.10/site-packages/launch_gz-0.0.0-py3.10.egg-info' (and everything under it)
Copying ../../build/launch_gz/launch_gz.egg-info to /home/ahmedmwafy/Test/Mwafy/ros2_my_ws/install/launch_gz/lib/python3.10/site-packages/launch_gz-0.0.0-py3.10.egg-info
running install_scripts
Installing load_robot_description script to /home/ahmedmwafy/Test/Mwafy/ros2_my_ws/install/launch_gz/lib/launch_gz
writing list of installed files to '/home/ahmedmwafy/Test/Mwafy/ros2_my_ws/build/launch_gz/install.log'
