[0.010s] Invoking command in '/home/arafa/Desktop/Autonomous/MMS/Test/3rfa/2.2nd_week_task/task_ws/build/roboy_info_system_msg': CMAKE_PREFIX_PATH=/opt/ros/humble /usr/bin/cmake /home/arafa/Desktop/Autonomous/MMS/Test/3rfa/2.2nd_week_task/task_ws/src/roboy_info_system_msg -DCMAKE_INSTALL_PREFIX=/home/arafa/Desktop/Autonomous/MMS/Test/3rfa/2.2nd_week_task/task_ws/install/roboy_info_system_msg
[0.096s] -- The C compiler identification is GNU 11.4.0
[0.180s] -- The CXX compiler identification is GNU 11.4.0
[0.190s] -- Detecting C compiler ABI info
[0.275s] -- Detecting C compiler ABI info - done
[0.286s] -- Check for working C compiler: /usr/bin/cc - skipped
[0.287s] -- Detecting C compile features
[0.288s] -- Detecting C compile features - done
[0.292s] -- Detecting CXX compiler ABI info
[0.381s] -- Detecting CXX compiler ABI info - done
[0.390s] -- Check for working CXX compiler: /usr/bin/c++ - skipped
[0.391s] -- Detecting CXX compile features
[0.391s] -- Detecting CXX compile features - done
[0.396s] -- Found ament_cmake: 1.3.11 (/opt/ros/humble/share/ament_cmake/cmake)
[0.573s] -- Found Python3: /usr/bin/python3 (found version "3.10.12") found components: Interpreter 
[0.683s] -- Found rosidl_default_generators: 1.2.0 (/opt/ros/humble/share/rosidl_default_generators/cmake)
[0.688s] -- Using all available rosidl_typesupport_c: rosidl_typesupport_fastrtps_c;rosidl_typesupport_introspection_c
[0.696s] -- Found rosidl_adapter: 3.1.6 (/opt/ros/humble/share/rosidl_adapter/cmake)
[0.751s] -- Using all available rosidl_typesupport_cpp: rosidl_typesupport_fastrtps_cpp;rosidl_typesupport_introspection_cpp
[0.798s] -- Found std_msgs: 4.2.4 (/opt/ros/humble/share/std_msgs/cmake)
[1.167s] -- Found ament_cmake_ros: 0.10.0 (/opt/ros/humble/share/ament_cmake_ros/cmake)
[1.435s] -- Using all available rosidl_typesupport_c: rosidl_typesupport_fastrtps_c;rosidl_typesupport_introspection_c
[1.773s] -- Using all available rosidl_typesupport_cpp: rosidl_typesupport_fastrtps_cpp;rosidl_typesupport_introspection_cpp
[1.800s] -- Found PythonInterp: /usr/bin/python3 (found suitable version "3.10.12", minimum required is "3.6") 
[1.801s] -- Found python_cmake_module: 0.10.0 (/opt/ros/humble/share/python_cmake_module/cmake)
[1.831s] -- Found PythonLibs: /usr/lib/x86_64-linux-gnu/libpython3.10.so (found suitable version "3.10.12", minimum required is "3.5") 
[1.831s] -- Using PYTHON_EXECUTABLE: /usr/bin/python3
[1.831s] -- Using PYTHON_INCLUDE_DIRS: /usr/include/python3.10
[1.831s] -- Using PYTHON_LIBRARIES: /usr/lib/x86_64-linux-gnu/libpython3.10.so
[1.856s] -- Found PythonExtra: .so  
[1.912s] -- Found ament_lint_auto: 0.12.11 (/opt/ros/humble/share/ament_lint_auto/cmake)
[1.938s] -- Added test 'lint_cmake' to check CMake code style
[1.940s] -- Added test 'xmllint' to check XML markup files
[1.943s] -- Configuring done
[1.981s] -- Generating done
[1.996s] -- Build files have been written to: /home/arafa/Desktop/Autonomous/MMS/Test/3rfa/2.2nd_week_task/task_ws/build/roboy_info_system_msg
[2.003s] Invoked command in '/home/arafa/Desktop/Autonomous/MMS/Test/3rfa/2.2nd_week_task/task_ws/build/roboy_info_system_msg' returned '0': CMAKE_PREFIX_PATH=/opt/ros/humble /usr/bin/cmake /home/arafa/Desktop/Autonomous/MMS/Test/3rfa/2.2nd_week_task/task_ws/src/roboy_info_system_msg -DCMAKE_INSTALL_PREFIX=/home/arafa/Desktop/Autonomous/MMS/Test/3rfa/2.2nd_week_task/task_ws/install/roboy_info_system_msg
[2.004s] Invoking command in '/home/arafa/Desktop/Autonomous/MMS/Test/3rfa/2.2nd_week_task/task_ws/build/roboy_info_system_msg': CMAKE_PREFIX_PATH=/opt/ros/humble /usr/bin/cmake --build /home/arafa/Desktop/Autonomous/MMS/Test/3rfa/2.2nd_week_task/task_ws/build/roboy_info_system_msg -- -j12 -l12
[2.043s] [  3%] [34m[1mGenerating C code for ROS interfaces[0m
[2.053s] [  6%] [34m[1mGenerating C++ code for ROS interfaces[0m
[2.061s] [  6%] Built target ament_cmake_python_copy_roboy_info_system_msg
[2.349s] running egg_info
[2.350s] creating roboy_info_system_msg.egg-info
[2.350s] writing roboy_info_system_msg.egg-info/PKG-INFO
[2.350s] writing dependency_links to roboy_info_system_msg.egg-info/dependency_links.txt
[2.350s] writing top-level names to roboy_info_system_msg.egg-info/top_level.txt
[2.351s] writing manifest file 'roboy_info_system_msg.egg-info/SOURCES.txt'
[2.353s] reading manifest file 'roboy_info_system_msg.egg-info/SOURCES.txt'
[2.354s] writing manifest file 'roboy_info_system_msg.egg-info/SOURCES.txt'
[2.369s] [  6%] Built target roboy_info_system_msg__cpp
[2.379s] [ 16%] [34m[1mGenerating C++ type support for eProsima Fast-RTPS[0m
[2.380s] [ 16%] [34m[1mGenerating C++ introspection for ROS interfaces[0m
[2.380s] [ 16%] [34m[1mGenerating C++ type support dispatch for ROS interfaces[0m
[2.390s] [ 19%] Built target ament_cmake_python_build_roboy_info_system_msg_egg
[2.390s] [ 19%] [32mBuilding C object CMakeFiles/roboy_info_system_msg__rosidl_generator_c.dir/rosidl_generator_c/roboy_info_system_msg/msg/detail/robot_alert__functions.c.o[0m
[2.406s] In file included from [01m[K/home/arafa/Desktop/Autonomous/MMS/Test/3rfa/2.2nd_week_task/task_ws/build/roboy_info_system_msg/rosidl_generator_c/roboy_info_system_msg/msg/detail/robot_alert__functions.h:19[m[K,
[2.406s]                  from [01m[K/home/arafa/Desktop/Autonomous/MMS/Test/3rfa/2.2nd_week_task/task_ws/build/roboy_info_system_msg/rosidl_generator_c/roboy_info_system_msg/msg/detail/robot_alert__functions.c:4[m[K:
[2.407s] [01m[K/home/arafa/Desktop/Autonomous/MMS/Test/3rfa/2.2nd_week_task/task_ws/build/roboy_info_system_msg/rosidl_generator_c/roboy_info_system_msg/msg/detail/robot_alert__struct.h:26:10:[m[K [01;31m[Kfatal error: [m[Kstd_msgs/msg/detail/time__struct.h: No such file or directory
[2.407s]    26 | #include [01;31m[K"std_msgs/msg/detail/time__struct.h"[m[K
[2.407s]       |          [01;31m[K^~~~~~~~~~~~~~~~~~~~~~~~~~~~~~~~~~~~[m[K
[2.407s] compilation terminated.
[2.407s] gmake[2]: *** [CMakeFiles/roboy_info_system_msg__rosidl_generator_c.dir/build.make:137: CMakeFiles/roboy_info_system_msg__rosidl_generator_c.dir/rosidl_generator_c/roboy_info_system_msg/msg/detail/robot_alert__functions.c.o] Error 1
[2.408s] gmake[1]: *** [CMakeFiles/Makefile2:213: CMakeFiles/roboy_info_system_msg__rosidl_generator_c.dir/all] Error 2
[2.408s] gmake[1]: *** Waiting for unfinished jobs....
[2.658s] [ 22%] [32mBuilding CXX object CMakeFiles/roboy_info_system_msg__rosidl_typesupport_cpp.dir/rosidl_typesupport_cpp/roboy_info_system_msg/msg/robot_alert__type_support.cpp.o[0m
[2.678s] [ 25%] [32mBuilding CXX object CMakeFiles/roboy_info_system_msg__rosidl_typesupport_introspection_cpp.dir/rosidl_typesupport_introspection_cpp/roboy_info_system_msg/msg/detail/robot_alert__type_support.cpp.o[0m
[2.690s] [ 29%] [32mBuilding CXX object CMakeFiles/roboy_info_system_msg__rosidl_typesupport_fastrtps_cpp.dir/rosidl_typesupport_fastrtps_cpp/roboy_info_system_msg/msg/detail/dds_fastrtps/robot_alert__type_support.cpp.o[0m
[2.724s] In file included from [01m[K/home/arafa/Desktop/Autonomous/MMS/Test/3rfa/2.2nd_week_task/task_ws/build/roboy_info_system_msg/rosidl_typesupport_cpp/roboy_info_system_msg/msg/robot_alert__type_support.cpp:7[m[K:
[2.724s] [01m[K/home/arafa/Desktop/Autonomous/MMS/Test/3rfa/2.2nd_week_task/task_ws/build/roboy_info_system_msg/rosidl_generator_cpp/roboy_info_system_msg/msg/detail/robot_alert__struct.hpp:24:10:[m[K [01;31m[Kfatal error: [m[Kstd_msgs/msg/detail/time__struct.hpp: No such file or directory
[2.724s]    24 | #include [01;31m[K"std_msgs/msg/detail/time__struct.hpp"[m[K
[2.724s]       |          [01;31m[K^~~~~~~~~~~~~~~~~~~~~~~~~~~~~~~~~~~~~~[m[K
[2.724s] compilation terminated.
[2.725s] gmake[2]: *** [CMakeFiles/roboy_info_system_msg__rosidl_typesupport_cpp.dir/build.make:118: CMakeFiles/roboy_info_system_msg__rosidl_typesupport_cpp.dir/rosidl_typesupport_cpp/roboy_info_system_msg/msg/robot_alert__type_support.cpp.o] Error 1
[2.725s] gmake[1]: *** [CMakeFiles/Makefile2:395: CMakeFiles/roboy_info_system_msg__rosidl_typesupport_cpp.dir/all] Error 2
[2.751s] In file included from [01m[K/home/arafa/Desktop/Autonomous/MMS/Test/3rfa/2.2nd_week_task/task_ws/build/roboy_info_system_msg/rosidl_typesupport_introspection_cpp/roboy_info_system_msg/msg/detail/robot_alert__type_support.cpp:12[m[K:
[2.751s] [01m[K/home/arafa/Desktop/Autonomous/MMS/Test/3rfa/2.2nd_week_task/task_ws/build/roboy_info_system_msg/rosidl_generator_cpp/roboy_info_system_msg/msg/detail/robot_alert__struct.hpp:24:10:[m[K [01;31m[Kfatal error: [m[Kstd_msgs/msg/detail/time__struct.hpp: No such file or directory
[2.751s]    24 | #include [01;31m[K"std_msgs/msg/detail/time__struct.hpp"[m[K
[2.751s]       |          [01;31m[K^~~~~~~~~~~~~~~~~~~~~~~~~~~~~~~~~~~~~~[m[K
[2.752s] compilation terminated.
[2.753s] gmake[2]: *** [CMakeFiles/roboy_info_system_msg__rosidl_typesupport_introspection_cpp.dir/build.make:123: CMakeFiles/roboy_info_system_msg__rosidl_typesupport_introspection_cpp.dir/rosidl_typesupport_introspection_cpp/roboy_info_system_msg/msg/detail/robot_alert__type_support.cpp.o] Error 1
[2.753s] gmake[1]: *** [CMakeFiles/Makefile2:369: CMakeFiles/roboy_info_system_msg__rosidl_typesupport_introspection_cpp.dir/all] Error 2
[2.755s] In file included from [01m[K/home/arafa/Desktop/Autonomous/MMS/Test/3rfa/2.2nd_week_task/task_ws/build/roboy_info_system_msg/rosidl_typesupport_fastrtps_cpp/roboy_info_system_msg/msg/detail/robot_alert__rosidl_typesupport_fastrtps_cpp.hpp:11[m[K,
[2.756s]                  from [01m[K/home/arafa/Desktop/Autonomous/MMS/Test/3rfa/2.2nd_week_task/task_ws/build/roboy_info_system_msg/rosidl_typesupport_fastrtps_cpp/roboy_info_system_msg/msg/detail/dds_fastrtps/robot_alert__type_support.cpp:4[m[K:
[2.756s] [01m[K/home/arafa/Desktop/Autonomous/MMS/Test/3rfa/2.2nd_week_task/task_ws/build/roboy_info_system_msg/rosidl_generator_cpp/roboy_info_system_msg/msg/detail/robot_alert__struct.hpp:24:10:[m[K [01;31m[Kfatal error: [m[Kstd_msgs/msg/detail/time__struct.hpp: No such file or directory
[2.756s]    24 | #include [01;31m[K"std_msgs/msg/detail/time__struct.hpp"[m[K
[2.756s]       |          [01;31m[K^~~~~~~~~~~~~~~~~~~~~~~~~~~~~~~~~~~~~~[m[K
[2.756s] compilation terminated.
[2.757s] gmake[2]: *** [CMakeFiles/roboy_info_system_msg__rosidl_typesupport_fastrtps_cpp.dir/build.make:123: CMakeFiles/roboy_info_system_msg__rosidl_typesupport_fastrtps_cpp.dir/rosidl_typesupport_fastrtps_cpp/roboy_info_system_msg/msg/detail/dds_fastrtps/robot_alert__type_support.cpp.o] Error 1
[2.757s] gmake[1]: *** [CMakeFiles/Makefile2:343: CMakeFiles/roboy_info_system_msg__rosidl_typesupport_fastrtps_cpp.dir/all] Error 2
[2.757s] gmake: *** [Makefile:146: all] Error 2
[2.760s] Invoked command in '/home/arafa/Desktop/Autonomous/MMS/Test/3rfa/2.2nd_week_task/task_ws/build/roboy_info_system_msg' returned '2': CMAKE_PREFIX_PATH=/opt/ros/humble /usr/bin/cmake --build /home/arafa/Desktop/Autonomous/MMS/Test/3rfa/2.2nd_week_task/task_ws/build/roboy_info_system_msg -- -j12 -l12
