running egg_info
creating ../../build/pubsub_msg_py/pubsub_msg_py.egg-info
writing ../../build/pubsub_msg_py/pubsub_msg_py.egg-info/PKG-INFO
writing dependency_links to ../../build/pubsub_msg_py/pubsub_msg_py.egg-info/dependency_links.txt
writing entry points to ../../build/pubsub_msg_py/pubsub_msg_py.egg-info/entry_points.txt
writing requirements to ../../build/pubsub_msg_py/pubsub_msg_py.egg-info/requires.txt
writing top-level names to ../../build/pubsub_msg_py/pubsub_msg_py.egg-info/top_level.txt
writing manifest file '../../build/pubsub_msg_py/pubsub_msg_py.egg-info/SOURCES.txt'
reading manifest file '../../build/pubsub_msg_py/pubsub_msg_py.egg-info/SOURCES.txt'
adding license file 'LICENSE'
writing manifest file '../../build/pubsub_msg_py/pubsub_msg_py.egg-info/SOURCES.txt'
running build
running build_py
creating /home/arafa/Desktop/Autonomous/MMS/Test/3rfa/2.2nd_week_task/task_ws/build/pubsub_msg_py/build
creating /home/arafa/Desktop/Autonomous/MMS/Test/3rfa/2.2nd_week_task/task_ws/build/pubsub_msg_py/build/lib
creating /home/arafa/Desktop/Autonomous/MMS/Test/3rfa/2.2nd_week_task/task_ws/build/pubsub_msg_py/build/lib/pubsub_msg_py
copying pubsub_msg_py/robot_alert_test.py -> /home/arafa/Desktop/Autonomous/MMS/Test/3rfa/2.2nd_week_task/task_ws/build/pubsub_msg_py/build/lib/pubsub_msg_py
copying pubsub_msg_py/__init__.py -> /home/arafa/Desktop/Autonomous/MMS/Test/3rfa/2.2nd_week_task/task_ws/build/pubsub_msg_py/build/lib/pubsub_msg_py
running install
running install_lib
creating /home/arafa/Desktop/Autonomous/MMS/Test/3rfa/2.2nd_week_task/task_ws/install/pubsub_msg_py/lib/python3.10/site-packages/pubsub_msg_py
copying /home/arafa/Desktop/Autonomous/MMS/Test/3rfa/2.2nd_week_task/task_ws/build/pubsub_msg_py/build/lib/pubsub_msg_py/robot_alert_test.py -> /home/arafa/Desktop/Autonomous/MMS/Test/3rfa/2.2nd_week_task/task_ws/install/pubsub_msg_py/lib/python3.10/site-packages/pubsub_msg_py
copying /home/arafa/Desktop/Autonomous/MMS/Test/3rfa/2.2nd_week_task/task_ws/build/pubsub_msg_py/build/lib/pubsub_msg_py/__init__.py -> /home/arafa/Desktop/Autonomous/MMS/Test/3rfa/2.2nd_week_task/task_ws/install/pubsub_msg_py/lib/python3.10/site-packages/pubsub_msg_py
byte-compiling /home/arafa/Desktop/Autonomous/MMS/Test/3rfa/2.2nd_week_task/task_ws/install/pubsub_msg_py/lib/python3.10/site-packages/pubsub_msg_py/robot_alert_test.py to robot_alert_test.cpython-310.pyc
byte-compiling /home/arafa/Desktop/Autonomous/MMS/Test/3rfa/2.2nd_week_task/task_ws/install/pubsub_msg_py/lib/python3.10/site-packages/pubsub_msg_py/__init__.py to __init__.cpython-310.pyc
running install_data
creating /home/arafa/Desktop/Autonomous/MMS/Test/3rfa/2.2nd_week_task/task_ws/install/pubsub_msg_py/share/ament_index
creating /home/arafa/Desktop/Autonomous/MMS/Test/3rfa/2.2nd_week_task/task_ws/install/pubsub_msg_py/share/ament_index/resource_index
creating /home/arafa/Desktop/Autonomous/MMS/Test/3rfa/2.2nd_week_task/task_ws/install/pubsub_msg_py/share/ament_index/resource_index/packages
copying resource/pubsub_msg_py -> /home/arafa/Desktop/Autonomous/MMS/Test/3rfa/2.2nd_week_task/task_ws/install/pubsub_msg_py/share/ament_index/resource_index/packages
copying package.xml -> /home/arafa/Desktop/Autonomous/MMS/Test/3rfa/2.2nd_week_task/task_ws/install/pubsub_msg_py/share/pubsub_msg_py
running install_egg_info
Copying ../../build/pubsub_msg_py/pubsub_msg_py.egg-info to /home/arafa/Desktop/Autonomous/MMS/Test/3rfa/2.2nd_week_task/task_ws/install/pubsub_msg_py/lib/python3.10/site-packages/pubsub_msg_py-0.0.0-py3.10.egg-info
running install_scripts
Installing robot_alert_test script to /home/arafa/Desktop/Autonomous/MMS/Test/3rfa/2.2nd_week_task/task_ws/install/pubsub_msg_py/lib/pubsub_msg_py
writing list of installed files to '/home/arafa/Desktop/Autonomous/MMS/Test/3rfa/2.2nd_week_task/task_ws/build/pubsub_msg_py/install.log'
