[0.013s] Invoking command in '/home/arafa/Desktop/Autonomous/MMS/Test/3rfa/2.2nd_week_task/task_ws/build/roboy_info_system_msg': CMAKE_PREFIX_PATH=/opt/ros/humble /usr/bin/cmake --build /home/arafa/Desktop/Autonomous/MMS/Test/3rfa/2.2nd_week_task/task_ws/build/roboy_info_system_msg -- -j12 -l12
[0.040s] -- Found ament_cmake: 1.3.11 (/opt/ros/humble/share/ament_cmake/cmake)
[0.201s] -- Found rosidl_default_generators: 1.2.0 (/opt/ros/humble/share/rosidl_default_generators/cmake)
[0.203s] -- Using all available rosidl_typesupport_c: rosidl_typesupport_fastrtps_c;rosidl_typesupport_introspection_c
[0.207s] -- Found rosidl_adapter: 3.1.6 (/opt/ros/humble/share/rosidl_adapter/cmake)
[0.245s] -- Using all available rosidl_typesupport_cpp: rosidl_typesupport_fastrtps_cpp;rosidl_typesupport_introspection_cpp
[0.278s] -- Found std_msgs: 4.2.4 (/opt/ros/humble/share/std_msgs/cmake)
[0.641s] -- Found ament_cmake_ros: 0.10.0 (/opt/ros/humble/share/ament_cmake_ros/cmake)
[0.910s] -- Using all available rosidl_typesupport_c: rosidl_typesupport_fastrtps_c;rosidl_typesupport_introspection_c
[1.274s] -- Using all available rosidl_typesupport_cpp: rosidl_typesupport_fastrtps_cpp;rosidl_typesupport_introspection_cpp
[1.300s] -- Found python_cmake_module: 0.10.0 (/opt/ros/humble/share/python_cmake_module/cmake)
[1.328s] -- Using PYTHON_EXECUTABLE: /usr/bin/python3
[1.328s] -- Using PYTHON_INCLUDE_DIRS: /usr/include/python3.10
[1.328s] -- Using PYTHON_LIBRARIES: /usr/lib/x86_64-linux-gnu/libpython3.10.so
[1.369s] -- Configuring done
[1.412s] -- Generating done
[1.429s] -- Build files have been written to: /home/arafa/Desktop/Autonomous/MMS/Test/3rfa/2.2nd_week_task/task_ws/build/roboy_info_system_msg
[1.455s] [35m[1mConsolidate compiler generated dependencies of target roboy_info_system_msg__rosidl_generator_c[0m
[1.465s] [  3%] Built target roboy_info_system_msg__cpp
[1.466s] [ 12%] Built target roboy_info_system_msg__rosidl_generator_c
[1.476s] [ 12%] Built target ament_cmake_python_copy_roboy_info_system_msg
[1.476s] [35m[1mConsolidate compiler generated dependencies of target roboy_info_system_msg__rosidl_typesupport_introspection_cpp[0m
[1.477s] [35m[1mConsolidate compiler generated dependencies of target roboy_info_system_msg__rosidl_typesupport_fastrtps_c[0m
[1.479s] [35m[1mConsolidate compiler generated dependencies of target roboy_info_system_msg__rosidl_typesupport_cpp[0m
[1.479s] [35m[1mConsolidate compiler generated dependencies of target roboy_info_system_msg__rosidl_typesupport_fastrtps_cpp[0m
[1.480s] [35m[1mConsolidate compiler generated dependencies of target roboy_info_system_msg__rosidl_typesupport_c[0m
[1.481s] [35m[1mConsolidate compiler generated dependencies of target roboy_info_system_msg__rosidl_typesupport_introspection_c[0m
[1.496s] [ 22%] Built target roboy_info_system_msg__rosidl_typesupport_introspection_cpp
[1.496s] [ 32%] Built target roboy_info_system_msg__rosidl_typesupport_fastrtps_c
[1.497s] [ 41%] Built target roboy_info_system_msg__rosidl_typesupport_c
[1.498s] [ 51%] Built target roboy_info_system_msg__rosidl_typesupport_fastrtps_cpp
[1.499s] [ 61%] Built target roboy_info_system_msg__rosidl_typesupport_cpp
[1.501s] [ 70%] Built target roboy_info_system_msg__rosidl_typesupport_introspection_c
[1.522s] [ 70%] Built target roboy_info_system_msg
[1.545s] [ 74%] Built target roboy_info_system_msg__py
[1.556s] [35m[1mConsolidate compiler generated dependencies of target roboy_info_system_msg__rosidl_generator_py[0m
[1.570s] [ 80%] Built target roboy_info_system_msg__rosidl_generator_py
[1.581s] [35m[1mConsolidate compiler generated dependencies of target roboy_info_system_msg__rosidl_typesupport_fastrtps_c__pyext[0m
[1.582s] [35m[1mConsolidate compiler generated dependencies of target roboy_info_system_msg__rosidl_typesupport_c__pyext[0m
[1.582s] [35m[1mConsolidate compiler generated dependencies of target roboy_info_system_msg__rosidl_typesupport_introspection_c__pyext[0m
[1.596s] [ 93%] Built target roboy_info_system_msg__rosidl_typesupport_introspection_c__pyext
[1.597s] [ 96%] Built target roboy_info_system_msg__rosidl_typesupport_fastrtps_c__pyext
[1.597s] [100%] Built target roboy_info_system_msg__rosidl_typesupport_c__pyext
[1.794s] running egg_info
[1.795s] writing roboy_info_system_msg.egg-info/PKG-INFO
[1.795s] writing dependency_links to roboy_info_system_msg.egg-info/dependency_links.txt
[1.796s] writing top-level names to roboy_info_system_msg.egg-info/top_level.txt
[1.798s] reading manifest file 'roboy_info_system_msg.egg-info/SOURCES.txt'
[1.799s] writing manifest file 'roboy_info_system_msg.egg-info/SOURCES.txt'
[1.827s] [100%] Built target ament_cmake_python_build_roboy_info_system_msg_egg
[1.840s] Invoked command in '/home/arafa/Desktop/Autonomous/MMS/Test/3rfa/2.2nd_week_task/task_ws/build/roboy_info_system_msg' returned '0': CMAKE_PREFIX_PATH=/opt/ros/humble /usr/bin/cmake --build /home/arafa/Desktop/Autonomous/MMS/Test/3rfa/2.2nd_week_task/task_ws/build/roboy_info_system_msg -- -j12 -l12
[1.852s] Invoking command in '/home/arafa/Desktop/Autonomous/MMS/Test/3rfa/2.2nd_week_task/task_ws/build/roboy_info_system_msg': CMAKE_PREFIX_PATH=/opt/ros/humble /usr/bin/cmake --install /home/arafa/Desktop/Autonomous/MMS/Test/3rfa/2.2nd_week_task/task_ws/build/roboy_info_system_msg
[1.862s] -- Install configuration: ""
[1.862s] -- Up-to-date: /home/arafa/Desktop/Autonomous/MMS/Test/3rfa/2.2nd_week_task/task_ws/install/roboy_info_system_msg/share/ament_index/resource_index/rosidl_interfaces/roboy_info_system_msg
[1.862s] -- Up-to-date: /home/arafa/Desktop/Autonomous/MMS/Test/3rfa/2.2nd_week_task/task_ws/install/roboy_info_system_msg/include/roboy_info_system_msg/roboy_info_system_msg
[1.862s] -- Up-to-date: /home/arafa/Desktop/Autonomous/MMS/Test/3rfa/2.2nd_week_task/task_ws/install/roboy_info_system_msg/include/roboy_info_system_msg/roboy_info_system_msg/msg
[1.862s] -- Up-to-date: /home/arafa/Desktop/Autonomous/MMS/Test/3rfa/2.2nd_week_task/task_ws/install/roboy_info_system_msg/include/roboy_info_system_msg/roboy_info_system_msg/msg/robot_alert.h
[1.862s] -- Up-to-date: /home/arafa/Desktop/Autonomous/MMS/Test/3rfa/2.2nd_week_task/task_ws/install/roboy_info_system_msg/include/roboy_info_system_msg/roboy_info_system_msg/msg/detail
[1.863s] -- Up-to-date: /home/arafa/Desktop/Autonomous/MMS/Test/3rfa/2.2nd_week_task/task_ws/install/roboy_info_system_msg/include/roboy_info_system_msg/roboy_info_system_msg/msg/detail/robot_alert__struct.h
[1.863s] -- Up-to-date: /home/arafa/Desktop/Autonomous/MMS/Test/3rfa/2.2nd_week_task/task_ws/install/roboy_info_system_msg/include/roboy_info_system_msg/roboy_info_system_msg/msg/detail/robot_alert__functions.c
[1.863s] -- Up-to-date: /home/arafa/Desktop/Autonomous/MMS/Test/3rfa/2.2nd_week_task/task_ws/install/roboy_info_system_msg/include/roboy_info_system_msg/roboy_info_system_msg/msg/detail/robot_alert__functions.h
[1.863s] -- Up-to-date: /home/arafa/Desktop/Autonomous/MMS/Test/3rfa/2.2nd_week_task/task_ws/install/roboy_info_system_msg/include/roboy_info_system_msg/roboy_info_system_msg/msg/detail/robot_alert__type_support.h
[1.863s] -- Up-to-date: /home/arafa/Desktop/Autonomous/MMS/Test/3rfa/2.2nd_week_task/task_ws/install/roboy_info_system_msg/include/roboy_info_system_msg/roboy_info_system_msg/msg/rosidl_generator_c__visibility_control.h
[1.863s] -- Up-to-date: /home/arafa/Desktop/Autonomous/MMS/Test/3rfa/2.2nd_week_task/task_ws/install/roboy_info_system_msg/share/roboy_info_system_msg/environment/library_path.sh
[1.864s] -- Installing: /home/arafa/Desktop/Autonomous/MMS/Test/3rfa/2.2nd_week_task/task_ws/install/roboy_info_system_msg/share/roboy_info_system_msg/environment/library_path.dsv
[1.864s] -- Up-to-date: /home/arafa/Desktop/Autonomous/MMS/Test/3rfa/2.2nd_week_task/task_ws/install/roboy_info_system_msg/lib/libroboy_info_system_msg__rosidl_generator_c.so
[1.864s] -- Up-to-date: /home/arafa/Desktop/Autonomous/MMS/Test/3rfa/2.2nd_week_task/task_ws/install/roboy_info_system_msg/include/roboy_info_system_msg/roboy_info_system_msg
[1.864s] -- Up-to-date: /home/arafa/Desktop/Autonomous/MMS/Test/3rfa/2.2nd_week_task/task_ws/install/roboy_info_system_msg/include/roboy_info_system_msg/roboy_info_system_msg/msg
[1.864s] -- Up-to-date: /home/arafa/Desktop/Autonomous/MMS/Test/3rfa/2.2nd_week_task/task_ws/install/roboy_info_system_msg/include/roboy_info_system_msg/roboy_info_system_msg/msg/rosidl_typesupport_fastrtps_c__visibility_control.h
[1.864s] -- Up-to-date: /home/arafa/Desktop/Autonomous/MMS/Test/3rfa/2.2nd_week_task/task_ws/install/roboy_info_system_msg/include/roboy_info_system_msg/roboy_info_system_msg/msg/detail
[1.865s] -- Up-to-date: /home/arafa/Desktop/Autonomous/MMS/Test/3rfa/2.2nd_week_task/task_ws/install/roboy_info_system_msg/include/roboy_info_system_msg/roboy_info_system_msg/msg/detail/robot_alert__rosidl_typesupport_fastrtps_c.h
[1.865s] -- Up-to-date: /home/arafa/Desktop/Autonomous/MMS/Test/3rfa/2.2nd_week_task/task_ws/install/roboy_info_system_msg/lib/libroboy_info_system_msg__rosidl_typesupport_fastrtps_c.so
[1.865s] -- Up-to-date: /home/arafa/Desktop/Autonomous/MMS/Test/3rfa/2.2nd_week_task/task_ws/install/roboy_info_system_msg/include/roboy_info_system_msg/roboy_info_system_msg
[1.865s] -- Up-to-date: /home/arafa/Desktop/Autonomous/MMS/Test/3rfa/2.2nd_week_task/task_ws/install/roboy_info_system_msg/include/roboy_info_system_msg/roboy_info_system_msg/msg
[1.865s] -- Up-to-date: /home/arafa/Desktop/Autonomous/MMS/Test/3rfa/2.2nd_week_task/task_ws/install/roboy_info_system_msg/include/roboy_info_system_msg/roboy_info_system_msg/msg/rosidl_typesupport_introspection_c__visibility_control.h
[1.865s] -- Up-to-date: /home/arafa/Desktop/Autonomous/MMS/Test/3rfa/2.2nd_week_task/task_ws/install/roboy_info_system_msg/include/roboy_info_system_msg/roboy_info_system_msg/msg/detail
[1.865s] -- Up-to-date: /home/arafa/Desktop/Autonomous/MMS/Test/3rfa/2.2nd_week_task/task_ws/install/roboy_info_system_msg/include/roboy_info_system_msg/roboy_info_system_msg/msg/detail/robot_alert__type_support.c
[1.866s] -- Up-to-date: /home/arafa/Desktop/Autonomous/MMS/Test/3rfa/2.2nd_week_task/task_ws/install/roboy_info_system_msg/include/roboy_info_system_msg/roboy_info_system_msg/msg/detail/robot_alert__rosidl_typesupport_introspection_c.h
[1.866s] -- Up-to-date: /home/arafa/Desktop/Autonomous/MMS/Test/3rfa/2.2nd_week_task/task_ws/install/roboy_info_system_msg/lib/libroboy_info_system_msg__rosidl_typesupport_introspection_c.so
[1.866s] -- Up-to-date: /home/arafa/Desktop/Autonomous/MMS/Test/3rfa/2.2nd_week_task/task_ws/install/roboy_info_system_msg/lib/libroboy_info_system_msg__rosidl_typesupport_c.so
[1.866s] -- Up-to-date: /home/arafa/Desktop/Autonomous/MMS/Test/3rfa/2.2nd_week_task/task_ws/install/roboy_info_system_msg/include/roboy_info_system_msg/roboy_info_system_msg
[1.866s] -- Up-to-date: /home/arafa/Desktop/Autonomous/MMS/Test/3rfa/2.2nd_week_task/task_ws/install/roboy_info_system_msg/include/roboy_info_system_msg/roboy_info_system_msg/msg
[1.866s] -- Up-to-date: /home/arafa/Desktop/Autonomous/MMS/Test/3rfa/2.2nd_week_task/task_ws/install/roboy_info_system_msg/include/roboy_info_system_msg/roboy_info_system_msg/msg/rosidl_generator_cpp__visibility_control.hpp
[1.867s] -- Up-to-date: /home/arafa/Desktop/Autonomous/MMS/Test/3rfa/2.2nd_week_task/task_ws/install/roboy_info_system_msg/include/roboy_info_system_msg/roboy_info_system_msg/msg/robot_alert.hpp
[1.867s] -- Up-to-date: /home/arafa/Desktop/Autonomous/MMS/Test/3rfa/2.2nd_week_task/task_ws/install/roboy_info_system_msg/include/roboy_info_system_msg/roboy_info_system_msg/msg/detail
[1.867s] -- Up-to-date: /home/arafa/Desktop/Autonomous/MMS/Test/3rfa/2.2nd_week_task/task_ws/install/roboy_info_system_msg/include/roboy_info_system_msg/roboy_info_system_msg/msg/detail/robot_alert__struct.hpp
[1.867s] -- Up-to-date: /home/arafa/Desktop/Autonomous/MMS/Test/3rfa/2.2nd_week_task/task_ws/install/roboy_info_system_msg/include/roboy_info_system_msg/roboy_info_system_msg/msg/detail/robot_alert__type_support.hpp
[1.867s] -- Up-to-date: /home/arafa/Desktop/Autonomous/MMS/Test/3rfa/2.2nd_week_task/task_ws/install/roboy_info_system_msg/include/roboy_info_system_msg/roboy_info_system_msg/msg/detail/robot_alert__builder.hpp
[1.867s] -- Up-to-date: /home/arafa/Desktop/Autonomous/MMS/Test/3rfa/2.2nd_week_task/task_ws/install/roboy_info_system_msg/include/roboy_info_system_msg/roboy_info_system_msg/msg/detail/robot_alert__traits.hpp
[1.867s] -- Up-to-date: /home/arafa/Desktop/Autonomous/MMS/Test/3rfa/2.2nd_week_task/task_ws/install/roboy_info_system_msg/include/roboy_info_system_msg/roboy_info_system_msg
[1.868s] -- Up-to-date: /home/arafa/Desktop/Autonomous/MMS/Test/3rfa/2.2nd_week_task/task_ws/install/roboy_info_system_msg/include/roboy_info_system_msg/roboy_info_system_msg/msg
[1.868s] -- Up-to-date: /home/arafa/Desktop/Autonomous/MMS/Test/3rfa/2.2nd_week_task/task_ws/install/roboy_info_system_msg/include/roboy_info_system_msg/roboy_info_system_msg/msg/detail
[1.868s] -- Up-to-date: /home/arafa/Desktop/Autonomous/MMS/Test/3rfa/2.2nd_week_task/task_ws/install/roboy_info_system_msg/include/roboy_info_system_msg/roboy_info_system_msg/msg/detail/robot_alert__rosidl_typesupport_fastrtps_cpp.hpp
[1.868s] -- Up-to-date: /home/arafa/Desktop/Autonomous/MMS/Test/3rfa/2.2nd_week_task/task_ws/install/roboy_info_system_msg/include/roboy_info_system_msg/roboy_info_system_msg/msg/detail/dds_fastrtps
[1.868s] -- Up-to-date: /home/arafa/Desktop/Autonomous/MMS/Test/3rfa/2.2nd_week_task/task_ws/install/roboy_info_system_msg/include/roboy_info_system_msg/roboy_info_system_msg/msg/rosidl_typesupport_fastrtps_cpp__visibility_control.h
[1.868s] -- Up-to-date: /home/arafa/Desktop/Autonomous/MMS/Test/3rfa/2.2nd_week_task/task_ws/install/roboy_info_system_msg/lib/libroboy_info_system_msg__rosidl_typesupport_fastrtps_cpp.so
[1.868s] -- Up-to-date: /home/arafa/Desktop/Autonomous/MMS/Test/3rfa/2.2nd_week_task/task_ws/install/roboy_info_system_msg/include/roboy_info_system_msg/roboy_info_system_msg
[1.869s] -- Up-to-date: /home/arafa/Desktop/Autonomous/MMS/Test/3rfa/2.2nd_week_task/task_ws/install/roboy_info_system_msg/include/roboy_info_system_msg/roboy_info_system_msg/msg
[1.869s] -- Up-to-date: /home/arafa/Desktop/Autonomous/MMS/Test/3rfa/2.2nd_week_task/task_ws/install/roboy_info_system_msg/include/roboy_info_system_msg/roboy_info_system_msg/msg/detail
[1.869s] -- Up-to-date: /home/arafa/Desktop/Autonomous/MMS/Test/3rfa/2.2nd_week_task/task_ws/install/roboy_info_system_msg/include/roboy_info_system_msg/roboy_info_system_msg/msg/detail/robot_alert__rosidl_typesupport_introspection_cpp.hpp
[1.869s] -- Up-to-date: /home/arafa/Desktop/Autonomous/MMS/Test/3rfa/2.2nd_week_task/task_ws/install/roboy_info_system_msg/include/roboy_info_system_msg/roboy_info_system_msg/msg/detail/robot_alert__type_support.cpp
[1.869s] -- Up-to-date: /home/arafa/Desktop/Autonomous/MMS/Test/3rfa/2.2nd_week_task/task_ws/install/roboy_info_system_msg/lib/libroboy_info_system_msg__rosidl_typesupport_introspection_cpp.so
[1.869s] -- Up-to-date: /home/arafa/Desktop/Autonomous/MMS/Test/3rfa/2.2nd_week_task/task_ws/install/roboy_info_system_msg/lib/libroboy_info_system_msg__rosidl_typesupport_cpp.so
[1.869s] -- Up-to-date: /home/arafa/Desktop/Autonomous/MMS/Test/3rfa/2.2nd_week_task/task_ws/install/roboy_info_system_msg/share/roboy_info_system_msg/environment/pythonpath.sh
[1.869s] -- Installing: /home/arafa/Desktop/Autonomous/MMS/Test/3rfa/2.2nd_week_task/task_ws/install/roboy_info_system_msg/share/roboy_info_system_msg/environment/pythonpath.dsv
[1.870s] -- Up-to-date: /home/arafa/Desktop/Autonomous/MMS/Test/3rfa/2.2nd_week_task/task_ws/install/roboy_info_system_msg/local/lib/python3.10/dist-packages/roboy_info_system_msg-0.0.0-py3.10.egg-info
[1.870s] -- Installing: /home/arafa/Desktop/Autonomous/MMS/Test/3rfa/2.2nd_week_task/task_ws/install/roboy_info_system_msg/local/lib/python3.10/dist-packages/roboy_info_system_msg-0.0.0-py3.10.egg-info/SOURCES.txt
[1.870s] -- Installing: /home/arafa/Desktop/Autonomous/MMS/Test/3rfa/2.2nd_week_task/task_ws/install/roboy_info_system_msg/local/lib/python3.10/dist-packages/roboy_info_system_msg-0.0.0-py3.10.egg-info/dependency_links.txt
[1.870s] -- Installing: /home/arafa/Desktop/Autonomous/MMS/Test/3rfa/2.2nd_week_task/task_ws/install/roboy_info_system_msg/local/lib/python3.10/dist-packages/roboy_info_system_msg-0.0.0-py3.10.egg-info/PKG-INFO
[1.870s] -- Installing: /home/arafa/Desktop/Autonomous/MMS/Test/3rfa/2.2nd_week_task/task_ws/install/roboy_info_system_msg/local/lib/python3.10/dist-packages/roboy_info_system_msg-0.0.0-py3.10.egg-info/top_level.txt
[1.870s] -- Up-to-date: /home/arafa/Desktop/Autonomous/MMS/Test/3rfa/2.2nd_week_task/task_ws/install/roboy_info_system_msg/local/lib/python3.10/dist-packages/roboy_info_system_msg
[1.870s] -- Up-to-date: /home/arafa/Desktop/Autonomous/MMS/Test/3rfa/2.2nd_week_task/task_ws/install/roboy_info_system_msg/local/lib/python3.10/dist-packages/roboy_info_system_msg/roboy_info_system_msg_s__rosidl_typesupport_c.cpython-310-x86_64-linux-gnu.so
[1.871s] -- Up-to-date: /home/arafa/Desktop/Autonomous/MMS/Test/3rfa/2.2nd_week_task/task_ws/install/roboy_info_system_msg/local/lib/python3.10/dist-packages/roboy_info_system_msg/_roboy_info_system_msg_s.ep.rosidl_typesupport_introspection_c.c
[1.871s] -- Up-to-date: /home/arafa/Desktop/Autonomous/MMS/Test/3rfa/2.2nd_week_task/task_ws/install/roboy_info_system_msg/local/lib/python3.10/dist-packages/roboy_info_system_msg/libroboy_info_system_msg__rosidl_generator_py.so
[1.871s] -- Up-to-date: /home/arafa/Desktop/Autonomous/MMS/Test/3rfa/2.2nd_week_task/task_ws/install/roboy_info_system_msg/local/lib/python3.10/dist-packages/roboy_info_system_msg/_roboy_info_system_msg_s.ep.rosidl_typesupport_fastrtps_c.c
[1.871s] -- Installing: /home/arafa/Desktop/Autonomous/MMS/Test/3rfa/2.2nd_week_task/task_ws/install/roboy_info_system_msg/local/lib/python3.10/dist-packages/roboy_info_system_msg/__init__.py
[1.871s] -- Up-to-date: /home/arafa/Desktop/Autonomous/MMS/Test/3rfa/2.2nd_week_task/task_ws/install/roboy_info_system_msg/local/lib/python3.10/dist-packages/roboy_info_system_msg/roboy_info_system_msg_s__rosidl_typesupport_introspection_c.cpython-310-x86_64-linux-gnu.so
[1.871s] -- Up-to-date: /home/arafa/Desktop/Autonomous/MMS/Test/3rfa/2.2nd_week_task/task_ws/install/roboy_info_system_msg/local/lib/python3.10/dist-packages/roboy_info_system_msg/msg
[1.871s] -- Up-to-date: /home/arafa/Desktop/Autonomous/MMS/Test/3rfa/2.2nd_week_task/task_ws/install/roboy_info_system_msg/local/lib/python3.10/dist-packages/roboy_info_system_msg/msg/_robot_alert_s.c
[1.871s] -- Up-to-date: /home/arafa/Desktop/Autonomous/MMS/Test/3rfa/2.2nd_week_task/task_ws/install/roboy_info_system_msg/local/lib/python3.10/dist-packages/roboy_info_system_msg/msg/__init__.py
[1.872s] -- Up-to-date: /home/arafa/Desktop/Autonomous/MMS/Test/3rfa/2.2nd_week_task/task_ws/install/roboy_info_system_msg/local/lib/python3.10/dist-packages/roboy_info_system_msg/msg/_robot_alert.py
[1.872s] -- Up-to-date: /home/arafa/Desktop/Autonomous/MMS/Test/3rfa/2.2nd_week_task/task_ws/install/roboy_info_system_msg/local/lib/python3.10/dist-packages/roboy_info_system_msg/roboy_info_system_msg_s__rosidl_typesupport_fastrtps_c.cpython-310-x86_64-linux-gnu.so
[1.872s] -- Up-to-date: /home/arafa/Desktop/Autonomous/MMS/Test/3rfa/2.2nd_week_task/task_ws/install/roboy_info_system_msg/local/lib/python3.10/dist-packages/roboy_info_system_msg/_roboy_info_system_msg_s.ep.rosidl_typesupport_c.c
[1.908s] Listing '/home/arafa/Desktop/Autonomous/MMS/Test/3rfa/2.2nd_week_task/task_ws/install/roboy_info_system_msg/local/lib/python3.10/dist-packages/roboy_info_system_msg'...
[1.909s] Compiling '/home/arafa/Desktop/Autonomous/MMS/Test/3rfa/2.2nd_week_task/task_ws/install/roboy_info_system_msg/local/lib/python3.10/dist-packages/roboy_info_system_msg/__init__.py'...
[1.909s] Listing '/home/arafa/Desktop/Autonomous/MMS/Test/3rfa/2.2nd_week_task/task_ws/install/roboy_info_system_msg/local/lib/python3.10/dist-packages/roboy_info_system_msg/msg'...
[1.914s] -- Up-to-date: /home/arafa/Desktop/Autonomous/MMS/Test/3rfa/2.2nd_week_task/task_ws/install/roboy_info_system_msg/local/lib/python3.10/dist-packages/roboy_info_system_msg/roboy_info_system_msg_s__rosidl_typesupport_fastrtps_c.cpython-310-x86_64-linux-gnu.so
[1.914s] -- Up-to-date: /home/arafa/Desktop/Autonomous/MMS/Test/3rfa/2.2nd_week_task/task_ws/install/roboy_info_system_msg/local/lib/python3.10/dist-packages/roboy_info_system_msg/roboy_info_system_msg_s__rosidl_typesupport_introspection_c.cpython-310-x86_64-linux-gnu.so
[1.914s] -- Up-to-date: /home/arafa/Desktop/Autonomous/MMS/Test/3rfa/2.2nd_week_task/task_ws/install/roboy_info_system_msg/local/lib/python3.10/dist-packages/roboy_info_system_msg/roboy_info_system_msg_s__rosidl_typesupport_c.cpython-310-x86_64-linux-gnu.so
[1.915s] -- Up-to-date: /home/arafa/Desktop/Autonomous/MMS/Test/3rfa/2.2nd_week_task/task_ws/install/roboy_info_system_msg/lib/libroboy_info_system_msg__rosidl_generator_py.so
[1.915s] -- Up-to-date: /home/arafa/Desktop/Autonomous/MMS/Test/3rfa/2.2nd_week_task/task_ws/install/roboy_info_system_msg/share/roboy_info_system_msg/msg/RobotAlert.idl
[1.915s] -- Up-to-date: /home/arafa/Desktop/Autonomous/MMS/Test/3rfa/2.2nd_week_task/task_ws/install/roboy_info_system_msg/share/roboy_info_system_msg/msg/RobotAlert.msg
[1.915s] -- Installing: /home/arafa/Desktop/Autonomous/MMS/Test/3rfa/2.2nd_week_task/task_ws/install/roboy_info_system_msg/share/ament_index/resource_index/package_run_dependencies/roboy_info_system_msg
[1.915s] -- Up-to-date: /home/arafa/Desktop/Autonomous/MMS/Test/3rfa/2.2nd_week_task/task_ws/install/roboy_info_system_msg/share/ament_index/resource_index/parent_prefix_path/roboy_info_system_msg
[1.915s] -- Up-to-date: /home/arafa/Desktop/Autonomous/MMS/Test/3rfa/2.2nd_week_task/task_ws/install/roboy_info_system_msg/share/roboy_info_system_msg/environment/ament_prefix_path.sh
[1.916s] -- Installing: /home/arafa/Desktop/Autonomous/MMS/Test/3rfa/2.2nd_week_task/task_ws/install/roboy_info_system_msg/share/roboy_info_system_msg/environment/ament_prefix_path.dsv
[1.916s] -- Up-to-date: /home/arafa/Desktop/Autonomous/MMS/Test/3rfa/2.2nd_week_task/task_ws/install/roboy_info_system_msg/share/roboy_info_system_msg/environment/path.sh
[1.916s] -- Installing: /home/arafa/Desktop/Autonomous/MMS/Test/3rfa/2.2nd_week_task/task_ws/install/roboy_info_system_msg/share/roboy_info_system_msg/environment/path.dsv
[1.916s] -- Up-to-date: /home/arafa/Desktop/Autonomous/MMS/Test/3rfa/2.2nd_week_task/task_ws/install/roboy_info_system_msg/share/roboy_info_system_msg/local_setup.bash
[1.916s] -- Up-to-date: /home/arafa/Desktop/Autonomous/MMS/Test/3rfa/2.2nd_week_task/task_ws/install/roboy_info_system_msg/share/roboy_info_system_msg/local_setup.sh
[1.916s] -- Up-to-date: /home/arafa/Desktop/Autonomous/MMS/Test/3rfa/2.2nd_week_task/task_ws/install/roboy_info_system_msg/share/roboy_info_system_msg/local_setup.zsh
[1.917s] -- Installing: /home/arafa/Desktop/Autonomous/MMS/Test/3rfa/2.2nd_week_task/task_ws/install/roboy_info_system_msg/share/roboy_info_system_msg/local_setup.dsv
[1.917s] -- Installing: /home/arafa/Desktop/Autonomous/MMS/Test/3rfa/2.2nd_week_task/task_ws/install/roboy_info_system_msg/share/roboy_info_system_msg/package.dsv
[1.917s] -- Up-to-date: /home/arafa/Desktop/Autonomous/MMS/Test/3rfa/2.2nd_week_task/task_ws/install/roboy_info_system_msg/share/ament_index/resource_index/packages/roboy_info_system_msg
[1.917s] -- Up-to-date: /home/arafa/Desktop/Autonomous/MMS/Test/3rfa/2.2nd_week_task/task_ws/install/roboy_info_system_msg/share/roboy_info_system_msg/cmake/export_roboy_info_system_msg__rosidl_generator_cExport.cmake
[1.917s] -- Up-to-date: /home/arafa/Desktop/Autonomous/MMS/Test/3rfa/2.2nd_week_task/task_ws/install/roboy_info_system_msg/share/roboy_info_system_msg/cmake/export_roboy_info_system_msg__rosidl_generator_cExport-noconfig.cmake
[1.917s] -- Up-to-date: /home/arafa/Desktop/Autonomous/MMS/Test/3rfa/2.2nd_week_task/task_ws/install/roboy_info_system_msg/share/roboy_info_system_msg/cmake/export_roboy_info_system_msg__rosidl_typesupport_fastrtps_cExport.cmake
[1.918s] -- Up-to-date: /home/arafa/Desktop/Autonomous/MMS/Test/3rfa/2.2nd_week_task/task_ws/install/roboy_info_system_msg/share/roboy_info_system_msg/cmake/export_roboy_info_system_msg__rosidl_typesupport_fastrtps_cExport-noconfig.cmake
[1.918s] -- Up-to-date: /home/arafa/Desktop/Autonomous/MMS/Test/3rfa/2.2nd_week_task/task_ws/install/roboy_info_system_msg/share/roboy_info_system_msg/cmake/roboy_info_system_msg__rosidl_typesupport_introspection_cExport.cmake
[1.918s] -- Up-to-date: /home/arafa/Desktop/Autonomous/MMS/Test/3rfa/2.2nd_week_task/task_ws/install/roboy_info_system_msg/share/roboy_info_system_msg/cmake/roboy_info_system_msg__rosidl_typesupport_introspection_cExport-noconfig.cmake
[1.918s] -- Up-to-date: /home/arafa/Desktop/Autonomous/MMS/Test/3rfa/2.2nd_week_task/task_ws/install/roboy_info_system_msg/share/roboy_info_system_msg/cmake/roboy_info_system_msg__rosidl_typesupport_cExport.cmake
[1.918s] -- Up-to-date: /home/arafa/Desktop/Autonomous/MMS/Test/3rfa/2.2nd_week_task/task_ws/install/roboy_info_system_msg/share/roboy_info_system_msg/cmake/roboy_info_system_msg__rosidl_typesupport_cExport-noconfig.cmake
[1.918s] -- Up-to-date: /home/arafa/Desktop/Autonomous/MMS/Test/3rfa/2.2nd_week_task/task_ws/install/roboy_info_system_msg/share/roboy_info_system_msg/cmake/export_roboy_info_system_msg__rosidl_generator_cppExport.cmake
[1.919s] -- Up-to-date: /home/arafa/Desktop/Autonomous/MMS/Test/3rfa/2.2nd_week_task/task_ws/install/roboy_info_system_msg/share/roboy_info_system_msg/cmake/export_roboy_info_system_msg__rosidl_typesupport_fastrtps_cppExport.cmake
[1.919s] -- Up-to-date: /home/arafa/Desktop/Autonomous/MMS/Test/3rfa/2.2nd_week_task/task_ws/install/roboy_info_system_msg/share/roboy_info_system_msg/cmake/export_roboy_info_system_msg__rosidl_typesupport_fastrtps_cppExport-noconfig.cmake
[1.919s] -- Up-to-date: /home/arafa/Desktop/Autonomous/MMS/Test/3rfa/2.2nd_week_task/task_ws/install/roboy_info_system_msg/share/roboy_info_system_msg/cmake/roboy_info_system_msg__rosidl_typesupport_introspection_cppExport.cmake
[1.919s] -- Up-to-date: /home/arafa/Desktop/Autonomous/MMS/Test/3rfa/2.2nd_week_task/task_ws/install/roboy_info_system_msg/share/roboy_info_system_msg/cmake/roboy_info_system_msg__rosidl_typesupport_introspection_cppExport-noconfig.cmake
[1.919s] -- Up-to-date: /home/arafa/Desktop/Autonomous/MMS/Test/3rfa/2.2nd_week_task/task_ws/install/roboy_info_system_msg/share/roboy_info_system_msg/cmake/roboy_info_system_msg__rosidl_typesupport_cppExport.cmake
[1.919s] -- Up-to-date: /home/arafa/Desktop/Autonomous/MMS/Test/3rfa/2.2nd_week_task/task_ws/install/roboy_info_system_msg/share/roboy_info_system_msg/cmake/roboy_info_system_msg__rosidl_typesupport_cppExport-noconfig.cmake
[1.919s] -- Up-to-date: /home/arafa/Desktop/Autonomous/MMS/Test/3rfa/2.2nd_week_task/task_ws/install/roboy_info_system_msg/share/roboy_info_system_msg/cmake/export_roboy_info_system_msg__rosidl_generator_pyExport.cmake
[1.920s] -- Up-to-date: /home/arafa/Desktop/Autonomous/MMS/Test/3rfa/2.2nd_week_task/task_ws/install/roboy_info_system_msg/share/roboy_info_system_msg/cmake/export_roboy_info_system_msg__rosidl_generator_pyExport-noconfig.cmake
[1.920s] -- Up-to-date: /home/arafa/Desktop/Autonomous/MMS/Test/3rfa/2.2nd_week_task/task_ws/install/roboy_info_system_msg/share/roboy_info_system_msg/cmake/rosidl_cmake-extras.cmake
[1.920s] -- Up-to-date: /home/arafa/Desktop/Autonomous/MMS/Test/3rfa/2.2nd_week_task/task_ws/install/roboy_info_system_msg/share/roboy_info_system_msg/cmake/ament_cmake_export_dependencies-extras.cmake
[1.920s] -- Up-to-date: /home/arafa/Desktop/Autonomous/MMS/Test/3rfa/2.2nd_week_task/task_ws/install/roboy_info_system_msg/share/roboy_info_system_msg/cmake/ament_cmake_export_include_directories-extras.cmake
[1.920s] -- Up-to-date: /home/arafa/Desktop/Autonomous/MMS/Test/3rfa/2.2nd_week_task/task_ws/install/roboy_info_system_msg/share/roboy_info_system_msg/cmake/ament_cmake_export_libraries-extras.cmake
[1.920s] -- Up-to-date: /home/arafa/Desktop/Autonomous/MMS/Test/3rfa/2.2nd_week_task/task_ws/install/roboy_info_system_msg/share/roboy_info_system_msg/cmake/ament_cmake_export_targets-extras.cmake
[1.921s] -- Up-to-date: /home/arafa/Desktop/Autonomous/MMS/Test/3rfa/2.2nd_week_task/task_ws/install/roboy_info_system_msg/share/roboy_info_system_msg/cmake/rosidl_cmake_export_typesupport_targets-extras.cmake
[1.921s] -- Up-to-date: /home/arafa/Desktop/Autonomous/MMS/Test/3rfa/2.2nd_week_task/task_ws/install/roboy_info_system_msg/share/roboy_info_system_msg/cmake/rosidl_cmake_export_typesupport_libraries-extras.cmake
[1.922s] -- Up-to-date: /home/arafa/Desktop/Autonomous/MMS/Test/3rfa/2.2nd_week_task/task_ws/install/roboy_info_system_msg/share/roboy_info_system_msg/cmake/roboy_info_system_msgConfig.cmake
[1.922s] -- Up-to-date: /home/arafa/Desktop/Autonomous/MMS/Test/3rfa/2.2nd_week_task/task_ws/install/roboy_info_system_msg/share/roboy_info_system_msg/cmake/roboy_info_system_msgConfig-version.cmake
[1.922s] -- Installing: /home/arafa/Desktop/Autonomous/MMS/Test/3rfa/2.2nd_week_task/task_ws/install/roboy_info_system_msg/share/roboy_info_system_msg/package.xml
[1.922s] -- Up-to-date: /home/arafa/Desktop/Autonomous/MMS/Test/3rfa/2.2nd_week_task/task_ws/install/roboy_info_system_msg/lib/roboy_info_system_msg/robot_alert_test.py
[1.922s] Invoked command in '/home/arafa/Desktop/Autonomous/MMS/Test/3rfa/2.2nd_week_task/task_ws/build/roboy_info_system_msg' returned '0': CMAKE_PREFIX_PATH=/opt/ros/humble /usr/bin/cmake --install /home/arafa/Desktop/Autonomous/MMS/Test/3rfa/2.2nd_week_task/task_ws/build/roboy_info_system_msg
