[0.012s] Invoking command in '/home/arafa/Desktop/Autonomous/MMS/Test/3rfa/2.2nd_week_task/task_ws/build/roboy_info_system_msg': CMAKE_PREFIX_PATH=${CMAKE_PREFIX_PATH}:/opt/ros/humble /usr/bin/cmake --build /home/arafa/Desktop/Autonomous/MMS/Test/3rfa/2.2nd_week_task/task_ws/build/roboy_info_system_msg -- -j12 -l12
[0.037s] -- Found ament_cmake: 1.3.11 (/opt/ros/humble/share/ament_cmake/cmake)
[0.185s] -- Found rosidl_default_generators: 1.2.0 (/opt/ros/humble/share/rosidl_default_generators/cmake)
[0.187s] -- Using all available rosidl_typesupport_c: rosidl_typesupport_fastrtps_c;rosidl_typesupport_introspection_c
[0.190s] -- Found rosidl_adapter: 3.1.6 (/opt/ros/humble/share/rosidl_adapter/cmake)
[0.226s] -- Using all available rosidl_typesupport_cpp: rosidl_typesupport_fastrtps_cpp;rosidl_typesupport_introspection_cpp
[0.259s] -- Found std_msgs: 4.2.4 (/opt/ros/humble/share/std_msgs/cmake)
[0.599s] -- Found ament_cmake_ros: 0.10.0 (/opt/ros/humble/share/ament_cmake_ros/cmake)
[0.851s] -- Using all available rosidl_typesupport_c: rosidl_typesupport_fastrtps_c;rosidl_typesupport_introspection_c
[1.183s] -- Using all available rosidl_typesupport_cpp: rosidl_typesupport_fastrtps_cpp;rosidl_typesupport_introspection_cpp
[1.209s] -- Found python_cmake_module: 0.10.0 (/opt/ros/humble/share/python_cmake_module/cmake)
[1.235s] -- Using PYTHON_EXECUTABLE: /usr/bin/python3
[1.235s] -- Using PYTHON_INCLUDE_DIRS: /usr/include/python3.10
[1.235s] -- Using PYTHON_LIBRARIES: /usr/lib/x86_64-linux-gnu/libpython3.10.so
[1.270s] -- Found ament_lint_auto: 0.12.11 (/opt/ros/humble/share/ament_lint_auto/cmake)
[1.281s] -- Added test 'flake8' to check Python code syntax and style conventions
[1.282s] -- Added test 'lint_cmake' to check CMake code style
[1.282s] -- Added test 'pep257' to check Python code against some of the docstring style conventions in PEP 257
[1.284s] -- Added test 'xmllint' to check XML markup files
[1.286s] -- Configuring done
[1.323s] -- Generating done
[1.338s] -- Build files have been written to: /home/arafa/Desktop/Autonomous/MMS/Test/3rfa/2.2nd_week_task/task_ws/build/roboy_info_system_msg
[1.362s] [  3%] [34m[1mGenerating C code for ROS interfaces[0m
[1.372s] [  6%] [34m[1mGenerating C++ code for ROS interfaces[0m
[1.381s] [  6%] Built target ament_cmake_python_copy_roboy_info_system_msg
[1.674s] running egg_info
[1.675s] writing roboy_info_system_msg.egg-info/PKG-INFO
[1.675s] writing dependency_links to roboy_info_system_msg.egg-info/dependency_links.txt
[1.675s] writing top-level names to roboy_info_system_msg.egg-info/top_level.txt
[1.678s] [  6%] Built target roboy_info_system_msg__cpp
[1.678s] reading manifest file 'roboy_info_system_msg.egg-info/SOURCES.txt'
[1.679s] writing manifest file 'roboy_info_system_msg.egg-info/SOURCES.txt'
[1.680s] [35m[1mConsolidate compiler generated dependencies of target roboy_info_system_msg__rosidl_generator_c[0m
[1.689s] [ 16%] [34m[1mGenerating C++ type support dispatch for ROS interfaces[0m
[1.689s] [ 16%] [34m[1mGenerating C++ introspection for ROS interfaces[0m
[1.689s] [ 16%] [34m[1mGenerating C++ type support for eProsima Fast-RTPS[0m
[1.692s] [ 19%] [32mBuilding C object CMakeFiles/roboy_info_system_msg__rosidl_generator_c.dir/rosidl_generator_c/roboy_info_system_msg/msg/detail/robot_alert__functions.c.o[0m
[1.710s] [ 19%] Built target ament_cmake_python_build_roboy_info_system_msg_egg
[1.770s] [ 22%] [32m[1mLinking C shared library libroboy_info_system_msg__rosidl_generator_c.so[0m
[1.814s] [ 22%] Built target roboy_info_system_msg__rosidl_generator_c
[1.825s] [ 32%] [34m[1mGenerating C type support dispatch for ROS interfaces[0m
[1.825s] [ 32%] [34m[1mGenerating C type support for eProsima Fast-RTPS[0m
[1.825s] [ 32%] [34m[1mGenerating C introspection for ROS interfaces[0m
[1.954s] [35m[1mConsolidate compiler generated dependencies of target roboy_info_system_msg__rosidl_typesupport_cpp[0m
[1.967s] [ 35%] [32mBuilding CXX object CMakeFiles/roboy_info_system_msg__rosidl_typesupport_cpp.dir/rosidl_typesupport_cpp/roboy_info_system_msg/msg/robot_alert__type_support.cpp.o[0m
[1.974s] [35m[1mConsolidate compiler generated dependencies of target roboy_info_system_msg__rosidl_typesupport_introspection_cpp[0m
[1.986s] [ 38%] [32mBuilding CXX object CMakeFiles/roboy_info_system_msg__rosidl_typesupport_introspection_cpp.dir/rosidl_typesupport_introspection_cpp/roboy_info_system_msg/msg/detail/robot_alert__type_support.cpp.o[0m
[1.987s] [35m[1mConsolidate compiler generated dependencies of target roboy_info_system_msg__rosidl_typesupport_fastrtps_cpp[0m
[1.999s] [ 41%] [32mBuilding CXX object CMakeFiles/roboy_info_system_msg__rosidl_typesupport_fastrtps_cpp.dir/rosidl_typesupport_fastrtps_cpp/roboy_info_system_msg/msg/detail/dds_fastrtps/robot_alert__type_support.cpp.o[0m
[2.087s] [35m[1mConsolidate compiler generated dependencies of target roboy_info_system_msg__rosidl_typesupport_c[0m
[2.099s] [ 45%] [32mBuilding CXX object CMakeFiles/roboy_info_system_msg__rosidl_typesupport_c.dir/rosidl_typesupport_c/roboy_info_system_msg/msg/robot_alert__type_support.cpp.o[0m
[2.114s] [35m[1mConsolidate compiler generated dependencies of target roboy_info_system_msg__rosidl_typesupport_introspection_c[0m
[2.126s] [ 48%] [32mBuilding C object CMakeFiles/roboy_info_system_msg__rosidl_typesupport_introspection_c.dir/rosidl_typesupport_introspection_c/roboy_info_system_msg/msg/detail/robot_alert__type_support.c.o[0m
[2.137s] [ 51%] [32m[1mLinking CXX shared library libroboy_info_system_msg__rosidl_typesupport_c.so[0m
[2.164s] [ 54%] [32m[1mLinking C shared library libroboy_info_system_msg__rosidl_typesupport_introspection_c.so[0m
[2.174s] [35m[1mConsolidate compiler generated dependencies of target roboy_info_system_msg__rosidl_typesupport_fastrtps_c[0m
[2.186s] [ 54%] Built target roboy_info_system_msg__rosidl_typesupport_c
[2.187s] [ 58%] [32mBuilding CXX object CMakeFiles/roboy_info_system_msg__rosidl_typesupport_fastrtps_c.dir/rosidl_typesupport_fastrtps_c/roboy_info_system_msg/msg/detail/robot_alert__type_support_c.cpp.o[0m
[2.198s] [ 58%] Built target roboy_info_system_msg__rosidl_typesupport_introspection_c
[2.345s] [ 61%] [32m[1mLinking CXX shared library libroboy_info_system_msg__rosidl_typesupport_cpp.so[0m
[2.391s] [ 61%] Built target roboy_info_system_msg__rosidl_typesupport_cpp
[2.479s] [ 64%] [32m[1mLinking CXX shared library libroboy_info_system_msg__rosidl_typesupport_introspection_cpp.so[0m
[2.490s] [ 67%] [32m[1mLinking CXX shared library libroboy_info_system_msg__rosidl_typesupport_fastrtps_cpp.so[0m
[2.553s] [ 67%] Built target roboy_info_system_msg__rosidl_typesupport_introspection_cpp
[2.575s] [ 67%] Built target roboy_info_system_msg__rosidl_typesupport_fastrtps_cpp
[2.602s] [ 70%] [32m[1mLinking CXX shared library libroboy_info_system_msg__rosidl_typesupport_fastrtps_c.so[0m
[2.679s] [ 70%] Built target roboy_info_system_msg__rosidl_typesupport_fastrtps_c
[2.699s] [ 70%] Built target roboy_info_system_msg
[2.725s] [ 74%] [34m[1mGenerating Python code for ROS interfaces[0m
[3.106s] [ 74%] Built target roboy_info_system_msg__py
[3.117s] [35m[1mConsolidate compiler generated dependencies of target roboy_info_system_msg__rosidl_generator_py[0m
[3.129s] [ 77%] [32mBuilding C object CMakeFiles/roboy_info_system_msg__rosidl_generator_py.dir/rosidl_generator_py/roboy_info_system_msg/msg/_robot_alert_s.c.o[0m
[3.261s] [ 80%] [32m[1mLinking C shared library rosidl_generator_py/roboy_info_system_msg/libroboy_info_system_msg__rosidl_generator_py.so[0m
[3.304s] [ 80%] Built target roboy_info_system_msg__rosidl_generator_py
[3.314s] [35m[1mConsolidate compiler generated dependencies of target roboy_info_system_msg__rosidl_typesupport_c__pyext[0m
[3.314s] [35m[1mConsolidate compiler generated dependencies of target roboy_info_system_msg__rosidl_typesupport_introspection_c__pyext[0m
[3.315s] [35m[1mConsolidate compiler generated dependencies of target roboy_info_system_msg__rosidl_typesupport_fastrtps_c__pyext[0m
[3.327s] [ 90%] [32mBuilding C object CMakeFiles/roboy_info_system_msg__rosidl_typesupport_c__pyext.dir/rosidl_generator_py/roboy_info_system_msg/_roboy_info_system_msg_s.ep.rosidl_typesupport_c.c.o[0m
[3.327s] [ 90%] [32mBuilding C object CMakeFiles/roboy_info_system_msg__rosidl_typesupport_fastrtps_c__pyext.dir/rosidl_generator_py/roboy_info_system_msg/_roboy_info_system_msg_s.ep.rosidl_typesupport_fastrtps_c.c.o[0m
[3.327s] [ 90%] [32mBuilding C object CMakeFiles/roboy_info_system_msg__rosidl_typesupport_introspection_c__pyext.dir/rosidl_generator_py/roboy_info_system_msg/_roboy_info_system_msg_s.ep.rosidl_typesupport_introspection_c.c.o[0m
[3.452s] [100%] [32m[1mLinking C shared library rosidl_generator_py/roboy_info_system_msg/roboy_info_system_msg_s__rosidl_typesupport_introspection_c.cpython-310-x86_64-linux-gnu.so[0m
[3.452s] [100%] [32m[1mLinking C shared library rosidl_generator_py/roboy_info_system_msg/roboy_info_system_msg_s__rosidl_typesupport_fastrtps_c.cpython-310-x86_64-linux-gnu.so[0m
[3.452s] [100%] [32m[1mLinking C shared library rosidl_generator_py/roboy_info_system_msg/roboy_info_system_msg_s__rosidl_typesupport_c.cpython-310-x86_64-linux-gnu.so[0m
[3.494s] [100%] Built target roboy_info_system_msg__rosidl_typesupport_fastrtps_c__pyext
[3.494s] [100%] Built target roboy_info_system_msg__rosidl_typesupport_c__pyext
[3.494s] [100%] Built target roboy_info_system_msg__rosidl_typesupport_introspection_c__pyext
[3.506s] Invoked command in '/home/arafa/Desktop/Autonomous/MMS/Test/3rfa/2.2nd_week_task/task_ws/build/roboy_info_system_msg' returned '0': CMAKE_PREFIX_PATH=${CMAKE_PREFIX_PATH}:/opt/ros/humble /usr/bin/cmake --build /home/arafa/Desktop/Autonomous/MMS/Test/3rfa/2.2nd_week_task/task_ws/build/roboy_info_system_msg -- -j12 -l12
[3.516s] Invoking command in '/home/arafa/Desktop/Autonomous/MMS/Test/3rfa/2.2nd_week_task/task_ws/build/roboy_info_system_msg': CMAKE_PREFIX_PATH=${CMAKE_PREFIX_PATH}:/opt/ros/humble /usr/bin/cmake --install /home/arafa/Desktop/Autonomous/MMS/Test/3rfa/2.2nd_week_task/task_ws/build/roboy_info_system_msg
[3.523s] -- Install configuration: ""
[3.523s] -- Up-to-date: /home/arafa/Desktop/Autonomous/MMS/Test/3rfa/2.2nd_week_task/task_ws/install/roboy_info_system_msg/share/ament_index/resource_index/rosidl_interfaces/roboy_info_system_msg
[3.524s] -- Up-to-date: /home/arafa/Desktop/Autonomous/MMS/Test/3rfa/2.2nd_week_task/task_ws/install/roboy_info_system_msg/include/roboy_info_system_msg/roboy_info_system_msg
[3.524s] -- Up-to-date: /home/arafa/Desktop/Autonomous/MMS/Test/3rfa/2.2nd_week_task/task_ws/install/roboy_info_system_msg/include/roboy_info_system_msg/roboy_info_system_msg/msg
[3.524s] -- Installing: /home/arafa/Desktop/Autonomous/MMS/Test/3rfa/2.2nd_week_task/task_ws/install/roboy_info_system_msg/include/roboy_info_system_msg/roboy_info_system_msg/msg/robot_alert.h
[3.524s] -- Up-to-date: /home/arafa/Desktop/Autonomous/MMS/Test/3rfa/2.2nd_week_task/task_ws/install/roboy_info_system_msg/include/roboy_info_system_msg/roboy_info_system_msg/msg/detail
[3.524s] -- Installing: /home/arafa/Desktop/Autonomous/MMS/Test/3rfa/2.2nd_week_task/task_ws/install/roboy_info_system_msg/include/roboy_info_system_msg/roboy_info_system_msg/msg/detail/robot_alert__struct.h
[3.524s] -- Installing: /home/arafa/Desktop/Autonomous/MMS/Test/3rfa/2.2nd_week_task/task_ws/install/roboy_info_system_msg/include/roboy_info_system_msg/roboy_info_system_msg/msg/detail/robot_alert__functions.c
[3.524s] -- Installing: /home/arafa/Desktop/Autonomous/MMS/Test/3rfa/2.2nd_week_task/task_ws/install/roboy_info_system_msg/include/roboy_info_system_msg/roboy_info_system_msg/msg/detail/robot_alert__functions.h
[3.524s] -- Installing: /home/arafa/Desktop/Autonomous/MMS/Test/3rfa/2.2nd_week_task/task_ws/install/roboy_info_system_msg/include/roboy_info_system_msg/roboy_info_system_msg/msg/detail/robot_alert__type_support.h
[3.524s] -- Up-to-date: /home/arafa/Desktop/Autonomous/MMS/Test/3rfa/2.2nd_week_task/task_ws/install/roboy_info_system_msg/include/roboy_info_system_msg/roboy_info_system_msg/msg/rosidl_generator_c__visibility_control.h
[3.524s] -- Up-to-date: /home/arafa/Desktop/Autonomous/MMS/Test/3rfa/2.2nd_week_task/task_ws/install/roboy_info_system_msg/share/roboy_info_system_msg/environment/library_path.sh
[3.525s] -- Installing: /home/arafa/Desktop/Autonomous/MMS/Test/3rfa/2.2nd_week_task/task_ws/install/roboy_info_system_msg/share/roboy_info_system_msg/environment/library_path.dsv
[3.525s] -- Installing: /home/arafa/Desktop/Autonomous/MMS/Test/3rfa/2.2nd_week_task/task_ws/install/roboy_info_system_msg/lib/libroboy_info_system_msg__rosidl_generator_c.so
[3.525s] -- Set runtime path of "/home/arafa/Desktop/Autonomous/MMS/Test/3rfa/2.2nd_week_task/task_ws/install/roboy_info_system_msg/lib/libroboy_info_system_msg__rosidl_generator_c.so" to ""
[3.525s] -- Up-to-date: /home/arafa/Desktop/Autonomous/MMS/Test/3rfa/2.2nd_week_task/task_ws/install/roboy_info_system_msg/include/roboy_info_system_msg/roboy_info_system_msg
[3.525s] -- Up-to-date: /home/arafa/Desktop/Autonomous/MMS/Test/3rfa/2.2nd_week_task/task_ws/install/roboy_info_system_msg/include/roboy_info_system_msg/roboy_info_system_msg/msg
[3.525s] -- Up-to-date: /home/arafa/Desktop/Autonomous/MMS/Test/3rfa/2.2nd_week_task/task_ws/install/roboy_info_system_msg/include/roboy_info_system_msg/roboy_info_system_msg/msg/rosidl_typesupport_fastrtps_c__visibility_control.h
[3.525s] -- Up-to-date: /home/arafa/Desktop/Autonomous/MMS/Test/3rfa/2.2nd_week_task/task_ws/install/roboy_info_system_msg/include/roboy_info_system_msg/roboy_info_system_msg/msg/detail
[3.526s] -- Installing: /home/arafa/Desktop/Autonomous/MMS/Test/3rfa/2.2nd_week_task/task_ws/install/roboy_info_system_msg/include/roboy_info_system_msg/roboy_info_system_msg/msg/detail/robot_alert__rosidl_typesupport_fastrtps_c.h
[3.526s] -- Installing: /home/arafa/Desktop/Autonomous/MMS/Test/3rfa/2.2nd_week_task/task_ws/install/roboy_info_system_msg/lib/libroboy_info_system_msg__rosidl_typesupport_fastrtps_c.so
[3.526s] -- Set runtime path of "/home/arafa/Desktop/Autonomous/MMS/Test/3rfa/2.2nd_week_task/task_ws/install/roboy_info_system_msg/lib/libroboy_info_system_msg__rosidl_typesupport_fastrtps_c.so" to ""
[3.526s] -- Up-to-date: /home/arafa/Desktop/Autonomous/MMS/Test/3rfa/2.2nd_week_task/task_ws/install/roboy_info_system_msg/include/roboy_info_system_msg/roboy_info_system_msg
[3.526s] -- Up-to-date: /home/arafa/Desktop/Autonomous/MMS/Test/3rfa/2.2nd_week_task/task_ws/install/roboy_info_system_msg/include/roboy_info_system_msg/roboy_info_system_msg/msg
[3.526s] -- Up-to-date: /home/arafa/Desktop/Autonomous/MMS/Test/3rfa/2.2nd_week_task/task_ws/install/roboy_info_system_msg/include/roboy_info_system_msg/roboy_info_system_msg/msg/rosidl_typesupport_introspection_c__visibility_control.h
[3.526s] -- Up-to-date: /home/arafa/Desktop/Autonomous/MMS/Test/3rfa/2.2nd_week_task/task_ws/install/roboy_info_system_msg/include/roboy_info_system_msg/roboy_info_system_msg/msg/detail
[3.526s] -- Installing: /home/arafa/Desktop/Autonomous/MMS/Test/3rfa/2.2nd_week_task/task_ws/install/roboy_info_system_msg/include/roboy_info_system_msg/roboy_info_system_msg/msg/detail/robot_alert__type_support.c
[3.526s] -- Installing: /home/arafa/Desktop/Autonomous/MMS/Test/3rfa/2.2nd_week_task/task_ws/install/roboy_info_system_msg/include/roboy_info_system_msg/roboy_info_system_msg/msg/detail/robot_alert__rosidl_typesupport_introspection_c.h
[3.527s] -- Installing: /home/arafa/Desktop/Autonomous/MMS/Test/3rfa/2.2nd_week_task/task_ws/install/roboy_info_system_msg/lib/libroboy_info_system_msg__rosidl_typesupport_introspection_c.so
[3.527s] -- Set runtime path of "/home/arafa/Desktop/Autonomous/MMS/Test/3rfa/2.2nd_week_task/task_ws/install/roboy_info_system_msg/lib/libroboy_info_system_msg__rosidl_typesupport_introspection_c.so" to ""
[3.527s] -- Installing: /home/arafa/Desktop/Autonomous/MMS/Test/3rfa/2.2nd_week_task/task_ws/install/roboy_info_system_msg/lib/libroboy_info_system_msg__rosidl_typesupport_c.so
[3.528s] -- Set runtime path of "/home/arafa/Desktop/Autonomous/MMS/Test/3rfa/2.2nd_week_task/task_ws/install/roboy_info_system_msg/lib/libroboy_info_system_msg__rosidl_typesupport_c.so" to ""
[3.528s] -- Up-to-date: /home/arafa/Desktop/Autonomous/MMS/Test/3rfa/2.2nd_week_task/task_ws/install/roboy_info_system_msg/include/roboy_info_system_msg/roboy_info_system_msg
[3.528s] -- Up-to-date: /home/arafa/Desktop/Autonomous/MMS/Test/3rfa/2.2nd_week_task/task_ws/install/roboy_info_system_msg/include/roboy_info_system_msg/roboy_info_system_msg/msg
[3.528s] -- Up-to-date: /home/arafa/Desktop/Autonomous/MMS/Test/3rfa/2.2nd_week_task/task_ws/install/roboy_info_system_msg/include/roboy_info_system_msg/roboy_info_system_msg/msg/rosidl_generator_cpp__visibility_control.hpp
[3.528s] -- Installing: /home/arafa/Desktop/Autonomous/MMS/Test/3rfa/2.2nd_week_task/task_ws/install/roboy_info_system_msg/include/roboy_info_system_msg/roboy_info_system_msg/msg/robot_alert.hpp
[3.529s] -- Up-to-date: /home/arafa/Desktop/Autonomous/MMS/Test/3rfa/2.2nd_week_task/task_ws/install/roboy_info_system_msg/include/roboy_info_system_msg/roboy_info_system_msg/msg/detail
[3.529s] -- Installing: /home/arafa/Desktop/Autonomous/MMS/Test/3rfa/2.2nd_week_task/task_ws/install/roboy_info_system_msg/include/roboy_info_system_msg/roboy_info_system_msg/msg/detail/robot_alert__struct.hpp
[3.529s] -- Installing: /home/arafa/Desktop/Autonomous/MMS/Test/3rfa/2.2nd_week_task/task_ws/install/roboy_info_system_msg/include/roboy_info_system_msg/roboy_info_system_msg/msg/detail/robot_alert__type_support.hpp
[3.529s] -- Installing: /home/arafa/Desktop/Autonomous/MMS/Test/3rfa/2.2nd_week_task/task_ws/install/roboy_info_system_msg/include/roboy_info_system_msg/roboy_info_system_msg/msg/detail/robot_alert__builder.hpp
[3.529s] -- Installing: /home/arafa/Desktop/Autonomous/MMS/Test/3rfa/2.2nd_week_task/task_ws/install/roboy_info_system_msg/include/roboy_info_system_msg/roboy_info_system_msg/msg/detail/robot_alert__traits.hpp
[3.529s] -- Up-to-date: /home/arafa/Desktop/Autonomous/MMS/Test/3rfa/2.2nd_week_task/task_ws/install/roboy_info_system_msg/include/roboy_info_system_msg/roboy_info_system_msg
[3.529s] -- Up-to-date: /home/arafa/Desktop/Autonomous/MMS/Test/3rfa/2.2nd_week_task/task_ws/install/roboy_info_system_msg/include/roboy_info_system_msg/roboy_info_system_msg/msg
[3.529s] -- Up-to-date: /home/arafa/Desktop/Autonomous/MMS/Test/3rfa/2.2nd_week_task/task_ws/install/roboy_info_system_msg/include/roboy_info_system_msg/roboy_info_system_msg/msg/detail
[3.529s] -- Installing: /home/arafa/Desktop/Autonomous/MMS/Test/3rfa/2.2nd_week_task/task_ws/install/roboy_info_system_msg/include/roboy_info_system_msg/roboy_info_system_msg/msg/detail/robot_alert__rosidl_typesupport_fastrtps_cpp.hpp
[3.529s] -- Up-to-date: /home/arafa/Desktop/Autonomous/MMS/Test/3rfa/2.2nd_week_task/task_ws/install/roboy_info_system_msg/include/roboy_info_system_msg/roboy_info_system_msg/msg/detail/dds_fastrtps
[3.529s] -- Up-to-date: /home/arafa/Desktop/Autonomous/MMS/Test/3rfa/2.2nd_week_task/task_ws/install/roboy_info_system_msg/include/roboy_info_system_msg/roboy_info_system_msg/msg/rosidl_typesupport_fastrtps_cpp__visibility_control.h
[3.530s] -- Installing: /home/arafa/Desktop/Autonomous/MMS/Test/3rfa/2.2nd_week_task/task_ws/install/roboy_info_system_msg/lib/libroboy_info_system_msg__rosidl_typesupport_fastrtps_cpp.so
[3.530s] -- Set runtime path of "/home/arafa/Desktop/Autonomous/MMS/Test/3rfa/2.2nd_week_task/task_ws/install/roboy_info_system_msg/lib/libroboy_info_system_msg__rosidl_typesupport_fastrtps_cpp.so" to ""
[3.530s] -- Up-to-date: /home/arafa/Desktop/Autonomous/MMS/Test/3rfa/2.2nd_week_task/task_ws/install/roboy_info_system_msg/include/roboy_info_system_msg/roboy_info_system_msg
[3.530s] -- Up-to-date: /home/arafa/Desktop/Autonomous/MMS/Test/3rfa/2.2nd_week_task/task_ws/install/roboy_info_system_msg/include/roboy_info_system_msg/roboy_info_system_msg/msg
[3.530s] -- Up-to-date: /home/arafa/Desktop/Autonomous/MMS/Test/3rfa/2.2nd_week_task/task_ws/install/roboy_info_system_msg/include/roboy_info_system_msg/roboy_info_system_msg/msg/detail
[3.530s] -- Installing: /home/arafa/Desktop/Autonomous/MMS/Test/3rfa/2.2nd_week_task/task_ws/install/roboy_info_system_msg/include/roboy_info_system_msg/roboy_info_system_msg/msg/detail/robot_alert__rosidl_typesupport_introspection_cpp.hpp
[3.530s] -- Installing: /home/arafa/Desktop/Autonomous/MMS/Test/3rfa/2.2nd_week_task/task_ws/install/roboy_info_system_msg/include/roboy_info_system_msg/roboy_info_system_msg/msg/detail/robot_alert__type_support.cpp
[3.530s] -- Installing: /home/arafa/Desktop/Autonomous/MMS/Test/3rfa/2.2nd_week_task/task_ws/install/roboy_info_system_msg/lib/libroboy_info_system_msg__rosidl_typesupport_introspection_cpp.so
[3.530s] -- Set runtime path of "/home/arafa/Desktop/Autonomous/MMS/Test/3rfa/2.2nd_week_task/task_ws/install/roboy_info_system_msg/lib/libroboy_info_system_msg__rosidl_typesupport_introspection_cpp.so" to ""
[3.531s] -- Installing: /home/arafa/Desktop/Autonomous/MMS/Test/3rfa/2.2nd_week_task/task_ws/install/roboy_info_system_msg/lib/libroboy_info_system_msg__rosidl_typesupport_cpp.so
[3.531s] -- Set runtime path of "/home/arafa/Desktop/Autonomous/MMS/Test/3rfa/2.2nd_week_task/task_ws/install/roboy_info_system_msg/lib/libroboy_info_system_msg__rosidl_typesupport_cpp.so" to ""
[3.531s] -- Up-to-date: /home/arafa/Desktop/Autonomous/MMS/Test/3rfa/2.2nd_week_task/task_ws/install/roboy_info_system_msg/share/roboy_info_system_msg/environment/pythonpath.sh
[3.531s] -- Installing: /home/arafa/Desktop/Autonomous/MMS/Test/3rfa/2.2nd_week_task/task_ws/install/roboy_info_system_msg/share/roboy_info_system_msg/environment/pythonpath.dsv
[3.531s] -- Up-to-date: /home/arafa/Desktop/Autonomous/MMS/Test/3rfa/2.2nd_week_task/task_ws/install/roboy_info_system_msg/local/lib/python3.10/dist-packages/roboy_info_system_msg-0.0.0-py3.10.egg-info
[3.531s] -- Installing: /home/arafa/Desktop/Autonomous/MMS/Test/3rfa/2.2nd_week_task/task_ws/install/roboy_info_system_msg/local/lib/python3.10/dist-packages/roboy_info_system_msg-0.0.0-py3.10.egg-info/SOURCES.txt
[3.531s] -- Installing: /home/arafa/Desktop/Autonomous/MMS/Test/3rfa/2.2nd_week_task/task_ws/install/roboy_info_system_msg/local/lib/python3.10/dist-packages/roboy_info_system_msg-0.0.0-py3.10.egg-info/dependency_links.txt
[3.532s] -- Installing: /home/arafa/Desktop/Autonomous/MMS/Test/3rfa/2.2nd_week_task/task_ws/install/roboy_info_system_msg/local/lib/python3.10/dist-packages/roboy_info_system_msg-0.0.0-py3.10.egg-info/PKG-INFO
[3.532s] -- Installing: /home/arafa/Desktop/Autonomous/MMS/Test/3rfa/2.2nd_week_task/task_ws/install/roboy_info_system_msg/local/lib/python3.10/dist-packages/roboy_info_system_msg-0.0.0-py3.10.egg-info/top_level.txt
[3.532s] -- Up-to-date: /home/arafa/Desktop/Autonomous/MMS/Test/3rfa/2.2nd_week_task/task_ws/install/roboy_info_system_msg/local/lib/python3.10/dist-packages/roboy_info_system_msg
[3.532s] -- Installing: /home/arafa/Desktop/Autonomous/MMS/Test/3rfa/2.2nd_week_task/task_ws/install/roboy_info_system_msg/local/lib/python3.10/dist-packages/roboy_info_system_msg/roboy_info_system_msg_s__rosidl_typesupport_c.cpython-310-x86_64-linux-gnu.so
[3.532s] -- Installing: /home/arafa/Desktop/Autonomous/MMS/Test/3rfa/2.2nd_week_task/task_ws/install/roboy_info_system_msg/local/lib/python3.10/dist-packages/roboy_info_system_msg/_roboy_info_system_msg_s.ep.rosidl_typesupport_introspection_c.c
[3.532s] -- Installing: /home/arafa/Desktop/Autonomous/MMS/Test/3rfa/2.2nd_week_task/task_ws/install/roboy_info_system_msg/local/lib/python3.10/dist-packages/roboy_info_system_msg/libroboy_info_system_msg__rosidl_generator_py.so
[3.532s] -- Installing: /home/arafa/Desktop/Autonomous/MMS/Test/3rfa/2.2nd_week_task/task_ws/install/roboy_info_system_msg/local/lib/python3.10/dist-packages/roboy_info_system_msg/_roboy_info_system_msg_s.ep.rosidl_typesupport_fastrtps_c.c
[3.533s] -- Installing: /home/arafa/Desktop/Autonomous/MMS/Test/3rfa/2.2nd_week_task/task_ws/install/roboy_info_system_msg/local/lib/python3.10/dist-packages/roboy_info_system_msg/__init__.py
[3.533s] -- Installing: /home/arafa/Desktop/Autonomous/MMS/Test/3rfa/2.2nd_week_task/task_ws/install/roboy_info_system_msg/local/lib/python3.10/dist-packages/roboy_info_system_msg/roboy_info_system_msg_s__rosidl_typesupport_introspection_c.cpython-310-x86_64-linux-gnu.so
[3.533s] -- Up-to-date: /home/arafa/Desktop/Autonomous/MMS/Test/3rfa/2.2nd_week_task/task_ws/install/roboy_info_system_msg/local/lib/python3.10/dist-packages/roboy_info_system_msg/msg
[3.533s] -- Installing: /home/arafa/Desktop/Autonomous/MMS/Test/3rfa/2.2nd_week_task/task_ws/install/roboy_info_system_msg/local/lib/python3.10/dist-packages/roboy_info_system_msg/msg/_robot_alert_s.c
[3.533s] -- Installing: /home/arafa/Desktop/Autonomous/MMS/Test/3rfa/2.2nd_week_task/task_ws/install/roboy_info_system_msg/local/lib/python3.10/dist-packages/roboy_info_system_msg/msg/__init__.py
[3.533s] -- Installing: /home/arafa/Desktop/Autonomous/MMS/Test/3rfa/2.2nd_week_task/task_ws/install/roboy_info_system_msg/local/lib/python3.10/dist-packages/roboy_info_system_msg/msg/_robot_alert.py
[3.533s] -- Installing: /home/arafa/Desktop/Autonomous/MMS/Test/3rfa/2.2nd_week_task/task_ws/install/roboy_info_system_msg/local/lib/python3.10/dist-packages/roboy_info_system_msg/roboy_info_system_msg_s__rosidl_typesupport_fastrtps_c.cpython-310-x86_64-linux-gnu.so
[3.533s] -- Installing: /home/arafa/Desktop/Autonomous/MMS/Test/3rfa/2.2nd_week_task/task_ws/install/roboy_info_system_msg/local/lib/python3.10/dist-packages/roboy_info_system_msg/_roboy_info_system_msg_s.ep.rosidl_typesupport_c.c
[3.574s] Listing '/home/arafa/Desktop/Autonomous/MMS/Test/3rfa/2.2nd_week_task/task_ws/install/roboy_info_system_msg/local/lib/python3.10/dist-packages/roboy_info_system_msg'...
[3.574s] Compiling '/home/arafa/Desktop/Autonomous/MMS/Test/3rfa/2.2nd_week_task/task_ws/install/roboy_info_system_msg/local/lib/python3.10/dist-packages/roboy_info_system_msg/__init__.py'...
[3.574s] Listing '/home/arafa/Desktop/Autonomous/MMS/Test/3rfa/2.2nd_week_task/task_ws/install/roboy_info_system_msg/local/lib/python3.10/dist-packages/roboy_info_system_msg/msg'...
[3.575s] Compiling '/home/arafa/Desktop/Autonomous/MMS/Test/3rfa/2.2nd_week_task/task_ws/install/roboy_info_system_msg/local/lib/python3.10/dist-packages/roboy_info_system_msg/msg/__init__.py'...
[3.575s] Compiling '/home/arafa/Desktop/Autonomous/MMS/Test/3rfa/2.2nd_week_task/task_ws/install/roboy_info_system_msg/local/lib/python3.10/dist-packages/roboy_info_system_msg/msg/_robot_alert.py'...
[3.580s] -- Installing: /home/arafa/Desktop/Autonomous/MMS/Test/3rfa/2.2nd_week_task/task_ws/install/roboy_info_system_msg/local/lib/python3.10/dist-packages/roboy_info_system_msg/roboy_info_system_msg_s__rosidl_typesupport_fastrtps_c.cpython-310-x86_64-linux-gnu.so
[3.580s] -- Set runtime path of "/home/arafa/Desktop/Autonomous/MMS/Test/3rfa/2.2nd_week_task/task_ws/install/roboy_info_system_msg/local/lib/python3.10/dist-packages/roboy_info_system_msg/roboy_info_system_msg_s__rosidl_typesupport_fastrtps_c.cpython-310-x86_64-linux-gnu.so" to ""
[3.580s] -- Installing: /home/arafa/Desktop/Autonomous/MMS/Test/3rfa/2.2nd_week_task/task_ws/install/roboy_info_system_msg/local/lib/python3.10/dist-packages/roboy_info_system_msg/roboy_info_system_msg_s__rosidl_typesupport_introspection_c.cpython-310-x86_64-linux-gnu.so
[3.581s] -- Set runtime path of "/home/arafa/Desktop/Autonomous/MMS/Test/3rfa/2.2nd_week_task/task_ws/install/roboy_info_system_msg/local/lib/python3.10/dist-packages/roboy_info_system_msg/roboy_info_system_msg_s__rosidl_typesupport_introspection_c.cpython-310-x86_64-linux-gnu.so" to ""
[3.581s] -- Installing: /home/arafa/Desktop/Autonomous/MMS/Test/3rfa/2.2nd_week_task/task_ws/install/roboy_info_system_msg/local/lib/python3.10/dist-packages/roboy_info_system_msg/roboy_info_system_msg_s__rosidl_typesupport_c.cpython-310-x86_64-linux-gnu.so
[3.581s] -- Set runtime path of "/home/arafa/Desktop/Autonomous/MMS/Test/3rfa/2.2nd_week_task/task_ws/install/roboy_info_system_msg/local/lib/python3.10/dist-packages/roboy_info_system_msg/roboy_info_system_msg_s__rosidl_typesupport_c.cpython-310-x86_64-linux-gnu.so" to ""
[3.581s] -- Installing: /home/arafa/Desktop/Autonomous/MMS/Test/3rfa/2.2nd_week_task/task_ws/install/roboy_info_system_msg/lib/libroboy_info_system_msg__rosidl_generator_py.so
[3.581s] -- Set runtime path of "/home/arafa/Desktop/Autonomous/MMS/Test/3rfa/2.2nd_week_task/task_ws/install/roboy_info_system_msg/lib/libroboy_info_system_msg__rosidl_generator_py.so" to ""
[3.582s] -- Installing: /home/arafa/Desktop/Autonomous/MMS/Test/3rfa/2.2nd_week_task/task_ws/install/roboy_info_system_msg/share/roboy_info_system_msg/msg/RobotAlert.idl
[3.582s] -- Installing: /home/arafa/Desktop/Autonomous/MMS/Test/3rfa/2.2nd_week_task/task_ws/install/roboy_info_system_msg/share/roboy_info_system_msg/msg/RobotAlert.msg
[3.582s] -- Up-to-date: /home/arafa/Desktop/Autonomous/MMS/Test/3rfa/2.2nd_week_task/task_ws/install/roboy_info_system_msg/share/ament_index/resource_index/package_run_dependencies/roboy_info_system_msg
[3.582s] -- Up-to-date: /home/arafa/Desktop/Autonomous/MMS/Test/3rfa/2.2nd_week_task/task_ws/install/roboy_info_system_msg/share/ament_index/resource_index/parent_prefix_path/roboy_info_system_msg
[3.582s] -- Up-to-date: /home/arafa/Desktop/Autonomous/MMS/Test/3rfa/2.2nd_week_task/task_ws/install/roboy_info_system_msg/share/roboy_info_system_msg/environment/ament_prefix_path.sh
[3.582s] -- Installing: /home/arafa/Desktop/Autonomous/MMS/Test/3rfa/2.2nd_week_task/task_ws/install/roboy_info_system_msg/share/roboy_info_system_msg/environment/ament_prefix_path.dsv
[3.582s] -- Up-to-date: /home/arafa/Desktop/Autonomous/MMS/Test/3rfa/2.2nd_week_task/task_ws/install/roboy_info_system_msg/share/roboy_info_system_msg/environment/path.sh
[3.582s] -- Installing: /home/arafa/Desktop/Autonomous/MMS/Test/3rfa/2.2nd_week_task/task_ws/install/roboy_info_system_msg/share/roboy_info_system_msg/environment/path.dsv
[3.583s] -- Up-to-date: /home/arafa/Desktop/Autonomous/MMS/Test/3rfa/2.2nd_week_task/task_ws/install/roboy_info_system_msg/share/roboy_info_system_msg/local_setup.bash
[3.583s] -- Up-to-date: /home/arafa/Desktop/Autonomous/MMS/Test/3rfa/2.2nd_week_task/task_ws/install/roboy_info_system_msg/share/roboy_info_system_msg/local_setup.sh
[3.583s] -- Up-to-date: /home/arafa/Desktop/Autonomous/MMS/Test/3rfa/2.2nd_week_task/task_ws/install/roboy_info_system_msg/share/roboy_info_system_msg/local_setup.zsh
[3.583s] -- Installing: /home/arafa/Desktop/Autonomous/MMS/Test/3rfa/2.2nd_week_task/task_ws/install/roboy_info_system_msg/share/roboy_info_system_msg/local_setup.dsv
[3.583s] -- Installing: /home/arafa/Desktop/Autonomous/MMS/Test/3rfa/2.2nd_week_task/task_ws/install/roboy_info_system_msg/share/roboy_info_system_msg/package.dsv
[3.583s] -- Up-to-date: /home/arafa/Desktop/Autonomous/MMS/Test/3rfa/2.2nd_week_task/task_ws/install/roboy_info_system_msg/share/ament_index/resource_index/packages/roboy_info_system_msg
[3.583s] -- Up-to-date: /home/arafa/Desktop/Autonomous/MMS/Test/3rfa/2.2nd_week_task/task_ws/install/roboy_info_system_msg/share/roboy_info_system_msg/cmake/export_roboy_info_system_msg__rosidl_generator_cExport.cmake
[3.583s] -- Up-to-date: /home/arafa/Desktop/Autonomous/MMS/Test/3rfa/2.2nd_week_task/task_ws/install/roboy_info_system_msg/share/roboy_info_system_msg/cmake/export_roboy_info_system_msg__rosidl_generator_cExport-noconfig.cmake
[3.583s] -- Up-to-date: /home/arafa/Desktop/Autonomous/MMS/Test/3rfa/2.2nd_week_task/task_ws/install/roboy_info_system_msg/share/roboy_info_system_msg/cmake/export_roboy_info_system_msg__rosidl_typesupport_fastrtps_cExport.cmake
[3.583s] -- Up-to-date: /home/arafa/Desktop/Autonomous/MMS/Test/3rfa/2.2nd_week_task/task_ws/install/roboy_info_system_msg/share/roboy_info_system_msg/cmake/export_roboy_info_system_msg__rosidl_typesupport_fastrtps_cExport-noconfig.cmake
[3.583s] -- Up-to-date: /home/arafa/Desktop/Autonomous/MMS/Test/3rfa/2.2nd_week_task/task_ws/install/roboy_info_system_msg/share/roboy_info_system_msg/cmake/roboy_info_system_msg__rosidl_typesupport_introspection_cExport.cmake
[3.584s] -- Up-to-date: /home/arafa/Desktop/Autonomous/MMS/Test/3rfa/2.2nd_week_task/task_ws/install/roboy_info_system_msg/share/roboy_info_system_msg/cmake/roboy_info_system_msg__rosidl_typesupport_introspection_cExport-noconfig.cmake
[3.584s] -- Up-to-date: /home/arafa/Desktop/Autonomous/MMS/Test/3rfa/2.2nd_week_task/task_ws/install/roboy_info_system_msg/share/roboy_info_system_msg/cmake/roboy_info_system_msg__rosidl_typesupport_cExport.cmake
[3.584s] -- Up-to-date: /home/arafa/Desktop/Autonomous/MMS/Test/3rfa/2.2nd_week_task/task_ws/install/roboy_info_system_msg/share/roboy_info_system_msg/cmake/roboy_info_system_msg__rosidl_typesupport_cExport-noconfig.cmake
[3.584s] -- Up-to-date: /home/arafa/Desktop/Autonomous/MMS/Test/3rfa/2.2nd_week_task/task_ws/install/roboy_info_system_msg/share/roboy_info_system_msg/cmake/export_roboy_info_system_msg__rosidl_generator_cppExport.cmake
[3.584s] -- Up-to-date: /home/arafa/Desktop/Autonomous/MMS/Test/3rfa/2.2nd_week_task/task_ws/install/roboy_info_system_msg/share/roboy_info_system_msg/cmake/export_roboy_info_system_msg__rosidl_typesupport_fastrtps_cppExport.cmake
[3.584s] -- Up-to-date: /home/arafa/Desktop/Autonomous/MMS/Test/3rfa/2.2nd_week_task/task_ws/install/roboy_info_system_msg/share/roboy_info_system_msg/cmake/export_roboy_info_system_msg__rosidl_typesupport_fastrtps_cppExport-noconfig.cmake
[3.584s] -- Up-to-date: /home/arafa/Desktop/Autonomous/MMS/Test/3rfa/2.2nd_week_task/task_ws/install/roboy_info_system_msg/share/roboy_info_system_msg/cmake/roboy_info_system_msg__rosidl_typesupport_introspection_cppExport.cmake
[3.584s] -- Up-to-date: /home/arafa/Desktop/Autonomous/MMS/Test/3rfa/2.2nd_week_task/task_ws/install/roboy_info_system_msg/share/roboy_info_system_msg/cmake/roboy_info_system_msg__rosidl_typesupport_introspection_cppExport-noconfig.cmake
[3.584s] -- Up-to-date: /home/arafa/Desktop/Autonomous/MMS/Test/3rfa/2.2nd_week_task/task_ws/install/roboy_info_system_msg/share/roboy_info_system_msg/cmake/roboy_info_system_msg__rosidl_typesupport_cppExport.cmake
[3.584s] -- Up-to-date: /home/arafa/Desktop/Autonomous/MMS/Test/3rfa/2.2nd_week_task/task_ws/install/roboy_info_system_msg/share/roboy_info_system_msg/cmake/roboy_info_system_msg__rosidl_typesupport_cppExport-noconfig.cmake
[3.584s] -- Up-to-date: /home/arafa/Desktop/Autonomous/MMS/Test/3rfa/2.2nd_week_task/task_ws/install/roboy_info_system_msg/share/roboy_info_system_msg/cmake/export_roboy_info_system_msg__rosidl_generator_pyExport.cmake
[3.585s] -- Up-to-date: /home/arafa/Desktop/Autonomous/MMS/Test/3rfa/2.2nd_week_task/task_ws/install/roboy_info_system_msg/share/roboy_info_system_msg/cmake/export_roboy_info_system_msg__rosidl_generator_pyExport-noconfig.cmake
[3.585s] -- Up-to-date: /home/arafa/Desktop/Autonomous/MMS/Test/3rfa/2.2nd_week_task/task_ws/install/roboy_info_system_msg/share/roboy_info_system_msg/cmake/rosidl_cmake-extras.cmake
[3.585s] -- Up-to-date: /home/arafa/Desktop/Autonomous/MMS/Test/3rfa/2.2nd_week_task/task_ws/install/roboy_info_system_msg/share/roboy_info_system_msg/cmake/ament_cmake_export_dependencies-extras.cmake
[3.585s] -- Up-to-date: /home/arafa/Desktop/Autonomous/MMS/Test/3rfa/2.2nd_week_task/task_ws/install/roboy_info_system_msg/share/roboy_info_system_msg/cmake/ament_cmake_export_include_directories-extras.cmake
[3.585s] -- Up-to-date: /home/arafa/Desktop/Autonomous/MMS/Test/3rfa/2.2nd_week_task/task_ws/install/roboy_info_system_msg/share/roboy_info_system_msg/cmake/ament_cmake_export_libraries-extras.cmake
[3.585s] -- Up-to-date: /home/arafa/Desktop/Autonomous/MMS/Test/3rfa/2.2nd_week_task/task_ws/install/roboy_info_system_msg/share/roboy_info_system_msg/cmake/ament_cmake_export_targets-extras.cmake
[3.585s] -- Up-to-date: /home/arafa/Desktop/Autonomous/MMS/Test/3rfa/2.2nd_week_task/task_ws/install/roboy_info_system_msg/share/roboy_info_system_msg/cmake/rosidl_cmake_export_typesupport_targets-extras.cmake
[3.585s] -- Up-to-date: /home/arafa/Desktop/Autonomous/MMS/Test/3rfa/2.2nd_week_task/task_ws/install/roboy_info_system_msg/share/roboy_info_system_msg/cmake/rosidl_cmake_export_typesupport_libraries-extras.cmake
[3.585s] -- Up-to-date: /home/arafa/Desktop/Autonomous/MMS/Test/3rfa/2.2nd_week_task/task_ws/install/roboy_info_system_msg/share/roboy_info_system_msg/cmake/roboy_info_system_msgConfig.cmake
[3.585s] -- Up-to-date: /home/arafa/Desktop/Autonomous/MMS/Test/3rfa/2.2nd_week_task/task_ws/install/roboy_info_system_msg/share/roboy_info_system_msg/cmake/roboy_info_system_msgConfig-version.cmake
[3.585s] -- Installing: /home/arafa/Desktop/Autonomous/MMS/Test/3rfa/2.2nd_week_task/task_ws/install/roboy_info_system_msg/share/roboy_info_system_msg/package.xml
[3.585s] -- Installing: /home/arafa/Desktop/Autonomous/MMS/Test/3rfa/2.2nd_week_task/task_ws/install/roboy_info_system_msg/lib/roboy_info_system_msg/robot_alert_test.py
[3.587s] Invoked command in '/home/arafa/Desktop/Autonomous/MMS/Test/3rfa/2.2nd_week_task/task_ws/build/roboy_info_system_msg' returned '0': CMAKE_PREFIX_PATH=${CMAKE_PREFIX_PATH}:/opt/ros/humble /usr/bin/cmake --install /home/arafa/Desktop/Autonomous/MMS/Test/3rfa/2.2nd_week_task/task_ws/build/roboy_info_system_msg
