[0.318s] Invoking command in '/home/arafa/Desktop/Autonomous/MMS/Test/3rfa/2.2nd_week_task/task_ws/build/roboy_info_system_msg': CMAKE_PREFIX_PATH=/opt/ros/humble /usr/bin/cmake --build /home/arafa/Desktop/Autonomous/MMS/Test/3rfa/2.2nd_week_task/task_ws/build/roboy_info_system_msg -- -j12 -l12
[0.374s] -- Found ament_cmake: 1.3.11 (/opt/ros/humble/share/ament_cmake/cmake)
[0.547s] -- Found rosidl_default_generators: 1.2.0 (/opt/ros/humble/share/rosidl_default_generators/cmake)
[0.550s] -- Using all available rosidl_typesupport_c: rosidl_typesupport_fastrtps_c;rosidl_typesupport_introspection_c
[0.555s] -- Found rosidl_adapter: 3.1.6 (/opt/ros/humble/share/rosidl_adapter/cmake)
[0.600s] -- Using all available rosidl_typesupport_cpp: rosidl_typesupport_fastrtps_cpp;rosidl_typesupport_introspection_cpp
[0.638s] -- Found std_msgs: 4.2.4 (/opt/ros/humble/share/std_msgs/cmake)
[0.993s] -- Found ament_cmake_ros: 0.10.0 (/opt/ros/humble/share/ament_cmake_ros/cmake)
[1.252s] -- Using all available rosidl_typesupport_c: rosidl_typesupport_fastrtps_c;rosidl_typesupport_introspection_c
[1.604s] -- Using all available rosidl_typesupport_cpp: rosidl_typesupport_fastrtps_cpp;rosidl_typesupport_introspection_cpp
[1.631s] -- Found python_cmake_module: 0.10.0 (/opt/ros/humble/share/python_cmake_module/cmake)
[1.659s] -- Using PYTHON_EXECUTABLE: /usr/bin/python3
[1.659s] -- Using PYTHON_INCLUDE_DIRS: /usr/include/python3.10
[1.659s] -- Using PYTHON_LIBRARIES: /usr/lib/x86_64-linux-gnu/libpython3.10.so
[1.701s] -- Configuring done
[1.757s] -- Generating done
[1.773s] -- Build files have been written to: /home/arafa/Desktop/Autonomous/MMS/Test/3rfa/2.2nd_week_task/task_ws/build/roboy_info_system_msg
[1.797s] [35m[1mConsolidate compiler generated dependencies of target roboy_info_system_msg__rosidl_generator_c[0m
[1.807s] [  3%] Built target roboy_info_system_msg__cpp
[1.811s] [ 12%] Built target roboy_info_system_msg__rosidl_generator_c
[1.818s] [35m[1mConsolidate compiler generated dependencies of target roboy_info_system_msg__rosidl_typesupport_fastrtps_cpp[0m
[1.819s] [35m[1mConsolidate compiler generated dependencies of target roboy_info_system_msg__rosidl_typesupport_cpp[0m
[1.819s] [35m[1mConsolidate compiler generated dependencies of target roboy_info_system_msg__rosidl_typesupport_introspection_cpp[0m
[1.819s] [ 12%] Built target ament_cmake_python_copy_roboy_info_system_msg
[1.822s] [35m[1mConsolidate compiler generated dependencies of target roboy_info_system_msg__rosidl_typesupport_introspection_c[0m
[1.822s] [35m[1mConsolidate compiler generated dependencies of target roboy_info_system_msg__rosidl_typesupport_fastrtps_c[0m
[1.826s] [35m[1mConsolidate compiler generated dependencies of target roboy_info_system_msg__rosidl_typesupport_c[0m
[1.834s] [ 22%] Built target roboy_info_system_msg__rosidl_typesupport_introspection_c
[1.834s] [ 35%] Built target roboy_info_system_msg__rosidl_typesupport_fastrtps_cpp
[1.834s] [ 41%] Built target roboy_info_system_msg__rosidl_typesupport_cpp
[1.836s] [ 51%] Built target roboy_info_system_msg__rosidl_typesupport_c
[1.837s] [ 61%] Built target roboy_info_system_msg__rosidl_typesupport_introspection_cpp
[1.839s] [ 70%] Built target roboy_info_system_msg__rosidl_typesupport_fastrtps_c
[1.859s] [ 70%] Built target roboy_info_system_msg
[1.879s] [ 74%] Built target roboy_info_system_msg__py
[1.890s] [35m[1mConsolidate compiler generated dependencies of target roboy_info_system_msg__rosidl_generator_py[0m
[1.905s] [ 80%] Built target roboy_info_system_msg__rosidl_generator_py
[1.916s] [35m[1mConsolidate compiler generated dependencies of target roboy_info_system_msg__rosidl_typesupport_fastrtps_c__pyext[0m
[1.916s] [35m[1mConsolidate compiler generated dependencies of target roboy_info_system_msg__rosidl_typesupport_c__pyext[0m
[1.916s] [35m[1mConsolidate compiler generated dependencies of target roboy_info_system_msg__rosidl_typesupport_introspection_c__pyext[0m
[1.928s] [100%] Built target roboy_info_system_msg__rosidl_typesupport_introspection_c__pyext
[1.928s] [100%] Built target roboy_info_system_msg__rosidl_typesupport_c__pyext
[1.929s] [100%] Built target roboy_info_system_msg__rosidl_typesupport_fastrtps_c__pyext
[2.110s] running egg_info
[2.111s] writing roboy_info_system_msg.egg-info/PKG-INFO
[2.111s] writing dependency_links to roboy_info_system_msg.egg-info/dependency_links.txt
[2.111s] writing top-level names to roboy_info_system_msg.egg-info/top_level.txt
[2.114s] reading manifest file 'roboy_info_system_msg.egg-info/SOURCES.txt'
[2.118s] writing manifest file 'roboy_info_system_msg.egg-info/SOURCES.txt'
[2.145s] [100%] Built target ament_cmake_python_build_roboy_info_system_msg_egg
[2.156s] Invoked command in '/home/arafa/Desktop/Autonomous/MMS/Test/3rfa/2.2nd_week_task/task_ws/build/roboy_info_system_msg' returned '0': CMAKE_PREFIX_PATH=/opt/ros/humble /usr/bin/cmake --build /home/arafa/Desktop/Autonomous/MMS/Test/3rfa/2.2nd_week_task/task_ws/build/roboy_info_system_msg -- -j12 -l12
[2.166s] Invoking command in '/home/arafa/Desktop/Autonomous/MMS/Test/3rfa/2.2nd_week_task/task_ws/build/roboy_info_system_msg': CMAKE_PREFIX_PATH=/opt/ros/humble /usr/bin/cmake --install /home/arafa/Desktop/Autonomous/MMS/Test/3rfa/2.2nd_week_task/task_ws/build/roboy_info_system_msg
[2.175s] -- Install configuration: ""
[2.176s] -- Up-to-date: /home/arafa/Desktop/Autonomous/MMS/Test/3rfa/2.2nd_week_task/task_ws/install/roboy_info_system_msg/share/ament_index/resource_index/rosidl_interfaces/roboy_info_system_msg
[2.176s] -- Up-to-date: /home/arafa/Desktop/Autonomous/MMS/Test/3rfa/2.2nd_week_task/task_ws/install/roboy_info_system_msg/include/roboy_info_system_msg/roboy_info_system_msg
[2.176s] -- Up-to-date: /home/arafa/Desktop/Autonomous/MMS/Test/3rfa/2.2nd_week_task/task_ws/install/roboy_info_system_msg/include/roboy_info_system_msg/roboy_info_system_msg/msg
[2.177s] -- Up-to-date: /home/arafa/Desktop/Autonomous/MMS/Test/3rfa/2.2nd_week_task/task_ws/install/roboy_info_system_msg/include/roboy_info_system_msg/roboy_info_system_msg/msg/robot_alert.h
[2.177s] -- Up-to-date: /home/arafa/Desktop/Autonomous/MMS/Test/3rfa/2.2nd_week_task/task_ws/install/roboy_info_system_msg/include/roboy_info_system_msg/roboy_info_system_msg/msg/detail
[2.177s] -- Up-to-date: /home/arafa/Desktop/Autonomous/MMS/Test/3rfa/2.2nd_week_task/task_ws/install/roboy_info_system_msg/include/roboy_info_system_msg/roboy_info_system_msg/msg/detail/robot_alert__struct.h
[2.177s] -- Up-to-date: /home/arafa/Desktop/Autonomous/MMS/Test/3rfa/2.2nd_week_task/task_ws/install/roboy_info_system_msg/include/roboy_info_system_msg/roboy_info_system_msg/msg/detail/robot_alert__functions.c
[2.177s] -- Up-to-date: /home/arafa/Desktop/Autonomous/MMS/Test/3rfa/2.2nd_week_task/task_ws/install/roboy_info_system_msg/include/roboy_info_system_msg/roboy_info_system_msg/msg/detail/robot_alert__functions.h
[2.177s] -- Up-to-date: /home/arafa/Desktop/Autonomous/MMS/Test/3rfa/2.2nd_week_task/task_ws/install/roboy_info_system_msg/include/roboy_info_system_msg/roboy_info_system_msg/msg/detail/robot_alert__type_support.h
[2.177s] -- Up-to-date: /home/arafa/Desktop/Autonomous/MMS/Test/3rfa/2.2nd_week_task/task_ws/install/roboy_info_system_msg/include/roboy_info_system_msg/roboy_info_system_msg/msg/rosidl_generator_c__visibility_control.h
[2.177s] -- Up-to-date: /home/arafa/Desktop/Autonomous/MMS/Test/3rfa/2.2nd_week_task/task_ws/install/roboy_info_system_msg/share/roboy_info_system_msg/environment/library_path.sh
[2.177s] -- Installing: /home/arafa/Desktop/Autonomous/MMS/Test/3rfa/2.2nd_week_task/task_ws/install/roboy_info_system_msg/share/roboy_info_system_msg/environment/library_path.dsv
[2.178s] -- Up-to-date: /home/arafa/Desktop/Autonomous/MMS/Test/3rfa/2.2nd_week_task/task_ws/install/roboy_info_system_msg/lib/libroboy_info_system_msg__rosidl_generator_c.so
[2.178s] -- Up-to-date: /home/arafa/Desktop/Autonomous/MMS/Test/3rfa/2.2nd_week_task/task_ws/install/roboy_info_system_msg/include/roboy_info_system_msg/roboy_info_system_msg
[2.178s] -- Up-to-date: /home/arafa/Desktop/Autonomous/MMS/Test/3rfa/2.2nd_week_task/task_ws/install/roboy_info_system_msg/include/roboy_info_system_msg/roboy_info_system_msg/msg
[2.178s] -- Up-to-date: /home/arafa/Desktop/Autonomous/MMS/Test/3rfa/2.2nd_week_task/task_ws/install/roboy_info_system_msg/include/roboy_info_system_msg/roboy_info_system_msg/msg/rosidl_typesupport_fastrtps_c__visibility_control.h
[2.178s] -- Up-to-date: /home/arafa/Desktop/Autonomous/MMS/Test/3rfa/2.2nd_week_task/task_ws/install/roboy_info_system_msg/include/roboy_info_system_msg/roboy_info_system_msg/msg/detail
[2.178s] -- Up-to-date: /home/arafa/Desktop/Autonomous/MMS/Test/3rfa/2.2nd_week_task/task_ws/install/roboy_info_system_msg/include/roboy_info_system_msg/roboy_info_system_msg/msg/detail/robot_alert__rosidl_typesupport_fastrtps_c.h
[2.179s] -- Up-to-date: /home/arafa/Desktop/Autonomous/MMS/Test/3rfa/2.2nd_week_task/task_ws/install/roboy_info_system_msg/lib/libroboy_info_system_msg__rosidl_typesupport_fastrtps_c.so
[2.179s] -- Up-to-date: /home/arafa/Desktop/Autonomous/MMS/Test/3rfa/2.2nd_week_task/task_ws/install/roboy_info_system_msg/include/roboy_info_system_msg/roboy_info_system_msg
[2.179s] -- Up-to-date: /home/arafa/Desktop/Autonomous/MMS/Test/3rfa/2.2nd_week_task/task_ws/install/roboy_info_system_msg/include/roboy_info_system_msg/roboy_info_system_msg/msg
[2.179s] -- Up-to-date: /home/arafa/Desktop/Autonomous/MMS/Test/3rfa/2.2nd_week_task/task_ws/install/roboy_info_system_msg/include/roboy_info_system_msg/roboy_info_system_msg/msg/rosidl_typesupport_introspection_c__visibility_control.h
[2.179s] -- Up-to-date: /home/arafa/Desktop/Autonomous/MMS/Test/3rfa/2.2nd_week_task/task_ws/install/roboy_info_system_msg/include/roboy_info_system_msg/roboy_info_system_msg/msg/detail
[2.179s] -- Up-to-date: /home/arafa/Desktop/Autonomous/MMS/Test/3rfa/2.2nd_week_task/task_ws/install/roboy_info_system_msg/include/roboy_info_system_msg/roboy_info_system_msg/msg/detail/robot_alert__type_support.c
[2.179s] -- Up-to-date: /home/arafa/Desktop/Autonomous/MMS/Test/3rfa/2.2nd_week_task/task_ws/install/roboy_info_system_msg/include/roboy_info_system_msg/roboy_info_system_msg/msg/detail/robot_alert__rosidl_typesupport_introspection_c.h
[2.179s] -- Up-to-date: /home/arafa/Desktop/Autonomous/MMS/Test/3rfa/2.2nd_week_task/task_ws/install/roboy_info_system_msg/lib/libroboy_info_system_msg__rosidl_typesupport_introspection_c.so
[2.180s] -- Up-to-date: /home/arafa/Desktop/Autonomous/MMS/Test/3rfa/2.2nd_week_task/task_ws/install/roboy_info_system_msg/lib/libroboy_info_system_msg__rosidl_typesupport_c.so
[2.180s] -- Up-to-date: /home/arafa/Desktop/Autonomous/MMS/Test/3rfa/2.2nd_week_task/task_ws/install/roboy_info_system_msg/include/roboy_info_system_msg/roboy_info_system_msg
[2.180s] -- Up-to-date: /home/arafa/Desktop/Autonomous/MMS/Test/3rfa/2.2nd_week_task/task_ws/install/roboy_info_system_msg/include/roboy_info_system_msg/roboy_info_system_msg/msg
[2.180s] -- Up-to-date: /home/arafa/Desktop/Autonomous/MMS/Test/3rfa/2.2nd_week_task/task_ws/install/roboy_info_system_msg/include/roboy_info_system_msg/roboy_info_system_msg/msg/rosidl_generator_cpp__visibility_control.hpp
[2.180s] -- Up-to-date: /home/arafa/Desktop/Autonomous/MMS/Test/3rfa/2.2nd_week_task/task_ws/install/roboy_info_system_msg/include/roboy_info_system_msg/roboy_info_system_msg/msg/robot_alert.hpp
[2.180s] -- Up-to-date: /home/arafa/Desktop/Autonomous/MMS/Test/3rfa/2.2nd_week_task/task_ws/install/roboy_info_system_msg/include/roboy_info_system_msg/roboy_info_system_msg/msg/detail
[2.181s] -- Up-to-date: /home/arafa/Desktop/Autonomous/MMS/Test/3rfa/2.2nd_week_task/task_ws/install/roboy_info_system_msg/include/roboy_info_system_msg/roboy_info_system_msg/msg/detail/robot_alert__struct.hpp
[2.181s] -- Up-to-date: /home/arafa/Desktop/Autonomous/MMS/Test/3rfa/2.2nd_week_task/task_ws/install/roboy_info_system_msg/include/roboy_info_system_msg/roboy_info_system_msg/msg/detail/robot_alert__type_support.hpp
[2.181s] -- Up-to-date: /home/arafa/Desktop/Autonomous/MMS/Test/3rfa/2.2nd_week_task/task_ws/install/roboy_info_system_msg/include/roboy_info_system_msg/roboy_info_system_msg/msg/detail/robot_alert__builder.hpp
[2.181s] -- Up-to-date: /home/arafa/Desktop/Autonomous/MMS/Test/3rfa/2.2nd_week_task/task_ws/install/roboy_info_system_msg/include/roboy_info_system_msg/roboy_info_system_msg/msg/detail/robot_alert__traits.hpp
[2.181s] -- Up-to-date: /home/arafa/Desktop/Autonomous/MMS/Test/3rfa/2.2nd_week_task/task_ws/install/roboy_info_system_msg/include/roboy_info_system_msg/roboy_info_system_msg
[2.181s] -- Up-to-date: /home/arafa/Desktop/Autonomous/MMS/Test/3rfa/2.2nd_week_task/task_ws/install/roboy_info_system_msg/include/roboy_info_system_msg/roboy_info_system_msg/msg
[2.181s] -- Up-to-date: /home/arafa/Desktop/Autonomous/MMS/Test/3rfa/2.2nd_week_task/task_ws/install/roboy_info_system_msg/include/roboy_info_system_msg/roboy_info_system_msg/msg/detail
[2.181s] -- Up-to-date: /home/arafa/Desktop/Autonomous/MMS/Test/3rfa/2.2nd_week_task/task_ws/install/roboy_info_system_msg/include/roboy_info_system_msg/roboy_info_system_msg/msg/detail/robot_alert__rosidl_typesupport_fastrtps_cpp.hpp
[2.181s] -- Up-to-date: /home/arafa/Desktop/Autonomous/MMS/Test/3rfa/2.2nd_week_task/task_ws/install/roboy_info_system_msg/include/roboy_info_system_msg/roboy_info_system_msg/msg/detail/dds_fastrtps
[2.181s] -- Up-to-date: /home/arafa/Desktop/Autonomous/MMS/Test/3rfa/2.2nd_week_task/task_ws/install/roboy_info_system_msg/include/roboy_info_system_msg/roboy_info_system_msg/msg/rosidl_typesupport_fastrtps_cpp__visibility_control.h
[2.181s] -- Up-to-date: /home/arafa/Desktop/Autonomous/MMS/Test/3rfa/2.2nd_week_task/task_ws/install/roboy_info_system_msg/lib/libroboy_info_system_msg__rosidl_typesupport_fastrtps_cpp.so
[2.181s] -- Up-to-date: /home/arafa/Desktop/Autonomous/MMS/Test/3rfa/2.2nd_week_task/task_ws/install/roboy_info_system_msg/include/roboy_info_system_msg/roboy_info_system_msg
[2.182s] -- Up-to-date: /home/arafa/Desktop/Autonomous/MMS/Test/3rfa/2.2nd_week_task/task_ws/install/roboy_info_system_msg/include/roboy_info_system_msg/roboy_info_system_msg/msg
[2.182s] -- Up-to-date: /home/arafa/Desktop/Autonomous/MMS/Test/3rfa/2.2nd_week_task/task_ws/install/roboy_info_system_msg/include/roboy_info_system_msg/roboy_info_system_msg/msg/detail
[2.182s] -- Up-to-date: /home/arafa/Desktop/Autonomous/MMS/Test/3rfa/2.2nd_week_task/task_ws/install/roboy_info_system_msg/include/roboy_info_system_msg/roboy_info_system_msg/msg/detail/robot_alert__rosidl_typesupport_introspection_cpp.hpp
[2.182s] -- Up-to-date: /home/arafa/Desktop/Autonomous/MMS/Test/3rfa/2.2nd_week_task/task_ws/install/roboy_info_system_msg/include/roboy_info_system_msg/roboy_info_system_msg/msg/detail/robot_alert__type_support.cpp
[2.182s] -- Up-to-date: /home/arafa/Desktop/Autonomous/MMS/Test/3rfa/2.2nd_week_task/task_ws/install/roboy_info_system_msg/lib/libroboy_info_system_msg__rosidl_typesupport_introspection_cpp.so
[2.183s] -- Up-to-date: /home/arafa/Desktop/Autonomous/MMS/Test/3rfa/2.2nd_week_task/task_ws/install/roboy_info_system_msg/lib/libroboy_info_system_msg__rosidl_typesupport_cpp.so
[2.183s] -- Up-to-date: /home/arafa/Desktop/Autonomous/MMS/Test/3rfa/2.2nd_week_task/task_ws/install/roboy_info_system_msg/share/roboy_info_system_msg/environment/pythonpath.sh
[2.183s] -- Installing: /home/arafa/Desktop/Autonomous/MMS/Test/3rfa/2.2nd_week_task/task_ws/install/roboy_info_system_msg/share/roboy_info_system_msg/environment/pythonpath.dsv
[2.183s] -- Up-to-date: /home/arafa/Desktop/Autonomous/MMS/Test/3rfa/2.2nd_week_task/task_ws/install/roboy_info_system_msg/local/lib/python3.10/dist-packages/roboy_info_system_msg-0.0.0-py3.10.egg-info
[2.183s] -- Installing: /home/arafa/Desktop/Autonomous/MMS/Test/3rfa/2.2nd_week_task/task_ws/install/roboy_info_system_msg/local/lib/python3.10/dist-packages/roboy_info_system_msg-0.0.0-py3.10.egg-info/SOURCES.txt
[2.184s] -- Installing: /home/arafa/Desktop/Autonomous/MMS/Test/3rfa/2.2nd_week_task/task_ws/install/roboy_info_system_msg/local/lib/python3.10/dist-packages/roboy_info_system_msg-0.0.0-py3.10.egg-info/dependency_links.txt
[2.184s] -- Installing: /home/arafa/Desktop/Autonomous/MMS/Test/3rfa/2.2nd_week_task/task_ws/install/roboy_info_system_msg/local/lib/python3.10/dist-packages/roboy_info_system_msg-0.0.0-py3.10.egg-info/PKG-INFO
[2.184s] -- Installing: /home/arafa/Desktop/Autonomous/MMS/Test/3rfa/2.2nd_week_task/task_ws/install/roboy_info_system_msg/local/lib/python3.10/dist-packages/roboy_info_system_msg-0.0.0-py3.10.egg-info/top_level.txt
[2.184s] -- Up-to-date: /home/arafa/Desktop/Autonomous/MMS/Test/3rfa/2.2nd_week_task/task_ws/install/roboy_info_system_msg/local/lib/python3.10/dist-packages/roboy_info_system_msg
[2.184s] -- Up-to-date: /home/arafa/Desktop/Autonomous/MMS/Test/3rfa/2.2nd_week_task/task_ws/install/roboy_info_system_msg/local/lib/python3.10/dist-packages/roboy_info_system_msg/roboy_info_system_msg_s__rosidl_typesupport_c.cpython-310-x86_64-linux-gnu.so
[2.184s] -- Up-to-date: /home/arafa/Desktop/Autonomous/MMS/Test/3rfa/2.2nd_week_task/task_ws/install/roboy_info_system_msg/local/lib/python3.10/dist-packages/roboy_info_system_msg/_roboy_info_system_msg_s.ep.rosidl_typesupport_introspection_c.c
[2.184s] -- Up-to-date: /home/arafa/Desktop/Autonomous/MMS/Test/3rfa/2.2nd_week_task/task_ws/install/roboy_info_system_msg/local/lib/python3.10/dist-packages/roboy_info_system_msg/libroboy_info_system_msg__rosidl_generator_py.so
[2.184s] -- Up-to-date: /home/arafa/Desktop/Autonomous/MMS/Test/3rfa/2.2nd_week_task/task_ws/install/roboy_info_system_msg/local/lib/python3.10/dist-packages/roboy_info_system_msg/_roboy_info_system_msg_s.ep.rosidl_typesupport_fastrtps_c.c
[2.185s] -- Installing: /home/arafa/Desktop/Autonomous/MMS/Test/3rfa/2.2nd_week_task/task_ws/install/roboy_info_system_msg/local/lib/python3.10/dist-packages/roboy_info_system_msg/__init__.py
[2.185s] -- Up-to-date: /home/arafa/Desktop/Autonomous/MMS/Test/3rfa/2.2nd_week_task/task_ws/install/roboy_info_system_msg/local/lib/python3.10/dist-packages/roboy_info_system_msg/roboy_info_system_msg_s__rosidl_typesupport_introspection_c.cpython-310-x86_64-linux-gnu.so
[2.185s] -- Up-to-date: /home/arafa/Desktop/Autonomous/MMS/Test/3rfa/2.2nd_week_task/task_ws/install/roboy_info_system_msg/local/lib/python3.10/dist-packages/roboy_info_system_msg/msg
[2.185s] -- Up-to-date: /home/arafa/Desktop/Autonomous/MMS/Test/3rfa/2.2nd_week_task/task_ws/install/roboy_info_system_msg/local/lib/python3.10/dist-packages/roboy_info_system_msg/msg/_robot_alert_s.c
[2.185s] -- Up-to-date: /home/arafa/Desktop/Autonomous/MMS/Test/3rfa/2.2nd_week_task/task_ws/install/roboy_info_system_msg/local/lib/python3.10/dist-packages/roboy_info_system_msg/msg/__init__.py
[2.185s] -- Up-to-date: /home/arafa/Desktop/Autonomous/MMS/Test/3rfa/2.2nd_week_task/task_ws/install/roboy_info_system_msg/local/lib/python3.10/dist-packages/roboy_info_system_msg/msg/_robot_alert.py
[2.185s] -- Up-to-date: /home/arafa/Desktop/Autonomous/MMS/Test/3rfa/2.2nd_week_task/task_ws/install/roboy_info_system_msg/local/lib/python3.10/dist-packages/roboy_info_system_msg/roboy_info_system_msg_s__rosidl_typesupport_fastrtps_c.cpython-310-x86_64-linux-gnu.so
[2.185s] -- Up-to-date: /home/arafa/Desktop/Autonomous/MMS/Test/3rfa/2.2nd_week_task/task_ws/install/roboy_info_system_msg/local/lib/python3.10/dist-packages/roboy_info_system_msg/_roboy_info_system_msg_s.ep.rosidl_typesupport_c.c
[2.225s] Listing '/home/arafa/Desktop/Autonomous/MMS/Test/3rfa/2.2nd_week_task/task_ws/install/roboy_info_system_msg/local/lib/python3.10/dist-packages/roboy_info_system_msg'...
[2.225s] Compiling '/home/arafa/Desktop/Autonomous/MMS/Test/3rfa/2.2nd_week_task/task_ws/install/roboy_info_system_msg/local/lib/python3.10/dist-packages/roboy_info_system_msg/__init__.py'...
[2.225s] Listing '/home/arafa/Desktop/Autonomous/MMS/Test/3rfa/2.2nd_week_task/task_ws/install/roboy_info_system_msg/local/lib/python3.10/dist-packages/roboy_info_system_msg/msg'...
[2.231s] -- Up-to-date: /home/arafa/Desktop/Autonomous/MMS/Test/3rfa/2.2nd_week_task/task_ws/install/roboy_info_system_msg/local/lib/python3.10/dist-packages/roboy_info_system_msg/roboy_info_system_msg_s__rosidl_typesupport_fastrtps_c.cpython-310-x86_64-linux-gnu.so
[2.231s] -- Up-to-date: /home/arafa/Desktop/Autonomous/MMS/Test/3rfa/2.2nd_week_task/task_ws/install/roboy_info_system_msg/local/lib/python3.10/dist-packages/roboy_info_system_msg/roboy_info_system_msg_s__rosidl_typesupport_introspection_c.cpython-310-x86_64-linux-gnu.so
[2.232s] -- Up-to-date: /home/arafa/Desktop/Autonomous/MMS/Test/3rfa/2.2nd_week_task/task_ws/install/roboy_info_system_msg/local/lib/python3.10/dist-packages/roboy_info_system_msg/roboy_info_system_msg_s__rosidl_typesupport_c.cpython-310-x86_64-linux-gnu.so
[2.232s] -- Up-to-date: /home/arafa/Desktop/Autonomous/MMS/Test/3rfa/2.2nd_week_task/task_ws/install/roboy_info_system_msg/lib/libroboy_info_system_msg__rosidl_generator_py.so
[2.233s] -- Up-to-date: /home/arafa/Desktop/Autonomous/MMS/Test/3rfa/2.2nd_week_task/task_ws/install/roboy_info_system_msg/share/roboy_info_system_msg/msg/RobotAlert.idl
[2.233s] -- Up-to-date: /home/arafa/Desktop/Autonomous/MMS/Test/3rfa/2.2nd_week_task/task_ws/install/roboy_info_system_msg/share/roboy_info_system_msg/msg/RobotAlert.msg
[2.233s] -- Up-to-date: /home/arafa/Desktop/Autonomous/MMS/Test/3rfa/2.2nd_week_task/task_ws/install/roboy_info_system_msg/share/ament_index/resource_index/package_run_dependencies/roboy_info_system_msg
[2.233s] -- Installing: /home/arafa/Desktop/Autonomous/MMS/Test/3rfa/2.2nd_week_task/task_ws/install/roboy_info_system_msg/share/ament_index/resource_index/parent_prefix_path/roboy_info_system_msg
[2.233s] -- Up-to-date: /home/arafa/Desktop/Autonomous/MMS/Test/3rfa/2.2nd_week_task/task_ws/install/roboy_info_system_msg/share/roboy_info_system_msg/environment/ament_prefix_path.sh
[2.233s] -- Installing: /home/arafa/Desktop/Autonomous/MMS/Test/3rfa/2.2nd_week_task/task_ws/install/roboy_info_system_msg/share/roboy_info_system_msg/environment/ament_prefix_path.dsv
[2.234s] -- Up-to-date: /home/arafa/Desktop/Autonomous/MMS/Test/3rfa/2.2nd_week_task/task_ws/install/roboy_info_system_msg/share/roboy_info_system_msg/environment/path.sh
[2.234s] -- Installing: /home/arafa/Desktop/Autonomous/MMS/Test/3rfa/2.2nd_week_task/task_ws/install/roboy_info_system_msg/share/roboy_info_system_msg/environment/path.dsv
[2.234s] -- Up-to-date: /home/arafa/Desktop/Autonomous/MMS/Test/3rfa/2.2nd_week_task/task_ws/install/roboy_info_system_msg/share/roboy_info_system_msg/local_setup.bash
[2.234s] -- Up-to-date: /home/arafa/Desktop/Autonomous/MMS/Test/3rfa/2.2nd_week_task/task_ws/install/roboy_info_system_msg/share/roboy_info_system_msg/local_setup.sh
[2.234s] -- Up-to-date: /home/arafa/Desktop/Autonomous/MMS/Test/3rfa/2.2nd_week_task/task_ws/install/roboy_info_system_msg/share/roboy_info_system_msg/local_setup.zsh
[2.234s] -- Installing: /home/arafa/Desktop/Autonomous/MMS/Test/3rfa/2.2nd_week_task/task_ws/install/roboy_info_system_msg/share/roboy_info_system_msg/local_setup.dsv
[2.234s] -- Installing: /home/arafa/Desktop/Autonomous/MMS/Test/3rfa/2.2nd_week_task/task_ws/install/roboy_info_system_msg/share/roboy_info_system_msg/package.dsv
[2.234s] -- Up-to-date: /home/arafa/Desktop/Autonomous/MMS/Test/3rfa/2.2nd_week_task/task_ws/install/roboy_info_system_msg/share/ament_index/resource_index/packages/roboy_info_system_msg
[2.235s] -- Up-to-date: /home/arafa/Desktop/Autonomous/MMS/Test/3rfa/2.2nd_week_task/task_ws/install/roboy_info_system_msg/share/roboy_info_system_msg/cmake/export_roboy_info_system_msg__rosidl_generator_cExport.cmake
[2.235s] -- Up-to-date: /home/arafa/Desktop/Autonomous/MMS/Test/3rfa/2.2nd_week_task/task_ws/install/roboy_info_system_msg/share/roboy_info_system_msg/cmake/export_roboy_info_system_msg__rosidl_generator_cExport-noconfig.cmake
[2.235s] -- Up-to-date: /home/arafa/Desktop/Autonomous/MMS/Test/3rfa/2.2nd_week_task/task_ws/install/roboy_info_system_msg/share/roboy_info_system_msg/cmake/export_roboy_info_system_msg__rosidl_typesupport_fastrtps_cExport.cmake
[2.235s] -- Up-to-date: /home/arafa/Desktop/Autonomous/MMS/Test/3rfa/2.2nd_week_task/task_ws/install/roboy_info_system_msg/share/roboy_info_system_msg/cmake/export_roboy_info_system_msg__rosidl_typesupport_fastrtps_cExport-noconfig.cmake
[2.235s] -- Up-to-date: /home/arafa/Desktop/Autonomous/MMS/Test/3rfa/2.2nd_week_task/task_ws/install/roboy_info_system_msg/share/roboy_info_system_msg/cmake/roboy_info_system_msg__rosidl_typesupport_introspection_cExport.cmake
[2.235s] -- Up-to-date: /home/arafa/Desktop/Autonomous/MMS/Test/3rfa/2.2nd_week_task/task_ws/install/roboy_info_system_msg/share/roboy_info_system_msg/cmake/roboy_info_system_msg__rosidl_typesupport_introspection_cExport-noconfig.cmake
[2.236s] -- Up-to-date: /home/arafa/Desktop/Autonomous/MMS/Test/3rfa/2.2nd_week_task/task_ws/install/roboy_info_system_msg/share/roboy_info_system_msg/cmake/roboy_info_system_msg__rosidl_typesupport_cExport.cmake
[2.236s] -- Up-to-date: /home/arafa/Desktop/Autonomous/MMS/Test/3rfa/2.2nd_week_task/task_ws/install/roboy_info_system_msg/share/roboy_info_system_msg/cmake/roboy_info_system_msg__rosidl_typesupport_cExport-noconfig.cmake
[2.236s] -- Up-to-date: /home/arafa/Desktop/Autonomous/MMS/Test/3rfa/2.2nd_week_task/task_ws/install/roboy_info_system_msg/share/roboy_info_system_msg/cmake/export_roboy_info_system_msg__rosidl_generator_cppExport.cmake
[2.236s] -- Up-to-date: /home/arafa/Desktop/Autonomous/MMS/Test/3rfa/2.2nd_week_task/task_ws/install/roboy_info_system_msg/share/roboy_info_system_msg/cmake/export_roboy_info_system_msg__rosidl_typesupport_fastrtps_cppExport.cmake
[2.236s] -- Up-to-date: /home/arafa/Desktop/Autonomous/MMS/Test/3rfa/2.2nd_week_task/task_ws/install/roboy_info_system_msg/share/roboy_info_system_msg/cmake/export_roboy_info_system_msg__rosidl_typesupport_fastrtps_cppExport-noconfig.cmake
[2.236s] -- Up-to-date: /home/arafa/Desktop/Autonomous/MMS/Test/3rfa/2.2nd_week_task/task_ws/install/roboy_info_system_msg/share/roboy_info_system_msg/cmake/roboy_info_system_msg__rosidl_typesupport_introspection_cppExport.cmake
[2.236s] -- Up-to-date: /home/arafa/Desktop/Autonomous/MMS/Test/3rfa/2.2nd_week_task/task_ws/install/roboy_info_system_msg/share/roboy_info_system_msg/cmake/roboy_info_system_msg__rosidl_typesupport_introspection_cppExport-noconfig.cmake
[2.237s] -- Up-to-date: /home/arafa/Desktop/Autonomous/MMS/Test/3rfa/2.2nd_week_task/task_ws/install/roboy_info_system_msg/share/roboy_info_system_msg/cmake/roboy_info_system_msg__rosidl_typesupport_cppExport.cmake
[2.237s] -- Up-to-date: /home/arafa/Desktop/Autonomous/MMS/Test/3rfa/2.2nd_week_task/task_ws/install/roboy_info_system_msg/share/roboy_info_system_msg/cmake/roboy_info_system_msg__rosidl_typesupport_cppExport-noconfig.cmake
[2.237s] -- Up-to-date: /home/arafa/Desktop/Autonomous/MMS/Test/3rfa/2.2nd_week_task/task_ws/install/roboy_info_system_msg/share/roboy_info_system_msg/cmake/export_roboy_info_system_msg__rosidl_generator_pyExport.cmake
[2.237s] -- Up-to-date: /home/arafa/Desktop/Autonomous/MMS/Test/3rfa/2.2nd_week_task/task_ws/install/roboy_info_system_msg/share/roboy_info_system_msg/cmake/export_roboy_info_system_msg__rosidl_generator_pyExport-noconfig.cmake
[2.237s] -- Up-to-date: /home/arafa/Desktop/Autonomous/MMS/Test/3rfa/2.2nd_week_task/task_ws/install/roboy_info_system_msg/share/roboy_info_system_msg/cmake/rosidl_cmake-extras.cmake
[2.237s] -- Up-to-date: /home/arafa/Desktop/Autonomous/MMS/Test/3rfa/2.2nd_week_task/task_ws/install/roboy_info_system_msg/share/roboy_info_system_msg/cmake/ament_cmake_export_dependencies-extras.cmake
[2.237s] -- Up-to-date: /home/arafa/Desktop/Autonomous/MMS/Test/3rfa/2.2nd_week_task/task_ws/install/roboy_info_system_msg/share/roboy_info_system_msg/cmake/ament_cmake_export_include_directories-extras.cmake
[2.237s] -- Up-to-date: /home/arafa/Desktop/Autonomous/MMS/Test/3rfa/2.2nd_week_task/task_ws/install/roboy_info_system_msg/share/roboy_info_system_msg/cmake/ament_cmake_export_libraries-extras.cmake
[2.237s] -- Up-to-date: /home/arafa/Desktop/Autonomous/MMS/Test/3rfa/2.2nd_week_task/task_ws/install/roboy_info_system_msg/share/roboy_info_system_msg/cmake/ament_cmake_export_targets-extras.cmake
[2.238s] -- Up-to-date: /home/arafa/Desktop/Autonomous/MMS/Test/3rfa/2.2nd_week_task/task_ws/install/roboy_info_system_msg/share/roboy_info_system_msg/cmake/rosidl_cmake_export_typesupport_targets-extras.cmake
[2.238s] -- Up-to-date: /home/arafa/Desktop/Autonomous/MMS/Test/3rfa/2.2nd_week_task/task_ws/install/roboy_info_system_msg/share/roboy_info_system_msg/cmake/rosidl_cmake_export_typesupport_libraries-extras.cmake
[2.238s] -- Up-to-date: /home/arafa/Desktop/Autonomous/MMS/Test/3rfa/2.2nd_week_task/task_ws/install/roboy_info_system_msg/share/roboy_info_system_msg/cmake/roboy_info_system_msgConfig.cmake
[2.238s] -- Up-to-date: /home/arafa/Desktop/Autonomous/MMS/Test/3rfa/2.2nd_week_task/task_ws/install/roboy_info_system_msg/share/roboy_info_system_msg/cmake/roboy_info_system_msgConfig-version.cmake
[2.238s] -- Up-to-date: /home/arafa/Desktop/Autonomous/MMS/Test/3rfa/2.2nd_week_task/task_ws/install/roboy_info_system_msg/share/roboy_info_system_msg/package.xml
[2.241s] Invoked command in '/home/arafa/Desktop/Autonomous/MMS/Test/3rfa/2.2nd_week_task/task_ws/build/roboy_info_system_msg' returned '0': CMAKE_PREFIX_PATH=/opt/ros/humble /usr/bin/cmake --install /home/arafa/Desktop/Autonomous/MMS/Test/3rfa/2.2nd_week_task/task_ws/build/roboy_info_system_msg
